Archive member included to satisfy reference by file (symbol)

DFPlayerMini\libdf_player.a(df.c.obj)
                              CMakeFiles/zoner_full.dir/main.c.obj (play_sound_immediatly)
scan_kbd\libscan_kbd.a(scan_kbd.c.obj)
                              CMakeFiles/zoner_full.dir/main.c.obj (KBD_Init)
Zoner\libzoner.a(zoner.c.obj)
                              CMakeFiles/zoner_full.dir/main.c.obj (channel_config)
led_lib\libled_lib.a(led.c.obj)
                              CMakeFiles/zoner_full.dir/main.c.obj (put_pixel)
c:/progra~2/gnuarm~1/102021~1.10/bin/../lib/gcc/arm-none-eabi/10.3.1/thumb/v6-m/nofp\libgcc.a(_dvmd_tls.o)
                              CMakeFiles/zoner_full.dir/C_/Program_Files/Raspberry_Pi/Pico_SDK_v1.5.1/pico-sdk/src/rp2_common/pico_divider/divider.S.obj (__aeabi_idiv0)
c:/progra~2/gnuarm~1/102021~1.10/bin/../lib/gcc/arm-none-eabi/10.3.1/../../../../arm-none-eabi/lib/thumb/v6-m/nofp\libg.a(lib_a-calloc.o)
                              CMakeFiles/zoner_full.dir/C_/Program_Files/Raspberry_Pi/Pico_SDK_v1.5.1/pico-sdk/src/rp2_common/pico_malloc/pico_malloc.c.obj (calloc)
c:/progra~2/gnuarm~1/102021~1.10/bin/../lib/gcc/arm-none-eabi/10.3.1/../../../../arm-none-eabi/lib/thumb/v6-m/nofp\libg.a(lib_a-callocr.o)
                              c:/progra~2/gnuarm~1/102021~1.10/bin/../lib/gcc/arm-none-eabi/10.3.1/../../../../arm-none-eabi/lib/thumb/v6-m/nofp\libg.a(lib_a-calloc.o) (_calloc_r)
c:/progra~2/gnuarm~1/102021~1.10/bin/../lib/gcc/arm-none-eabi/10.3.1/../../../../arm-none-eabi/lib/thumb/v6-m/nofp\libg.a(lib_a-errno.o)
                              c:/progra~2/gnuarm~1/102021~1.10/bin/../lib/gcc/arm-none-eabi/10.3.1/../../../../arm-none-eabi/lib/thumb/v6-m/nofp\libg.a(lib_a-callocr.o) (__errno)
c:/progra~2/gnuarm~1/102021~1.10/bin/../lib/gcc/arm-none-eabi/10.3.1/../../../../arm-none-eabi/lib/thumb/v6-m/nofp\libg.a(lib_a-impure.o)
                              c:/progra~2/gnuarm~1/102021~1.10/bin/../lib/gcc/arm-none-eabi/10.3.1/../../../../arm-none-eabi/lib/thumb/v6-m/nofp\libg.a(lib_a-calloc.o) (_impure_ptr)
c:/progra~2/gnuarm~1/102021~1.10/bin/../lib/gcc/arm-none-eabi/10.3.1/../../../../arm-none-eabi/lib/thumb/v6-m/nofp\libg.a(lib_a-init.o)
                              c:/progra~2/gnuarm~1/102021~1.10/bin/../lib/gcc/arm-none-eabi/10.3.1/../../../../arm-none-eabi/lib/thumb/v6-m/nofp/crt0.o (__libc_init_array)
c:/progra~2/gnuarm~1/102021~1.10/bin/../lib/gcc/arm-none-eabi/10.3.1/../../../../arm-none-eabi/lib/thumb/v6-m/nofp\libg.a(lib_a-malloc.o)
                              CMakeFiles/zoner_full.dir/C_/Program_Files/Raspberry_Pi/Pico_SDK_v1.5.1/pico-sdk/src/rp2_common/pico_malloc/pico_malloc.c.obj (malloc)
c:/progra~2/gnuarm~1/102021~1.10/bin/../lib/gcc/arm-none-eabi/10.3.1/../../../../arm-none-eabi/lib/thumb/v6-m/nofp\libg.a(lib_a-mallocr.o)
                              c:/progra~2/gnuarm~1/102021~1.10/bin/../lib/gcc/arm-none-eabi/10.3.1/../../../../arm-none-eabi/lib/thumb/v6-m/nofp\libg.a(lib_a-callocr.o) (_malloc_r)
c:/progra~2/gnuarm~1/102021~1.10/bin/../lib/gcc/arm-none-eabi/10.3.1/../../../../arm-none-eabi/lib/thumb/v6-m/nofp\libg.a(lib_a-mlock.o)
                              c:/progra~2/gnuarm~1/102021~1.10/bin/../lib/gcc/arm-none-eabi/10.3.1/../../../../arm-none-eabi/lib/thumb/v6-m/nofp\libg.a(lib_a-mallocr.o) (__malloc_lock)
c:/progra~2/gnuarm~1/102021~1.10/bin/../lib/gcc/arm-none-eabi/10.3.1/../../../../arm-none-eabi/lib/thumb/v6-m/nofp\libg.a(lib_a-realloc.o)
                              CMakeFiles/zoner_full.dir/C_/Program_Files/Raspberry_Pi/Pico_SDK_v1.5.1/pico-sdk/src/rp2_common/pico_malloc/pico_malloc.c.obj (realloc)
c:/progra~2/gnuarm~1/102021~1.10/bin/../lib/gcc/arm-none-eabi/10.3.1/../../../../arm-none-eabi/lib/thumb/v6-m/nofp\libg.a(lib_a-reallocr.o)
                              c:/progra~2/gnuarm~1/102021~1.10/bin/../lib/gcc/arm-none-eabi/10.3.1/../../../../arm-none-eabi/lib/thumb/v6-m/nofp\libg.a(lib_a-realloc.o) (_realloc_r)
c:/progra~2/gnuarm~1/102021~1.10/bin/../lib/gcc/arm-none-eabi/10.3.1/../../../../arm-none-eabi/lib/thumb/v6-m/nofp\libg.a(lib_a-sbrkr.o)
                              c:/progra~2/gnuarm~1/102021~1.10/bin/../lib/gcc/arm-none-eabi/10.3.1/../../../../arm-none-eabi/lib/thumb/v6-m/nofp\libg.a(lib_a-mallocr.o) (_sbrk_r)
c:/progra~2/gnuarm~1/102021~1.10/bin/../lib/gcc/arm-none-eabi/10.3.1/../../../../arm-none-eabi/lib/thumb/v6-m/nofp\libg.a(lib_a-strlen-stub.o)
                              CMakeFiles/zoner_full.dir/C_/Program_Files/Raspberry_Pi/Pico_SDK_v1.5.1/pico-sdk/src/rp2_common/pico_stdio/stdio.c.obj (strlen)
c:/progra~2/gnuarm~1/102021~1.10/bin/../lib/gcc/arm-none-eabi/10.3.1/../../../../arm-none-eabi/lib/thumb/v6-m/nofp\libg.a(lib_a-freer.o)
                              c:/progra~2/gnuarm~1/102021~1.10/bin/../lib/gcc/arm-none-eabi/10.3.1/../../../../arm-none-eabi/lib/thumb/v6-m/nofp\libg.a(lib_a-malloc.o) (_free_r)
[...]
Memory Configuration

Name             Origin             Length             Attributes
FLASH            0x10000000         0x00200000         xr
RAM              0x20000000         0x00040000         xrw
SCRATCH_X        0x20040000         0x00001000         xrw
SCRATCH_Y        0x20041000         0x00001000         xrw
*default*        0x00000000         0xffffffff

Linker script and memory map

LOAD c:/progra~2/gnuarm~1/102021~1.10/bin/../lib/gcc/arm-none-eabi/10.3.1/thumb/v6-m/nofp/crti.o
LOAD c:/progra~2/gnuarm~1/102021~1.10/bin/../lib/gcc/arm-none-eabi/10.3.1/thumb/v6-m/nofp/crtbegin.o
LOAD c:/progra~2/gnuarm~1/102021~1.10/bin/../lib/gcc/arm-none-eabi/10.3.1/../../../../arm-none-eabi/lib/thumb/v6-m/nofp/crt0.o

.flash_begin    0x10000000        0x0
                0x10000000                __flash_binary_start = .

.boot2          0x10000000      0x100
                0x10000000                __boot2_start__ = .
 *(.boot2)
 .boot2         0x10000000      0x100 C:\Users\admin\AppData\Local\Temp\ccWCxuMj.o
                0x10000100                __boot2_end__ = .
                0x00000001                ASSERT (((__boot2_end__ - __boot2_start__) == 0x100), ERROR: Pico second stage bootloader must be 256 bytes in size)

.text           0x10000100     0x9730
                0x10000100                __logical_binary_start = .
 *(.vectors)
 .vectors       0x10000100       0xd4 CMakeFiles/zoner_full.dir/C_/Program_Files/Raspberry_Pi/Pico_SDK_v1.5.1/pico-sdk/src/rp2_common/pico_standard_link/crt0.S.obj
                0x10000100                __VECTOR_TABLE
                0x10000100                __vectors
                0x100001c0                isr_invalid
                0x100001c0                __default_isrs_start
                0x100001c2                isr_nmi
                0x100001c4                isr_hardfault
                0x100001c6                isr_svcall
                0x100001c8                isr_pendsv
                0x100001ca                isr_systick
                0x100001cc                isr_irq23
                0x100001cc                isr_irq18
                0x100001cc                isr_irq11
                0x100001cc                isr_irq28
                0x100001cc                isr_irq19
                0x100001cc                isr_irq0
                0x100001cc                isr_irq6
                0x100001cc                isr_irq5
                0x100001cc                isr_irq12
                0x100001cc                isr_irq22
                0x100001cc                isr_irq31
                0x100001cc                isr_irq17
                0x100001cc                isr_irq27
                0x100001cc                isr_irq30
                0x100001cc                isr_irq2
                0x100001cc                isr_irq10
                0x100001cc                isr_irq8
                0x100001cc                isr_irq24
                0x100001cc                isr_irq1
                0x100001cc                isr_irq7
                0x100001cc                isr_irq21
                0x100001cc                isr_irq20
                0x100001cc                isr_irq15
                0x100001cc                isr_irq25
                0x100001cc                isr_irq13
                0x100001cc                __unhandled_user_irq
                0x100001cc                isr_irq4
                0x100001cc                isr_irq16
                0x100001cc                isr_irq29
                0x100001cc                isr_irq26
                0x100001cc                __default_isrs_end
                0x100001cc                isr_irq3
                0x100001cc                isr_irq14
                0x100001cc                isr_irq9
                0x100001d2                unhandled_user_irq_num_in_r0
 *(.binary_info_header)
 .binary_info_header
                0x100001d4       0x14 CMakeFiles/zoner_full.dir/C_/Program_Files/Raspberry_Pi/Pico_SDK_v1.5.1/pico-sdk/src/rp2_common/pico_standard_link/crt0.S.obj
                0x100001e8                __binary_info_header_end = .
 *(.reset)
 .reset         0x100001e8       0xa0 CMakeFiles/zoner_full.dir/C_/Program_Files/Raspberry_Pi/Pico_SDK_v1.5.1/pico-sdk/src/rp2_common/pico_standard_link/crt0.S.obj
                0x100001e8                _entry_point
 .reset         0x10000288       0x30 CMakeFiles/zoner_full.dir/C_/Program_Files/Raspberry_Pi/Pico_SDK_v1.5.1/pico-sdk/src/rp2_common/pico_standard_link/binary_info.c.obj
 *(.init)
 .init          0x100002b8        0x4 c:/progra~2/gnuarm~1/102021~1.10/bin/../lib/gcc/arm-none-eabi/10.3.1/thumb/v6-m/nofp/crti.o
                0x100002b8                _init
 *(EXCLUDE_FILE(*libm.a: *libc.a:*lib_a-mem*.o *libgcc.a:) .text*)
 .text          0x100002bc       0x48 c:/progra~2/gnuarm~1/102021~1.10/bin/../lib/gcc/arm-none-eabi/10.3.1/thumb/v6-m/nofp/crtbegin.o
 .text.transmit_func
                0x10000304      0x41c CMakeFiles/zoner_full.dir/main.c.obj
                0x10000304                transmit_func
 .text.uart_pio_program_init
                0x10000720      0x16c CMakeFiles/zoner_full.dir/main.c.obj
 .text.poll_led
                0x1000088c      0x934 CMakeFiles/zoner_full.dir/main.c.obj
                0x1000088c                poll_led
 .text.main     0x100011c0      0x134 CMakeFiles/zoner_full.dir/main.c.obj
                0x100011c0                main
 .text.gpio_set_function
                0x100012f4       0x30 CMakeFiles/zoner_full.dir/C_/Program_Files/Raspberry_Pi/Pico_SDK_v1.5.1/pico-sdk/src/rp2_common/hardware_gpio/gpio.c.obj
                0x100012f4                gpio_set_function
 .text.gpio_set_pulls
                0x10001324       0x34 CMakeFiles/zoner_full.dir/C_/Program_Files/Raspberry_Pi/Pico_SDK_v1.5.1/pico-sdk/src/rp2_common/hardware_gpio/gpio.c.obj
                0x10001324                gpio_set_pulls
 .text.gpio_set_irq_callback
                0x10001358       0x48 CMakeFiles/zoner_full.dir/C_/Program_Files/Raspberry_Pi/Pico_SDK_v1.5.1/pico-sdk/src/rp2_common/hardware_gpio/gpio.c.obj
                0x10001358                gpio_set_irq_callback
 .text.gpio_acknowledge_irq
                0x100013a0       0x18 CMakeFiles/zoner_full.dir/C_/Program_Files/Raspberry_Pi/Pico_SDK_v1.5.1/pico-sdk/src/rp2_common/hardware_gpio/gpio.c.obj
                0x100013a0                gpio_acknowledge_irq
 .text._gpio_set_irq_enabled
                0x100013b8       0x34 CMakeFiles/zoner_full.dir/C_/Program_Files/Raspberry_Pi/Pico_SDK_v1.5.1/pico-sdk/src/rp2_common/hardware_gpio/gpio.c.obj
 .text.gpio_set_irq_enabled
                0x100013ec       0x20 CMakeFiles/zoner_full.dir/C_/Program_Files/Raspberry_Pi/Pico_SDK_v1.5.1/pico-sdk/src/rp2_common/hardware_gpio/gpio.c.obj
                0x100013ec                gpio_set_irq_enabled
 .text.gpio_set_irq_enabled_with_callback
                0x1000140c       0x20 CMakeFiles/zoner_full.dir/C_/Program_Files/Raspberry_Pi/Pico_SDK_v1.5.1/pico-sdk/src/rp2_common/hardware_gpio/gpio.c.obj
                0x1000140c                gpio_set_irq_enabled_with_callback
 .text.gpio_default_irq_handler
                0x1000142c       0x98 CMakeFiles/zoner_full.dir/C_/Program_Files/Raspberry_Pi/Pico_SDK_v1.5.1/pico-sdk/src/rp2_common/hardware_gpio/gpio.c.obj
 .text.gpio_init
                0x100014c4       0x16 CMakeFiles/zoner_full.dir/C_/Program_Files/Raspberry_Pi/Pico_SDK_v1.5.1/pico-sdk/src/rp2_common/hardware_gpio/gpio.c.obj
                0x100014c4                gpio_init
 *fill*         0x100014da        0x2 
 .text.running_on_fpga
                0x100014dc       0x14 CMakeFiles/zoner_full.dir/C_/Program_Files/Raspberry_Pi/Pico_SDK_v1.5.1/pico-sdk/src/rp2_common/pico_platform/platform.c.obj
                0x100014dc                running_on_fpga
 .text.hw_claim_lock
                0x100014f0       0x18 CMakeFiles/zoner_full.dir/C_/Program_Files/Raspberry_Pi/Pico_SDK_v1.5.1/pico-sdk/src/rp2_common/hardware_claim/claim.c.obj
                0x100014f0                hw_claim_lock
 .text.hw_claim_unlock
                0x10001508       0x14 CMakeFiles/zoner_full.dir/C_/Program_Files/Raspberry_Pi/Pico_SDK_v1.5.1/pico-sdk/src/rp2_common/hardware_claim/claim.c.obj
                0x10001508                hw_claim_unlock
 .text.hw_claim_or_assert
                0x1000151c       0x32 CMakeFiles/zoner_full.dir/C_/Program_Files/Raspberry_Pi/Pico_SDK_v1.5.1/pico-sdk/src/rp2_common/hardware_claim/claim.c.obj
                0x1000151c                hw_claim_or_assert
 .text.hw_claim_unused_from_range
                0x1000154e       0x50 CMakeFiles/zoner_full.dir/C_/Program_Files/Raspberry_Pi/Pico_SDK_v1.5.1/pico-sdk/src/rp2_common/hardware_claim/claim.c.obj
                0x1000154e                hw_claim_unused_from_range
 *fill*         0x1000159e        0x2 
 .text.spin_locks_reset
                0x100015a0       0x20 CMakeFiles/zoner_full.dir/C_/Program_Files/Raspberry_Pi/Pico_SDK_v1.5.1/pico-sdk/src/rp2_common/hardware_sync/sync.c.obj
                0x100015a0                spin_locks_reset
 .text.next_striped_spin_lock_num
                0x100015c0       0x1c CMakeFiles/zoner_full.dir/C_/Program_Files/Raspberry_Pi/Pico_SDK_v1.5.1/pico-sdk/src/rp2_common/hardware_sync/sync.c.obj
                0x100015c0                next_striped_spin_lock_num
 .text.spin_lock_claim_unused
                0x100015dc       0x20 CMakeFiles/zoner_full.dir/C_/Program_Files/Raspberry_Pi/Pico_SDK_v1.5.1/pico-sdk/src/rp2_common/hardware_sync/sync.c.obj
                0x100015dc                spin_lock_claim_unused
 .text.set_raw_irq_handler_and_unlock
                0x100015fc       0x28 CMakeFiles/zoner_full.dir/C_/Program_Files/Raspberry_Pi/Pico_SDK_v1.5.1/pico-sdk/src/rp2_common/hardware_irq/irq.c.obj
 .text.make_branch
                0x10001624       0x48 CMakeFiles/zoner_full.dir/C_/Program_Files/Raspberry_Pi/Pico_SDK_v1.5.1/pico-sdk/src/rp2_common/hardware_irq/irq.c.obj
 .text.insert_branch_and_link
                0x1000166c       0x40 CMakeFiles/zoner_full.dir/C_/Program_Files/Raspberry_Pi/Pico_SDK_v1.5.1/pico-sdk/src/rp2_common/hardware_irq/irq.c.obj
 .text.irq_is_enabled
                0x100016ac       0x18 CMakeFiles/zoner_full.dir/C_/Program_Files/Raspberry_Pi/Pico_SDK_v1.5.1/pico-sdk/src/rp2_common/hardware_irq/irq.c.obj
                0x100016ac                irq_is_enabled
 .text.irq_set_mask_enabled
                0x100016c4       0x20 CMakeFiles/zoner_full.dir/C_/Program_Files/Raspberry_Pi/Pico_SDK_v1.5.1/pico-sdk/src/rp2_common/hardware_irq/irq.c.obj
                0x100016c4                irq_set_mask_enabled
 .text.irq_set_enabled
                0x100016e4        0xe CMakeFiles/zoner_full.dir/C_/Program_Files/Raspberry_Pi/Pico_SDK_v1.5.1/pico-sdk/src/rp2_common/hardware_irq/irq.c.obj
                0x100016e4                irq_set_enabled
 *fill*         0x100016f2        0x2 
 .text.irq_set_pending
                0x100016f4       0x10 CMakeFiles/zoner_full.dir/C_/Program_Files/Raspberry_Pi/Pico_SDK_v1.5.1/pico-sdk/src/rp2_common/hardware_irq/irq.c.obj
                0x100016f4                irq_set_pending
 .text.irq_get_vtable_handler
                0x10001704       0x10 CMakeFiles/zoner_full.dir/C_/Program_Files/Raspberry_Pi/Pico_SDK_v1.5.1/pico-sdk/src/rp2_common/hardware_irq/irq.c.obj
                0x10001704                irq_get_vtable_handler
 .text.irq_has_shared_handler
                0x10001714       0x24 CMakeFiles/zoner_full.dir/C_/Program_Files/Raspberry_Pi/Pico_SDK_v1.5.1/pico-sdk/src/rp2_common/hardware_irq/irq.c.obj
                0x10001714                irq_has_shared_handler
 .text.irq_set_exclusive_handler
                0x10001738       0x54 CMakeFiles/zoner_full.dir/C_/Program_Files/Raspberry_Pi/Pico_SDK_v1.5.1/pico-sdk/src/rp2_common/hardware_irq/irq.c.obj
                0x10001738                irq_set_exclusive_handler
 .text.irq_add_shared_handler
                0x1000178c      0x234 CMakeFiles/zoner_full.dir/C_/Program_Files/Raspberry_Pi/Pico_SDK_v1.5.1/pico-sdk/src/rp2_common/hardware_irq/irq.c.obj
                0x1000178c                irq_add_shared_handler
 .text.irq_remove_handler
                0x100019c0      0x1ac CMakeFiles/zoner_full.dir/C_/Program_Files/Raspberry_Pi/Pico_SDK_v1.5.1/pico-sdk/src/rp2_common/hardware_irq/irq.c.obj
                0x100019c0                irq_remove_handler
 .text.irq_add_tail_to_free_list
                0x10001b6c       0xf0 CMakeFiles/zoner_full.dir/C_/Program_Files/Raspberry_Pi/Pico_SDK_v1.5.1/pico-sdk/src/rp2_common/hardware_irq/irq.c.obj
                0x10001b6c                irq_add_tail_to_free_list
 .text.irq_init_priorities
                0x10001c5c       0x1c CMakeFiles/zoner_full.dir/C_/Program_Files/Raspberry_Pi/Pico_SDK_v1.5.1/pico-sdk/src/rp2_common/hardware_irq/irq.c.obj
                0x10001c5c                irq_init_priorities
 .text.user_irq_claim_unused
                0x10001c78       0x28 CMakeFiles/zoner_full.dir/C_/Program_Files/Raspberry_Pi/Pico_SDK_v1.5.1/pico-sdk/src/rp2_common/hardware_irq/irq.c.obj
                0x10001c78                user_irq_claim_unused
 .text.lock_init
                0x10001ca0       0x10 CMakeFiles/zoner_full.dir/C_/Program_Files/Raspberry_Pi/Pico_SDK_v1.5.1/pico-sdk/src/common/pico_sync/lock_core.c.obj
                0x10001ca0                lock_init
 .text.mutex_init
                0x10001cb0       0x1a CMakeFiles/zoner_full.dir/C_/Program_Files/Raspberry_Pi/Pico_SDK_v1.5.1/pico-sdk/src/common/pico_sync/mutex.c.obj
                0x10001cb0                mutex_init
 .text.recursive_mutex_init
                0x10001cca       0x1e CMakeFiles/zoner_full.dir/C_/Program_Files/Raspberry_Pi/Pico_SDK_v1.5.1/pico-sdk/src/common/pico_sync/mutex.c.obj
                0x10001cca                recursive_mutex_init
 .text.critical_section_init_with_lock_num
                0x10001ce8       0x14 CMakeFiles/zoner_full.dir/C_/Program_Files/Raspberry_Pi/Pico_SDK_v1.5.1/pico-sdk/src/common/pico_sync/critical_section.c.obj
                0x10001ce8                critical_section_init_with_lock_num
 .text.critical_section_init
                0x10001cfc       0x14 CMakeFiles/zoner_full.dir/C_/Program_Files/Raspberry_Pi/Pico_SDK_v1.5.1/pico-sdk/src/common/pico_sync/critical_section.c.obj
                0x10001cfc                critical_section_init
 .text.alarm_pool_post_alloc_init
                0x10001d10       0x40 CMakeFiles/zoner_full.dir/C_/Program_Files/Raspberry_Pi/Pico_SDK_v1.5.1/pico-sdk/src/common/pico_time/time.c.obj
 .text.sleep_until_callback
                0x10001d50       0x30 CMakeFiles/zoner_full.dir/C_/Program_Files/Raspberry_Pi/Pico_SDK_v1.5.1/pico-sdk/src/common/pico_time/time.c.obj
 .text.timer_pool_entry_comparator
                0x10001d80       0x7c CMakeFiles/zoner_full.dir/C_/Program_Files/Raspberry_Pi/Pico_SDK_v1.5.1/pico-sdk/src/common/pico_time/time.c.obj
                0x10001d80                timer_pool_entry_comparator
 .text.ph_add_child_node
                0x10001dfc       0xa4 CMakeFiles/zoner_full.dir/C_/Program_Files/Raspberry_Pi/Pico_SDK_v1.5.1/pico-sdk/src/common/pico_time/time.c.obj
 .text.ph_merge_nodes
                0x10001ea0       0x3e CMakeFiles/zoner_full.dir/C_/Program_Files/Raspberry_Pi/Pico_SDK_v1.5.1/pico-sdk/src/common/pico_time/time.c.obj
 *fill*         0x10001ede        0x2 
 .text.add_alarm_under_lock
                0x10001ee0      0x174 CMakeFiles/zoner_full.dir/C_/Program_Files/Raspberry_Pi/Pico_SDK_v1.5.1/pico-sdk/src/common/pico_time/time.c.obj
 .text.alarm_pool_alarm_callback
                0x10002054      0x33c CMakeFiles/zoner_full.dir/C_/Program_Files/Raspberry_Pi/Pico_SDK_v1.5.1/pico-sdk/src/common/pico_time/time.c.obj
 .text.alarm_pool_init_default
                0x10002390       0x40 CMakeFiles/zoner_full.dir/C_/Program_Files/Raspberry_Pi/Pico_SDK_v1.5.1/pico-sdk/src/common/pico_time/time.c.obj
                0x10002390                alarm_pool_init_default
 .text.alarm_pool_get_default
                0x100023d0       0x2c CMakeFiles/zoner_full.dir/C_/Program_Files/Raspberry_Pi/Pico_SDK_v1.5.1/pico-sdk/src/common/pico_time/time.c.obj
                0x100023d0                alarm_pool_get_default
 .text.alarm_pool_add_alarm_at
                0x100023fc      0x168 CMakeFiles/zoner_full.dir/C_/Program_Files/Raspberry_Pi/Pico_SDK_v1.5.1/pico-sdk/src/common/pico_time/time.c.obj
                0x100023fc                alarm_pool_add_alarm_at
 .text.alarm_pool_cancel_alarm
                0x10002564       0xf8 CMakeFiles/zoner_full.dir/C_/Program_Files/Raspberry_Pi/Pico_SDK_v1.5.1/pico-sdk/src/common/pico_time/time.c.obj
                0x10002564                alarm_pool_cancel_alarm
 .text.alarm_pool_core_num
                0x1000265c        0x4 CMakeFiles/zoner_full.dir/C_/Program_Files/Raspberry_Pi/Pico_SDK_v1.5.1/pico-sdk/src/common/pico_time/time.c.obj
                0x1000265c                alarm_pool_core_num
 .text.sleep_until
                0x10002660       0xfc CMakeFiles/zoner_full.dir/C_/Program_Files/Raspberry_Pi/Pico_SDK_v1.5.1/pico-sdk/src/common/pico_time/time.c.obj
                0x10002660                sleep_until
 .text.sleep_us
                0x1000275c       0x58 CMakeFiles/zoner_full.dir/C_/Program_Files/Raspberry_Pi/Pico_SDK_v1.5.1/pico-sdk/src/common/pico_time/time.c.obj
                0x1000275c                sleep_us
 .text.sleep_ms
                0x100027b4       0x14 CMakeFiles/zoner_full.dir/C_/Program_Files/Raspberry_Pi/Pico_SDK_v1.5.1/pico-sdk/src/common/pico_time/time.c.obj
                0x100027b4                sleep_ms
 .text.best_effort_wfe_or_timeout
                0x100027c8       0xac CMakeFiles/zoner_full.dir/C_/Program_Files/Raspberry_Pi/Pico_SDK_v1.5.1/pico-sdk/src/common/pico_time/time.c.obj
                0x100027c8                best_effort_wfe_or_timeout
 .text.hardware_alarm_irq_handler
                0x10002874       0x90 CMakeFiles/zoner_full.dir/C_/Program_Files/Raspberry_Pi/Pico_SDK_v1.5.1/pico-sdk/src/rp2_common/hardware_timer/timer.c.obj
 .text.hardware_alarm_claim
                0x10002904       0x18 CMakeFiles/zoner_full.dir/C_/Program_Files/Raspberry_Pi/Pico_SDK_v1.5.1/pico-sdk/src/rp2_common/hardware_timer/timer.c.obj
                0x10002904                hardware_alarm_claim
 .text.time_us_64
                0x1000291c       0x18 CMakeFiles/zoner_full.dir/C_/Program_Files/Raspberry_Pi/Pico_SDK_v1.5.1/pico-sdk/src/rp2_common/hardware_timer/timer.c.obj
                0x1000291c                time_us_64
 .text.busy_wait_until
                0x10002934       0x28 CMakeFiles/zoner_full.dir/C_/Program_Files/Raspberry_Pi/Pico_SDK_v1.5.1/pico-sdk/src/rp2_common/hardware_timer/timer.c.obj
                0x10002934                busy_wait_until
 .text.busy_wait_us
                0x1000295c       0x48 CMakeFiles/zoner_full.dir/C_/Program_Files/Raspberry_Pi/Pico_SDK_v1.5.1/pico-sdk/src/rp2_common/hardware_timer/timer.c.obj
                0x1000295c                busy_wait_us
 .text.hardware_alarm_set_callback
                0x100029a4       0x90 CMakeFiles/zoner_full.dir/C_/Program_Files/Raspberry_Pi/Pico_SDK_v1.5.1/pico-sdk/src/rp2_common/hardware_timer/timer.c.obj
                0x100029a4                hardware_alarm_set_callback
 .text.hardware_alarm_set_target
                0x10002a34       0xe8 CMakeFiles/zoner_full.dir/C_/Program_Files/Raspberry_Pi/Pico_SDK_v1.5.1/pico-sdk/src/rp2_common/hardware_timer/timer.c.obj
                0x10002a34                hardware_alarm_set_target
 .text.hardware_alarm_cancel
                0x10002b1c       0x40 CMakeFiles/zoner_full.dir/C_/Program_Files/Raspberry_Pi/Pico_SDK_v1.5.1/pico-sdk/src/rp2_common/hardware_timer/timer.c.obj
                0x10002b1c                hardware_alarm_cancel
 .text.ph_add_child_node
                0x10002b5c       0xa4 CMakeFiles/zoner_full.dir/C_/Program_Files/Raspberry_Pi/Pico_SDK_v1.5.1/pico-sdk/src/common/pico_util/pheap.c.obj
 .text.ph_merge_nodes
                0x10002c00       0x3e CMakeFiles/zoner_full.dir/C_/Program_Files/Raspberry_Pi/Pico_SDK_v1.5.1/pico-sdk/src/common/pico_util/pheap.c.obj
 *fill*         0x10002c3e        0x2 
 .text.ph_clear
                0x10002c40       0x70 CMakeFiles/zoner_full.dir/C_/Program_Files/Raspberry_Pi/Pico_SDK_v1.5.1/pico-sdk/src/common/pico_util/pheap.c.obj
                0x10002c40                ph_clear
 .text.ph_post_alloc_init
                0x10002cb0        0xe CMakeFiles/zoner_full.dir/C_/Program_Files/Raspberry_Pi/Pico_SDK_v1.5.1/pico-sdk/src/common/pico_util/pheap.c.obj
                0x10002cb0                ph_post_alloc_init
 *fill*         0x10002cbe        0x2 
 .text.ph_merge_two_pass
                0x10002cc0       0xa8 CMakeFiles/zoner_full.dir/C_/Program_Files/Raspberry_Pi/Pico_SDK_v1.5.1/pico-sdk/src/common/pico_util/pheap.c.obj
                0x10002cc0                ph_merge_two_pass
 .text.ph_remove_any_head
                0x10002d68      0x128 CMakeFiles/zoner_full.dir/C_/Program_Files/Raspberry_Pi/Pico_SDK_v1.5.1/pico-sdk/src/common/pico_util/pheap.c.obj
 .text.ph_remove_head
                0x10002e90       0x14 CMakeFiles/zoner_full.dir/C_/Program_Files/Raspberry_Pi/Pico_SDK_v1.5.1/pico-sdk/src/common/pico_util/pheap.c.obj
                0x10002e90                ph_remove_head
 .text.ph_remove_and_free_node
                0x10002ea4       0xf8 CMakeFiles/zoner_full.dir/C_/Program_Files/Raspberry_Pi/Pico_SDK_v1.5.1/pico-sdk/src/common/pico_util/pheap.c.obj
                0x10002ea4                ph_remove_and_free_node
 .text.uart_disable_before_lcr_write
                0x10002f9c       0x48 CMakeFiles/zoner_full.dir/C_/Program_Files/Raspberry_Pi/Pico_SDK_v1.5.1/pico-sdk/src/rp2_common/hardware_uart/uart.c.obj
 .text.uart_write_lcr_bits_masked
                0x10002fe4       0x22 CMakeFiles/zoner_full.dir/C_/Program_Files/Raspberry_Pi/Pico_SDK_v1.5.1/pico-sdk/src/rp2_common/hardware_uart/uart.c.obj
 *fill*         0x10003006        0x2 
 .text.uart_set_baudrate
                0x10003008       0x5c CMakeFiles/zoner_full.dir/C_/Program_Files/Raspberry_Pi/Pico_SDK_v1.5.1/pico-sdk/src/rp2_common/hardware_uart/uart.c.obj
                0x10003008                uart_set_baudrate
 .text.uart_set_format
                0x10003064       0x2c CMakeFiles/zoner_full.dir/C_/Program_Files/Raspberry_Pi/Pico_SDK_v1.5.1/pico-sdk/src/rp2_common/hardware_uart/uart.c.obj
                0x10003064                uart_set_format
 .text.uart_set_translate_crlf
                0x10003090       0x28 CMakeFiles/zoner_full.dir/C_/Program_Files/Raspberry_Pi/Pico_SDK_v1.5.1/pico-sdk/src/rp2_common/hardware_uart/uart.c.obj
                0x10003090                uart_set_translate_crlf
 .text.uart_init
                0x100030b8       0x80 CMakeFiles/zoner_full.dir/C_/Program_Files/Raspberry_Pi/Pico_SDK_v1.5.1/pico-sdk/src/rp2_common/hardware_uart/uart.c.obj
                0x100030b8                uart_init
 .text.clock_configure
                0x10003138      0x108 CMakeFiles/zoner_full.dir/C_/Program_Files/Raspberry_Pi/Pico_SDK_v1.5.1/pico-sdk/src/rp2_common/hardware_clocks/clocks.c.obj
                0x10003138                clock_configure
 .text.clocks_init
                0x10003240      0x100 CMakeFiles/zoner_full.dir/C_/Program_Files/Raspberry_Pi/Pico_SDK_v1.5.1/pico-sdk/src/rp2_common/hardware_clocks/clocks.c.obj
                0x10003240                clocks_init
 .text.clock_get_hz
                0x10003340        0xc CMakeFiles/zoner_full.dir/C_/Program_Files/Raspberry_Pi/Pico_SDK_v1.5.1/pico-sdk/src/rp2_common/hardware_clocks/clocks.c.obj
                0x10003340                clock_get_hz
 .text.pll_init
                0x1000334c      0x120 CMakeFiles/zoner_full.dir/C_/Program_Files/Raspberry_Pi/Pico_SDK_v1.5.1/pico-sdk/src/rp2_common/hardware_pll/pll.c.obj
                0x1000334c                pll_init
 .text.watchdog_start_tick
                0x1000346c       0x10 CMakeFiles/zoner_full.dir/C_/Program_Files/Raspberry_Pi/Pico_SDK_v1.5.1/pico-sdk/src/rp2_common/hardware_watchdog/watchdog.c.obj
                0x1000346c                watchdog_start_tick
 .text.watchdog_update
                0x1000347c       0x14 CMakeFiles/zoner_full.dir/C_/Program_Files/Raspberry_Pi/Pico_SDK_v1.5.1/pico-sdk/src/rp2_common/hardware_watchdog/watchdog.c.obj
                0x1000347c                watchdog_update
 .text._watchdog_enable
                0x10003490       0x78 CMakeFiles/zoner_full.dir/C_/Program_Files/Raspberry_Pi/Pico_SDK_v1.5.1/pico-sdk/src/rp2_common/hardware_watchdog/watchdog.c.obj
                0x10003490                _watchdog_enable
 .text.watchdog_reboot
                0x10003508       0x48 CMakeFiles/zoner_full.dir/C_/Program_Files/Raspberry_Pi/Pico_SDK_v1.5.1/pico-sdk/src/rp2_common/hardware_watchdog/watchdog.c.obj
                0x10003508                watchdog_reboot
 .text.xosc_init
                0x10003550       0x28 CMakeFiles/zoner_full.dir/C_/Program_Files/Raspberry_Pi/Pico_SDK_v1.5.1/pico-sdk/src/rp2_common/hardware_xosc/xosc.c.obj
                0x10003550                xosc_init
 .text._exit    0x10003578        0x4 CMakeFiles/zoner_full.dir/C_/Program_Files/Raspberry_Pi/Pico_SDK_v1.5.1/pico-sdk/src/rp2_common/pico_runtime/runtime.c.obj
                0x10003578                _exit
 .text.exit     0x1000357c        0x6 CMakeFiles/zoner_full.dir/C_/Program_Files/Raspberry_Pi/Pico_SDK_v1.5.1/pico-sdk/src/rp2_common/pico_runtime/runtime.c.obj
                0x1000357c                exit
 *fill*         0x10003582        0x2 
 .text.__assert_func
                0x10003584       0x3c CMakeFiles/zoner_full.dir/C_/Program_Files/Raspberry_Pi/Pico_SDK_v1.5.1/pico-sdk/src/rp2_common/pico_runtime/runtime.c.obj
                0x10003584                __assert_func
 .text.runtime_init
                0x100035c0       0xf8 CMakeFiles/zoner_full.dir/C_/Program_Files/Raspberry_Pi/Pico_SDK_v1.5.1/pico-sdk/src/rp2_common/pico_runtime/runtime.c.obj
                0x100035c0                runtime_init
 .text.panic    0x100036b8       0x30 CMakeFiles/zoner_full.dir/C_/Program_Files/Raspberry_Pi/Pico_SDK_v1.5.1/pico-sdk/src/rp2_common/pico_runtime/runtime.c.obj
                0x100036b8                panic
 .text._out_null
                0x100036e8        0x2 CMakeFiles/zoner_full.dir/C_/Program_Files/Raspberry_Pi/Pico_SDK_v1.5.1/pico-sdk/src/rp2_common/pico_printf/printf.c.obj
 .text._out_fct
                0x100036ea        0xe CMakeFiles/zoner_full.dir/C_/Program_Files/Raspberry_Pi/Pico_SDK_v1.5.1/pico-sdk/src/rp2_common/pico_printf/printf.c.obj
 .text._atoi    0x100036f8       0x24 CMakeFiles/zoner_full.dir/C_/Program_Files/Raspberry_Pi/Pico_SDK_v1.5.1/pico-sdk/src/rp2_common/pico_printf/printf.c.obj
 .text._out_rev
                0x1000371c       0xae CMakeFiles/zoner_full.dir/C_/Program_Files/Raspberry_Pi/Pico_SDK_v1.5.1/pico-sdk/src/rp2_common/pico_printf/printf.c.obj
 .text._ntoa_format
                0x100037ca      0x112 CMakeFiles/zoner_full.dir/C_/Program_Files/Raspberry_Pi/Pico_SDK_v1.5.1/pico-sdk/src/rp2_common/pico_printf/printf.c.obj
 .text._ntoa_long
                0x100038dc       0xbc CMakeFiles/zoner_full.dir/C_/Program_Files/Raspberry_Pi/Pico_SDK_v1.5.1/pico-sdk/src/rp2_common/pico_printf/printf.c.obj
 .text._ntoa_long_long
                0x10003998       0xe2 CMakeFiles/zoner_full.dir/C_/Program_Files/Raspberry_Pi/Pico_SDK_v1.5.1/pico-sdk/src/rp2_common/pico_printf/printf.c.obj
 *fill*         0x10003a7a        0x2 
 .text._etoa    0x10003a7c      0x414 CMakeFiles/zoner_full.dir/C_/Program_Files/Raspberry_Pi/Pico_SDK_v1.5.1/pico-sdk/src/rp2_common/pico_printf/printf.c.obj
 .text._ftoa    0x10003e90      0x354 CMakeFiles/zoner_full.dir/C_/Program_Files/Raspberry_Pi/Pico_SDK_v1.5.1/pico-sdk/src/rp2_common/pico_printf/printf.c.obj
 .text._vsnprintf
                0x100041e4      0x624 CMakeFiles/zoner_full.dir/C_/Program_Files/Raspberry_Pi/Pico_SDK_v1.5.1/pico-sdk/src/rp2_common/pico_printf/printf.c.obj
 .text.vfctprintf
                0x10004808       0x20 CMakeFiles/zoner_full.dir/C_/Program_Files/Raspberry_Pi/Pico_SDK_v1.5.1/pico-sdk/src/rp2_common/pico_printf/printf.c.obj
                0x10004808                vfctprintf
 .text          0x10004828       0x10 CMakeFiles/zoner_full.dir/C_/Program_Files/Raspberry_Pi/Pico_SDK_v1.5.1/pico-sdk/src/rp2_common/pico_bit_ops/bit_ops_aeabi.S.obj
 .text.ctzsi    0x10004838        0xc CMakeFiles/zoner_full.dir/C_/Program_Files/Raspberry_Pi/Pico_SDK_v1.5.1/pico-sdk/src/rp2_common/pico_bit_ops/bit_ops_aeabi.S.obj
                0x10004838                __wrap___ctzsi2
 .text.rom_func_lookup
                0x10004844       0x10 CMakeFiles/zoner_full.dir/C_/Program_Files/Raspberry_Pi/Pico_SDK_v1.5.1/pico-sdk/src/rp2_common/pico_bootrom/bootrom.c.obj
                0x10004844                rom_func_lookup
 .text.rom_data_lookup
                0x10004854       0x10 CMakeFiles/zoner_full.dir/C_/Program_Files/Raspberry_Pi/Pico_SDK_v1.5.1/pico-sdk/src/rp2_common/pico_bootrom/bootrom.c.obj
                0x10004854                rom_data_lookup
 .text.rom_funcs_lookup
                0x10004864       0x36 CMakeFiles/zoner_full.dir/C_/Program_Files/Raspberry_Pi/Pico_SDK_v1.5.1/pico-sdk/src/rp2_common/pico_bootrom/bootrom.c.obj
                0x10004864                rom_funcs_lookup
 *fill*         0x1000489a        0x2 
 .text.__wrap___aeabi_idiv
                0x1000489c       0x50 CMakeFiles/zoner_full.dir/C_/Program_Files/Raspberry_Pi/Pico_SDK_v1.5.1/pico-sdk/src/rp2_common/pico_divider/divider.S.obj
                0x1000489c                __wrap___aeabi_idivmod
                0x1000489c                divmod_s32s32
                0x1000489c                div_s32s32
                0x1000489c                __wrap___aeabi_idiv
                0x100048a4                divmod_s32s32_unsafe
                0x100048d0                divmod_s32s32_savestate
 .text.__wrap___aeabi_uidiv
                0x100048ec       0x4c CMakeFiles/zoner_full.dir/C_/Program_Files/Raspberry_Pi/Pico_SDK_v1.5.1/pico-sdk/src/rp2_common/pico_divider/divider.S.obj
                0x100048ec                __wrap___aeabi_uidiv
                0x100048ec                __wrap___aeabi_uidivmod
                0x100048ec                div_u32u32
                0x100048ec                divmod_u32u32
                0x100048f4                divmod_u32u32_unsafe
                0x1000491c                divmod_u32u32_savestate
 .text.__wrap___aeabi_ldiv
                0x10004938      0x424 CMakeFiles/zoner_full.dir/C_/Program_Files/Raspberry_Pi/Pico_SDK_v1.5.1/pico-sdk/src/rp2_common/pico_divider/divider.S.obj
                0x10004938                div_s64s64
                0x10004938                divmod_s64s64
                0x10004938                __wrap___aeabi_ldivmod
                0x10004968                divmod_u64u64
                0x10004968                div_u64u64
                0x10004968                __wrap___aeabi_uldivmod
                0x10004978                divmod_u64u64_savestate
                0x10004998                divmod_s64s64_unsafe
                0x10004a20                divmod_u64u64_unsafe
 .text.__wrap___aeabi_darithmetic
                0x10004d5c       0x80 CMakeFiles/zoner_full.dir/C_/Program_Files/Raspberry_Pi/Pico_SDK_v1.5.1/pico-sdk/src/rp2_common/pico_double/double_aeabi.S.obj
                0x10004d5c                __wrap___aeabi_drsub
                0x10004d62                __wrap___aeabi_dsub
                0x10004d74                __wrap___aeabi_dadd
                0x10004d86                __wrap___aeabi_ddiv
                0x10004dc2                __wrap___aeabi_dmul
 .text.__wrap___aeabi_cdcmple
                0x10004ddc       0x6c CMakeFiles/zoner_full.dir/C_/Program_Files/Raspberry_Pi/Pico_SDK_v1.5.1/pico-sdk/src/rp2_common/pico_double/double_aeabi.S.obj
                0x10004ddc                __wrap___aeabi_cdrcmple
                0x10004dec                __wrap___aeabi_cdcmpeq
                0x10004dec                __wrap___aeabi_cdcmple
 .text.__wrap___aeabi_dcmplt
                0x10004e48        0xc CMakeFiles/zoner_full.dir/C_/Program_Files/Raspberry_Pi/Pico_SDK_v1.5.1/pico-sdk/src/rp2_common/pico_double/double_aeabi.S.obj
                0x10004e48                __wrap___aeabi_dcmplt
 .text.__wrap___aeabi_dcmple
                0x10004e54       0x10 CMakeFiles/zoner_full.dir/C_/Program_Files/Raspberry_Pi/Pico_SDK_v1.5.1/pico-sdk/src/rp2_common/pico_double/double_aeabi.S.obj
                0x10004e54                __wrap___aeabi_dcmple
 .text.__wrap___aeabi_dcmpge
                0x10004e64       0x10 CMakeFiles/zoner_full.dir/C_/Program_Files/Raspberry_Pi/Pico_SDK_v1.5.1/pico-sdk/src/rp2_common/pico_double/double_aeabi.S.obj
                0x10004e64                __wrap___aeabi_dcmpge
 .text.__wrap___aeabi_dcmpgt
                0x10004e74        0xa CMakeFiles/zoner_full.dir/C_/Program_Files/Raspberry_Pi/Pico_SDK_v1.5.1/pico-sdk/src/rp2_common/pico_double/double_aeabi.S.obj
                0x10004e74                __wrap___aeabi_dcmpgt
 .text.__wrap___aeabi_dcmpun
                0x10004e7e       0x1c CMakeFiles/zoner_full.dir/C_/Program_Files/Raspberry_Pi/Pico_SDK_v1.5.1/pico-sdk/src/rp2_common/pico_double/double_aeabi.S.obj
                0x10004e7e                __wrap___aeabi_dcmpun
 *fill*         0x10004e9a        0x2 
 .text.__wrap___aeabi_i2d
                0x10004e9c       0x38 CMakeFiles/zoner_full.dir/C_/Program_Files/Raspberry_Pi/Pico_SDK_v1.5.1/pico-sdk/src/rp2_common/pico_double/double_aeabi.S.obj
                0x10004e9c                __wrap___aeabi_ui2d
                0x10004ea4                __wrap___aeabi_i2d
 .text.__wrap___aeabi_d2iz
                0x10004ed4       0x48 CMakeFiles/zoner_full.dir/C_/Program_Files/Raspberry_Pi/Pico_SDK_v1.5.1/pico-sdk/src/rp2_common/pico_double/double_aeabi.S.obj
                0x10004ed4                double2int_z
                0x10004ed4                __wrap___aeabi_d2iz
 .text.__wrap___aeabi_d2uiz
                0x10004f1c       0x18 CMakeFiles/zoner_full.dir/C_/Program_Files/Raspberry_Pi/Pico_SDK_v1.5.1/pico-sdk/src/rp2_common/pico_double/double_aeabi.S.obj
                0x10004f1c                __wrap___aeabi_d2uiz
                0x10004f1c                double2uint
 .text.__aeabi_double_init
                0x10004f34       0xc8 CMakeFiles/zoner_full.dir/C_/Program_Files/Raspberry_Pi/Pico_SDK_v1.5.1/pico-sdk/src/rp2_common/pico_double/double_init_rom.c.obj
                0x10004f34                __aeabi_double_init
 .text.double_table_shim_on_use_helper
                0x10004ffc       0x34 CMakeFiles/zoner_full.dir/C_/Program_Files/Raspberry_Pi/Pico_SDK_v1.5.1/pico-sdk/src/rp2_common/pico_double/double_v1_rom_shim.S.obj
                0x10004ffc                double_table_shim_on_use_helper
 .text.__wrap___aeabi_dsub
                0x10005030       0x10 CMakeFiles/zoner_full.dir/C_/Program_Files/Raspberry_Pi/Pico_SDK_v1.5.1/pico-sdk/src/rp2_common/pico_double/double_v1_rom_shim.S.obj
                0x10005030                drsub_shim
                0x10005036                dsub_shim
 .text.dadd_shim
                0x10005040      0x15c CMakeFiles/zoner_full.dir/C_/Program_Files/Raspberry_Pi/Pico_SDK_v1.5.1/pico-sdk/src/rp2_common/pico_double/double_v1_rom_shim.S.obj
                0x10005040                dadd_shim
 .text.dmul_shim
                0x1000519c      0x15c CMakeFiles/zoner_full.dir/C_/Program_Files/Raspberry_Pi/Pico_SDK_v1.5.1/pico-sdk/src/rp2_common/pico_double/double_v1_rom_shim.S.obj
                0x1000519c                dmul_shim
 .text.ddiv_shim
                0x100052f8      0x1b0 CMakeFiles/zoner_full.dir/C_/Program_Files/Raspberry_Pi/Pico_SDK_v1.5.1/pico-sdk/src/rp2_common/pico_double/double_v1_rom_shim.S.obj
                0x100052f8                ddiv_shim
 .text.double2uint_shim
                0x100054a8        0xe CMakeFiles/zoner_full.dir/C_/Program_Files/Raspberry_Pi/Pico_SDK_v1.5.1/pico-sdk/src/rp2_common/pico_double/double_v1_rom_shim.S.obj
                0x100054a8                double2uint_shim
                0x100054aa                double2ufix_shim
 *fill*         0x100054b6        0x2 
 .text.double2uint64_shim
                0x100054b8       0x70 CMakeFiles/zoner_full.dir/C_/Program_Files/Raspberry_Pi/Pico_SDK_v1.5.1/pico-sdk/src/rp2_common/pico_double/double_v1_rom_shim.S.obj
                0x100054b8                double2uint64_shim
                0x100054ba                double2ufix64_shim
                0x100054da                d2fix_a
 .text.dunpacks
                0x10005528       0x3c CMakeFiles/zoner_full.dir/C_/Program_Files/Raspberry_Pi/Pico_SDK_v1.5.1/pico-sdk/src/rp2_common/pico_double/double_v1_rom_shim.S.obj
                0x10005528                dunpacks
 .text.__aeabi_lmul
                0x10005564       0x32 CMakeFiles/zoner_full.dir/C_/Program_Files/Raspberry_Pi/Pico_SDK_v1.5.1/pico-sdk/src/rp2_common/pico_int64_ops/pico_int64_ops_aeabi.S.obj
                0x10005564                __wrap___aeabi_lmul
 *fill*         0x10005596        0x2 
 .text.__wrap___aeabi_farithmetic
                0x10005598       0x58 CMakeFiles/zoner_full.dir/C_/Program_Files/Raspberry_Pi/Pico_SDK_v1.5.1/pico-sdk/src/rp2_common/pico_float/float_aeabi.S.obj
                0x10005598                __wrap___aeabi_frsub
                0x1000559e                __wrap___aeabi_fsub
                0x100055a8                __wrap___aeabi_fadd
                0x100055b2                __wrap___aeabi_fdiv
                0x100055de                __wrap___aeabi_fmul
 .text.__wrap___aeabi_ui2f
                0x100055f0        0xa CMakeFiles/zoner_full.dir/C_/Program_Files/Raspberry_Pi/Pico_SDK_v1.5.1/pico-sdk/src/rp2_common/pico_float/float_aeabi.S.obj
                0x100055f0                __wrap___aeabi_ui2f
 *fill*         0x100055fa        0x2 
 .text.__wrap___aeabi_i2f
                0x100055fc       0x44 CMakeFiles/zoner_full.dir/C_/Program_Files/Raspberry_Pi/Pico_SDK_v1.5.1/pico-sdk/src/rp2_common/pico_float/float_aeabi.S.obj
                0x100055fc                __wrap___aeabi_i2f
 .text.__wrap___aeabi_f2uiz
                0x10005640       0x10 CMakeFiles/zoner_full.dir/C_/Program_Files/Raspberry_Pi/Pico_SDK_v1.5.1/pico-sdk/src/rp2_common/pico_float/float_aeabi.S.obj
                0x10005640                __wrap___aeabi_f2uiz
 .text.__aeabi_float_init
                0x10005650       0xfc CMakeFiles/zoner_full.dir/C_/Program_Files/Raspberry_Pi/Pico_SDK_v1.5.1/pico-sdk/src/rp2_common/pico_float/float_init_rom.c.obj
                0x10005650                __aeabi_float_init
 .text.float_table_shim_on_use_helper
                0x1000574c       0x34 CMakeFiles/zoner_full.dir/C_/Program_Files/Raspberry_Pi/Pico_SDK_v1.5.1/pico-sdk/src/rp2_common/pico_float/float_v1_rom_shim.S.obj
                0x1000574c                float_table_shim_on_use_helper
 .text          0x10005780       0x10 CMakeFiles/zoner_full.dir/C_/Program_Files/Raspberry_Pi/Pico_SDK_v1.5.1/pico-sdk/src/rp2_common/pico_mem_ops/mem_ops_aeabi.S.obj
                0x10005780                __aeabi_mem_init
 .text.memset   0x10005790        0xc CMakeFiles/zoner_full.dir/C_/Program_Files/Raspberry_Pi/Pico_SDK_v1.5.1/pico-sdk/src/rp2_common/pico_mem_ops/mem_ops_aeabi.S.obj
                0x10005790                __wrap_memset
 .text.memcpy   0x1000579c        0xc CMakeFiles/zoner_full.dir/C_/Program_Files/Raspberry_Pi/Pico_SDK_v1.5.1/pico-sdk/src/rp2_common/pico_mem_ops/mem_ops_aeabi.S.obj
                0x1000579c                __wrap_memcpy
                0x1000579c                __wrap___aeabi_memcpy
 .text.stdio_out_chars_no_crlf
                0x100057a8        0xe CMakeFiles/zoner_full.dir/C_/Program_Files/Raspberry_Pi/Pico_SDK_v1.5.1/pico-sdk/src/rp2_common/pico_stdio/stdio.c.obj
 *fill*         0x100057b6        0x2 
 .text.stdio_out_chars_crlf
                0x100057b8       0x80 CMakeFiles/zoner_full.dir/C_/Program_Files/Raspberry_Pi/Pico_SDK_v1.5.1/pico-sdk/src/rp2_common/pico_stdio/stdio.c.obj
 .text.stdio_stack_buffer_flush
                0x10005838       0x44 CMakeFiles/zoner_full.dir/C_/Program_Files/Raspberry_Pi/Pico_SDK_v1.5.1/pico-sdk/src/rp2_common/pico_stdio/stdio.c.obj
 .text.stdio_buffered_printer
                0x1000587c       0x20 CMakeFiles/zoner_full.dir/C_/Program_Files/Raspberry_Pi/Pico_SDK_v1.5.1/pico-sdk/src/rp2_common/pico_stdio/stdio.c.obj
 .text.stdout_serialize_begin
                0x1000589c       0x5c CMakeFiles/zoner_full.dir/C_/Program_Files/Raspberry_Pi/Pico_SDK_v1.5.1/pico-sdk/src/rp2_common/pico_stdio/stdio.c.obj
                0x1000589c                stdout_serialize_begin
 .text.stdout_serialize_end
                0x100058f8       0x10 CMakeFiles/zoner_full.dir/C_/Program_Files/Raspberry_Pi/Pico_SDK_v1.5.1/pico-sdk/src/rp2_common/pico_stdio/stdio.c.obj
                0x100058f8                stdout_serialize_end
 .text.stdio_put_string
                0x10005908       0x98 CMakeFiles/zoner_full.dir/C_/Program_Files/Raspberry_Pi/Pico_SDK_v1.5.1/pico-sdk/src/rp2_common/pico_stdio/stdio.c.obj
 .text.stdio_set_driver_enabled
                0x100059a0       0x2c CMakeFiles/zoner_full.dir/C_/Program_Files/Raspberry_Pi/Pico_SDK_v1.5.1/pico-sdk/src/rp2_common/pico_stdio/stdio.c.obj
                0x100059a0                stdio_set_driver_enabled
 .text.stdio_flush
                0x100059cc       0x20 CMakeFiles/zoner_full.dir/C_/Program_Files/Raspberry_Pi/Pico_SDK_v1.5.1/pico-sdk/src/rp2_common/pico_stdio/stdio.c.obj
                0x100059cc                stdio_flush
 .text.__wrap_puts
                0x100059ec       0x1e CMakeFiles/zoner_full.dir/C_/Program_Files/Raspberry_Pi/Pico_SDK_v1.5.1/pico-sdk/src/rp2_common/pico_stdio/stdio.c.obj
                0x100059ec                __wrap_puts
 *fill*         0x10005a0a        0x2 
 .text.__wrap_vprintf
                0x10005a0c       0x40 CMakeFiles/zoner_full.dir/C_/Program_Files/Raspberry_Pi/Pico_SDK_v1.5.1/pico-sdk/src/rp2_common/pico_stdio/stdio.c.obj
                0x10005a0c                __wrap_vprintf
 .text.__wrap_printf
                0x10005a4c       0x18 CMakeFiles/zoner_full.dir/C_/Program_Files/Raspberry_Pi/Pico_SDK_v1.5.1/pico-sdk/src/rp2_common/pico_stdio/stdio.c.obj
                0x10005a4c                __wrap_printf
 .text.stdio_init_all
                0x10005a64        0x8 CMakeFiles/zoner_full.dir/C_/Program_Files/Raspberry_Pi/Pico_SDK_v1.5.1/pico-sdk/src/rp2_common/pico_stdio/stdio.c.obj
                0x10005a64                stdio_init_all
 .text.resetd_init
                0x10005a6c        0x2 CMakeFiles/zoner_full.dir/C_/Program_Files/Raspberry_Pi/Pico_SDK_v1.5.1/pico-sdk/src/rp2_common/pico_stdio_usb/reset_interface.c.obj
 *fill*         0x10005a6e        0x2 
 .text.resetd_reset
                0x10005a70        0xc CMakeFiles/zoner_full.dir/C_/Program_Files/Raspberry_Pi/Pico_SDK_v1.5.1/pico-sdk/src/rp2_common/pico_stdio_usb/reset_interface.c.obj
 .text.resetd_open
                0x10005a7c       0x34 CMakeFiles/zoner_full.dir/C_/Program_Files/Raspberry_Pi/Pico_SDK_v1.5.1/pico-sdk/src/rp2_common/pico_stdio_usb/reset_interface.c.obj
 .text.resetd_xfer_cb
                0x10005ab0        0x4 CMakeFiles/zoner_full.dir/C_/Program_Files/Raspberry_Pi/Pico_SDK_v1.5.1/pico-sdk/src/rp2_common/pico_stdio_usb/reset_interface.c.obj
 .text.reset_usb_boot
                0x10005ab4       0x18 CMakeFiles/zoner_full.dir/C_/Program_Files/Raspberry_Pi/Pico_SDK_v1.5.1/pico-sdk/src/rp2_common/pico_stdio_usb/reset_interface.c.obj
 .text.resetd_control_xfer_cb
                0x10005acc       0x5c CMakeFiles/zoner_full.dir/C_/Program_Files/Raspberry_Pi/Pico_SDK_v1.5.1/pico-sdk/src/rp2_common/pico_stdio_usb/reset_interface.c.obj
 .text.usbd_app_driver_get_cb
                0x10005b28        0xc CMakeFiles/zoner_full.dir/C_/Program_Files/Raspberry_Pi/Pico_SDK_v1.5.1/pico-sdk/src/rp2_common/pico_stdio_usb/reset_interface.c.obj
                0x10005b28                usbd_app_driver_get_cb
 .text.tud_cdc_line_coding_cb
                0x10005b34       0x28 CMakeFiles/zoner_full.dir/C_/Program_Files/Raspberry_Pi/Pico_SDK_v1.5.1/pico-sdk/src/rp2_common/pico_stdio_usb/reset_interface.c.obj
                0x10005b34                tud_cdc_line_coding_cb
 .text.stdio_usb_set_chars_available_callback
                0x10005b5c       0x14 CMakeFiles/zoner_full.dir/C_/Program_Files/Raspberry_Pi/Pico_SDK_v1.5.1/pico-sdk/src/rp2_common/pico_stdio_usb/stdio_usb.c.obj
                0x10005b5c                stdio_usb_set_chars_available_callback
 .text.usb_irq  0x10005b70       0x10 CMakeFiles/zoner_full.dir/C_/Program_Files/Raspberry_Pi/Pico_SDK_v1.5.1/pico-sdk/src/rp2_common/pico_stdio_usb/stdio_usb.c.obj
 .text.timer_task
                0x10005b80       0x5c CMakeFiles/zoner_full.dir/C_/Program_Files/Raspberry_Pi/Pico_SDK_v1.5.1/pico-sdk/src/rp2_common/pico_stdio_usb/stdio_usb.c.obj
 .text.low_priority_worker_irq
                0x10005bdc       0xdc CMakeFiles/zoner_full.dir/C_/Program_Files/Raspberry_Pi/Pico_SDK_v1.5.1/pico-sdk/src/rp2_common/pico_stdio_usb/stdio_usb.c.obj
 .text.tud_cdc_rx_cb
                0x10005cb8       0x20 CMakeFiles/zoner_full.dir/C_/Program_Files/Raspberry_Pi/Pico_SDK_v1.5.1/pico-sdk/src/rp2_common/pico_stdio_usb/stdio_usb.c.obj
                0x10005cb8                tud_cdc_rx_cb
 .text.stdio_usb_init
                0x10005cd8      0x11c CMakeFiles/zoner_full.dir/C_/Program_Files/Raspberry_Pi/Pico_SDK_v1.5.1/pico-sdk/src/rp2_common/pico_stdio_usb/stdio_usb.c.obj
                0x10005cd8                stdio_usb_init
 .text.stdio_usb_connected
                0x10005df4        0xa CMakeFiles/zoner_full.dir/C_/Program_Files/Raspberry_Pi/Pico_SDK_v1.5.1/pico-sdk/src/rp2_common/pico_stdio_usb/stdio_usb.c.obj
                0x10005df4                stdio_usb_connected
 *fill*         0x10005dfe        0x2 
 .text.stdio_usb_in_chars
                0x10005e00       0xc4 CMakeFiles/zoner_full.dir/C_/Program_Files/Raspberry_Pi/Pico_SDK_v1.5.1/pico-sdk/src/rp2_common/pico_stdio_usb/stdio_usb.c.obj
                0x10005e00                stdio_usb_in_chars
 .text.stdio_usb_out_chars
                0x10005ec4      0x114 CMakeFiles/zoner_full.dir/C_/Program_Files/Raspberry_Pi/Pico_SDK_v1.5.1/pico-sdk/src/rp2_common/pico_stdio_usb/stdio_usb.c.obj
 .text.tud_descriptor_device_cb
                0x10005fd8        0x8 CMakeFiles/zoner_full.dir/C_/Program_Files/Raspberry_Pi/Pico_SDK_v1.5.1/pico-sdk/src/rp2_common/pico_stdio_usb/stdio_usb_descriptors.c.obj
                0x10005fd8                tud_descriptor_device_cb
 .text.tud_descriptor_configuration_cb
                0x10005fe0        0x8 CMakeFiles/zoner_full.dir/C_/Program_Files/Raspberry_Pi/Pico_SDK_v1.5.1/pico-sdk/src/rp2_common/pico_stdio_usb/stdio_usb_descriptors.c.obj
                0x10005fe0                tud_descriptor_configuration_cb
 .text.tud_descriptor_string_cb
                0x10005fe8       0x6c CMakeFiles/zoner_full.dir/C_/Program_Files/Raspberry_Pi/Pico_SDK_v1.5.1/pico-sdk/src/rp2_common/pico_stdio_usb/stdio_usb_descriptors.c.obj
                0x10005fe8                tud_descriptor_string_cb
 .text._retrieve_unique_id_on_boot
                0x10006054       0x10 CMakeFiles/zoner_full.dir/C_/Program_Files/Raspberry_Pi/Pico_SDK_v1.5.1/pico-sdk/src/rp2_common/pico_unique_id/unique_id.c.obj
 .text.pico_get_unique_board_id_string
                0x10006064       0x60 CMakeFiles/zoner_full.dir/C_/Program_Files/Raspberry_Pi/Pico_SDK_v1.5.1/pico-sdk/src/rp2_common/pico_unique_id/unique_id.c.obj
                0x10006064                pico_get_unique_board_id_string
 .text.flash_get_unique_id
                0x100060c4       0x46 CMakeFiles/zoner_full.dir/C_/Program_Files/Raspberry_Pi/Pico_SDK_v1.5.1/pico-sdk/src/rp2_common/hardware_flash/flash.c.obj
                0x100060c4                flash_get_unique_id
 *fill*         0x1000610a        0x2 
 .text.hw_endpoint_get_by_addr
                0x1000610c       0x18 CMakeFiles/zoner_full.dir/C_/Program_Files/Raspberry_Pi/Pico_SDK_v1.5.1/pico-sdk/lib/tinyusb/src/portable/raspberrypi/rp2040/dcd_rp2040.c.obj
 .text._hw_endpoint_alloc
                0x10006124       0x70 CMakeFiles/zoner_full.dir/C_/Program_Files/Raspberry_Pi/Pico_SDK_v1.5.1/pico-sdk/lib/tinyusb/src/portable/raspberrypi/rp2040/dcd_rp2040.c.obj
 .text.hw_endpoint_init
                0x10006194       0x88 CMakeFiles/zoner_full.dir/C_/Program_Files/Raspberry_Pi/Pico_SDK_v1.5.1/pico-sdk/lib/tinyusb/src/portable/raspberrypi/rp2040/dcd_rp2040.c.obj
 .text.hw_endpoint_xfer
                0x1000621c       0x14 CMakeFiles/zoner_full.dir/C_/Program_Files/Raspberry_Pi/Pico_SDK_v1.5.1/pico-sdk/lib/tinyusb/src/portable/raspberrypi/rp2040/dcd_rp2040.c.obj
 .text.dcd_int_enable
                0x10006230       0x2c CMakeFiles/zoner_full.dir/C_/Program_Files/Raspberry_Pi/Pico_SDK_v1.5.1/pico-sdk/lib/tinyusb/src/portable/raspberrypi/rp2040/dcd_rp2040.c.obj
                0x10006230                dcd_int_enable
 .text.dcd_set_address
                0x1000625c       0x2c CMakeFiles/zoner_full.dir/C_/Program_Files/Raspberry_Pi/Pico_SDK_v1.5.1/pico-sdk/lib/tinyusb/src/portable/raspberrypi/rp2040/dcd_rp2040.c.obj
                0x1000625c                dcd_set_address
 .text.dcd_connect
                0x10006288       0x10 CMakeFiles/zoner_full.dir/C_/Program_Files/Raspberry_Pi/Pico_SDK_v1.5.1/pico-sdk/lib/tinyusb/src/portable/raspberrypi/rp2040/dcd_rp2040.c.obj
                0x10006288                dcd_connect
 .text.dcd_init
                0x10006298       0x80 CMakeFiles/zoner_full.dir/C_/Program_Files/Raspberry_Pi/Pico_SDK_v1.5.1/pico-sdk/lib/tinyusb/src/portable/raspberrypi/rp2040/dcd_rp2040.c.obj
                0x10006298                dcd_init
 .text.dcd_edpt0_status_complete
                0x10006318       0x1c CMakeFiles/zoner_full.dir/C_/Program_Files/Raspberry_Pi/Pico_SDK_v1.5.1/pico-sdk/lib/tinyusb/src/portable/raspberrypi/rp2040/dcd_rp2040.c.obj
                0x10006318                dcd_edpt0_status_complete
 .text.dcd_edpt_open
                0x10006334       0x40 CMakeFiles/zoner_full.dir/C_/Program_Files/Raspberry_Pi/Pico_SDK_v1.5.1/pico-sdk/lib/tinyusb/src/portable/raspberrypi/rp2040/dcd_rp2040.c.obj
                0x10006334                dcd_edpt_open
 .text.dcd_edpt_close_all
                0x10006374        0x8 CMakeFiles/zoner_full.dir/C_/Program_Files/Raspberry_Pi/Pico_SDK_v1.5.1/pico-sdk/lib/tinyusb/src/portable/raspberrypi/rp2040/dcd_rp2040.c.obj
                0x10006374                dcd_edpt_close_all
 .text.dcd_edpt_xfer
                0x1000637c       0x34 CMakeFiles/zoner_full.dir/C_/Program_Files/Raspberry_Pi/Pico_SDK_v1.5.1/pico-sdk/lib/tinyusb/src/portable/raspberrypi/rp2040/dcd_rp2040.c.obj
                0x1000637c                dcd_edpt_xfer
 .text.dcd_edpt_stall
                0x100063b0       0x2c CMakeFiles/zoner_full.dir/C_/Program_Files/Raspberry_Pi/Pico_SDK_v1.5.1/pico-sdk/lib/tinyusb/src/portable/raspberrypi/rp2040/dcd_rp2040.c.obj
                0x100063b0                dcd_edpt_stall
 .text.dcd_edpt_clear_stall
                0x100063dc       0x20 CMakeFiles/zoner_full.dir/C_/Program_Files/Raspberry_Pi/Pico_SDK_v1.5.1/pico-sdk/lib/tinyusb/src/portable/raspberrypi/rp2040/dcd_rp2040.c.obj
                0x100063dc                dcd_edpt_clear_stall
 .text.rp2040_usb_init
                0x100063fc       0x4c CMakeFiles/zoner_full.dir/C_/Program_Files/Raspberry_Pi/Pico_SDK_v1.5.1/pico-sdk/lib/tinyusb/src/portable/raspberrypi/rp2040/rp2040_usb.c.obj
                0x100063fc                rp2040_usb_init
 .text.hw_endpoint_xfer_start
                0x10006448       0x50 CMakeFiles/zoner_full.dir/C_/Program_Files/Raspberry_Pi/Pico_SDK_v1.5.1/pico-sdk/lib/tinyusb/src/portable/raspberrypi/rp2040/rp2040_usb.c.obj
                0x10006448                hw_endpoint_xfer_start
 .text.configuration_reset
                0x10006498       0x84 CMakeFiles/zoner_full.dir/C_/Program_Files/Raspberry_Pi/Pico_SDK_v1.5.1/pico-sdk/lib/tinyusb/src/device/usbd.c.obj
 .text.usbd_reset
                0x1000651c        0xc CMakeFiles/zoner_full.dir/C_/Program_Files/Raspberry_Pi/Pico_SDK_v1.5.1/pico-sdk/lib/tinyusb/src/device/usbd.c.obj
 .text.invoke_class_control
                0x10006528       0x1a CMakeFiles/zoner_full.dir/C_/Program_Files/Raspberry_Pi/Pico_SDK_v1.5.1/pico-sdk/lib/tinyusb/src/device/usbd.c.obj
 *fill*         0x10006542        0x2 
 .text.process_set_config
                0x10006544      0x178 CMakeFiles/zoner_full.dir/C_/Program_Files/Raspberry_Pi/Pico_SDK_v1.5.1/pico-sdk/lib/tinyusb/src/device/usbd.c.obj
 .text.process_get_descriptor
                0x100066bc       0xdc CMakeFiles/zoner_full.dir/C_/Program_Files/Raspberry_Pi/Pico_SDK_v1.5.1/pico-sdk/lib/tinyusb/src/device/usbd.c.obj
 .text.tud_mounted
                0x10006798       0x10 CMakeFiles/zoner_full.dir/C_/Program_Files/Raspberry_Pi/Pico_SDK_v1.5.1/pico-sdk/lib/tinyusb/src/device/usbd.c.obj
                0x10006798                tud_mounted
 .text.tud_suspended
                0x100067a8       0x10 CMakeFiles/zoner_full.dir/C_/Program_Files/Raspberry_Pi/Pico_SDK_v1.5.1/pico-sdk/lib/tinyusb/src/device/usbd.c.obj
                0x100067a8                tud_suspended
 .text.tud_inited
                0x100067b8       0x14 CMakeFiles/zoner_full.dir/C_/Program_Files/Raspberry_Pi/Pico_SDK_v1.5.1/pico-sdk/lib/tinyusb/src/device/usbd.c.obj
                0x100067b8                tud_inited
 .text.tud_init
                0x100067cc       0xcc CMakeFiles/zoner_full.dir/C_/Program_Files/Raspberry_Pi/Pico_SDK_v1.5.1/pico-sdk/lib/tinyusb/src/device/usbd.c.obj
                0x100067cc                tud_init
 .text.usbd_defer_func
                0x10006898       0x2a CMakeFiles/zoner_full.dir/C_/Program_Files/Raspberry_Pi/Pico_SDK_v1.5.1/pico-sdk/lib/tinyusb/src/device/usbd.c.obj
                0x10006898                usbd_defer_func
 *fill*         0x100068c2        0x2 
 .text.usbd_edpt_open
                0x100068c4       0x34 CMakeFiles/zoner_full.dir/C_/Program_Files/Raspberry_Pi/Pico_SDK_v1.5.1/pico-sdk/lib/tinyusb/src/device/usbd.c.obj
                0x100068c4                usbd_edpt_open
 .text.usbd_open_edpt_pair
                0x100068f8       0x62 CMakeFiles/zoner_full.dir/C_/Program_Files/Raspberry_Pi/Pico_SDK_v1.5.1/pico-sdk/lib/tinyusb/src/device/usbd.c.obj
                0x100068f8                usbd_open_edpt_pair
 *fill*         0x1000695a        0x2 
 .text.usbd_edpt_claim
                0x1000695c       0x28 CMakeFiles/zoner_full.dir/C_/Program_Files/Raspberry_Pi/Pico_SDK_v1.5.1/pico-sdk/lib/tinyusb/src/device/usbd.c.obj
                0x1000695c                usbd_edpt_claim
 .text.usbd_edpt_release
                0x10006984       0x28 CMakeFiles/zoner_full.dir/C_/Program_Files/Raspberry_Pi/Pico_SDK_v1.5.1/pico-sdk/lib/tinyusb/src/device/usbd.c.obj
                0x10006984                usbd_edpt_release
 .text.usbd_edpt_xfer
                0x100069ac       0x78 CMakeFiles/zoner_full.dir/C_/Program_Files/Raspberry_Pi/Pico_SDK_v1.5.1/pico-sdk/lib/tinyusb/src/device/usbd.c.obj
                0x100069ac                usbd_edpt_xfer
 .text.usbd_edpt_stall
                0x10006a24       0x48 CMakeFiles/zoner_full.dir/C_/Program_Files/Raspberry_Pi/Pico_SDK_v1.5.1/pico-sdk/lib/tinyusb/src/device/usbd.c.obj
                0x10006a24                usbd_edpt_stall
 .text.usbd_edpt_clear_stall
                0x10006a6c       0x48 CMakeFiles/zoner_full.dir/C_/Program_Files/Raspberry_Pi/Pico_SDK_v1.5.1/pico-sdk/lib/tinyusb/src/device/usbd.c.obj
                0x10006a6c                usbd_edpt_clear_stall
 .text.usbd_edpt_stalled
                0x10006ab4       0x1c CMakeFiles/zoner_full.dir/C_/Program_Files/Raspberry_Pi/Pico_SDK_v1.5.1/pico-sdk/lib/tinyusb/src/device/usbd.c.obj
                0x10006ab4                usbd_edpt_stalled
 .text.process_control_request
                0x10006ad0      0x37c CMakeFiles/zoner_full.dir/C_/Program_Files/Raspberry_Pi/Pico_SDK_v1.5.1/pico-sdk/lib/tinyusb/src/device/usbd.c.obj
 .text.tud_task_ext
                0x10006e4c      0x1b8 CMakeFiles/zoner_full.dir/C_/Program_Files/Raspberry_Pi/Pico_SDK_v1.5.1/pico-sdk/lib/tinyusb/src/device/usbd.c.obj
                0x10006e4c                tud_task_ext
 .text._data_stage_xact
                0x10007004       0x58 CMakeFiles/zoner_full.dir/C_/Program_Files/Raspberry_Pi/Pico_SDK_v1.5.1/pico-sdk/lib/tinyusb/src/device/usbd_control.c.obj
 .text.tud_control_status
                0x1000705c       0x38 CMakeFiles/zoner_full.dir/C_/Program_Files/Raspberry_Pi/Pico_SDK_v1.5.1/pico-sdk/lib/tinyusb/src/device/usbd_control.c.obj
                0x1000705c                tud_control_status
 .text.tud_control_xfer
                0x10007094       0x74 CMakeFiles/zoner_full.dir/C_/Program_Files/Raspberry_Pi/Pico_SDK_v1.5.1/pico-sdk/lib/tinyusb/src/device/usbd_control.c.obj
                0x10007094                tud_control_xfer
 .text.usbd_control_reset
                0x10007108       0x14 CMakeFiles/zoner_full.dir/C_/Program_Files/Raspberry_Pi/Pico_SDK_v1.5.1/pico-sdk/lib/tinyusb/src/device/usbd_control.c.obj
                0x10007108                usbd_control_reset
 .text.usbd_control_set_complete_callback
                0x1000711c        0xc CMakeFiles/zoner_full.dir/C_/Program_Files/Raspberry_Pi/Pico_SDK_v1.5.1/pico-sdk/lib/tinyusb/src/device/usbd_control.c.obj
                0x1000711c                usbd_control_set_complete_callback
 .text.usbd_control_set_request
                0x10007128       0x1c CMakeFiles/zoner_full.dir/C_/Program_Files/Raspberry_Pi/Pico_SDK_v1.5.1/pico-sdk/lib/tinyusb/src/device/usbd_control.c.obj
                0x10007128                usbd_control_set_request
 .text.usbd_control_xfer_cb
                0x10007144       0xcc CMakeFiles/zoner_full.dir/C_/Program_Files/Raspberry_Pi/Pico_SDK_v1.5.1/pico-sdk/lib/tinyusb/src/device/usbd_control.c.obj
                0x10007144                usbd_control_xfer_cb
 .text._prep_out_transaction
                0x10007210       0x4a CMakeFiles/zoner_full.dir/C_/Program_Files/Raspberry_Pi/Pico_SDK_v1.5.1/pico-sdk/lib/tinyusb/src/class/cdc/cdc_device.c.obj
 *fill*         0x1000725a        0x2 
 .text.tud_cdc_n_connected
                0x1000725c       0x44 CMakeFiles/zoner_full.dir/C_/Program_Files/Raspberry_Pi/Pico_SDK_v1.5.1/pico-sdk/lib/tinyusb/src/class/cdc/cdc_device.c.obj
                0x1000725c                tud_cdc_n_connected
 .text.tud_cdc_n_available
                0x100072a0       0x18 CMakeFiles/zoner_full.dir/C_/Program_Files/Raspberry_Pi/Pico_SDK_v1.5.1/pico-sdk/lib/tinyusb/src/class/cdc/cdc_device.c.obj
                0x100072a0                tud_cdc_n_available
 .text.tud_cdc_n_read
                0x100072b8       0x28 CMakeFiles/zoner_full.dir/C_/Program_Files/Raspberry_Pi/Pico_SDK_v1.5.1/pico-sdk/lib/tinyusb/src/class/cdc/cdc_device.c.obj
                0x100072b8                tud_cdc_n_read
 .text.tud_cdc_n_write_flush
                0x100072e0       0xb8 CMakeFiles/zoner_full.dir/C_/Program_Files/Raspberry_Pi/Pico_SDK_v1.5.1/pico-sdk/lib/tinyusb/src/class/cdc/cdc_device.c.obj
                0x100072e0                tud_cdc_n_write_flush
 .text.tud_cdc_n_write
                0x10007398       0x38 CMakeFiles/zoner_full.dir/C_/Program_Files/Raspberry_Pi/Pico_SDK_v1.5.1/pico-sdk/lib/tinyusb/src/class/cdc/cdc_device.c.obj
                0x10007398                tud_cdc_n_write
 .text.tud_cdc_n_write_available
                0x100073d0       0x1c CMakeFiles/zoner_full.dir/C_/Program_Files/Raspberry_Pi/Pico_SDK_v1.5.1/pico-sdk/lib/tinyusb/src/class/cdc/cdc_device.c.obj
                0x100073d0                tud_cdc_n_write_available
 .text.cdcd_init
                0x100073ec       0xbc CMakeFiles/zoner_full.dir/C_/Program_Files/Raspberry_Pi/Pico_SDK_v1.5.1/pico-sdk/lib/tinyusb/src/class/cdc/cdc_device.c.obj
                0x100073ec                cdcd_init
 .text.cdcd_reset
                0x100074a8       0x44 CMakeFiles/zoner_full.dir/C_/Program_Files/Raspberry_Pi/Pico_SDK_v1.5.1/pico-sdk/lib/tinyusb/src/class/cdc/cdc_device.c.obj
                0x100074a8                cdcd_reset
 .text.cdcd_open
                0x100074ec       0xcc CMakeFiles/zoner_full.dir/C_/Program_Files/Raspberry_Pi/Pico_SDK_v1.5.1/pico-sdk/lib/tinyusb/src/class/cdc/cdc_device.c.obj
                0x100074ec                cdcd_open
 .text.cdcd_control_xfer_cb
                0x100075b8      0x134 CMakeFiles/zoner_full.dir/C_/Program_Files/Raspberry_Pi/Pico_SDK_v1.5.1/pico-sdk/lib/tinyusb/src/class/cdc/cdc_device.c.obj
                0x100075b8                cdcd_control_xfer_cb
 .text.cdcd_xfer_cb
                0x100076ec      0x130 CMakeFiles/zoner_full.dir/C_/Program_Files/Raspberry_Pi/Pico_SDK_v1.5.1/pico-sdk/lib/tinyusb/src/class/cdc/cdc_device.c.obj
                0x100076ec                cdcd_xfer_cb
 .text.tusb_init
                0x1000781c        0xa CMakeFiles/zoner_full.dir/C_/Program_Files/Raspberry_Pi/Pico_SDK_v1.5.1/pico-sdk/lib/tinyusb/src/tusb.c.obj
                0x1000781c                tusb_init
 .text.tusb_inited
                0x10007826        0xe CMakeFiles/zoner_full.dir/C_/Program_Files/Raspberry_Pi/Pico_SDK_v1.5.1/pico-sdk/lib/tinyusb/src/tusb.c.obj
                0x10007826                tusb_inited
 .text.tu_edpt_claim
                0x10007834       0x50 CMakeFiles/zoner_full.dir/C_/Program_Files/Raspberry_Pi/Pico_SDK_v1.5.1/pico-sdk/lib/tinyusb/src/tusb.c.obj
                0x10007834                tu_edpt_claim
 .text.tu_edpt_release
                0x10007884       0x3c CMakeFiles/zoner_full.dir/C_/Program_Files/Raspberry_Pi/Pico_SDK_v1.5.1/pico-sdk/lib/tinyusb/src/tusb.c.obj
                0x10007884                tu_edpt_release
 .text.tu_edpt_validate
                0x100078c0       0x78 CMakeFiles/zoner_full.dir/C_/Program_Files/Raspberry_Pi/Pico_SDK_v1.5.1/pico-sdk/lib/tinyusb/src/tusb.c.obj
                0x100078c0                tu_edpt_validate
 .text.tu_edpt_bind_driver
                0x10007938       0x26 CMakeFiles/zoner_full.dir/C_/Program_Files/Raspberry_Pi/Pico_SDK_v1.5.1/pico-sdk/lib/tinyusb/src/tusb.c.obj
                0x10007938                tu_edpt_bind_driver
 .text.advance_index
                0x1000795e       0x1a CMakeFiles/zoner_full.dir/C_/Program_Files/Raspberry_Pi/Pico_SDK_v1.5.1/pico-sdk/lib/tinyusb/src/common/tusb_fifo.c.obj
 .text._tu_fifo_peek
                0x10007978       0x56 CMakeFiles/zoner_full.dir/C_/Program_Files/Raspberry_Pi/Pico_SDK_v1.5.1/pico-sdk/lib/tinyusb/src/common/tusb_fifo.c.obj
 .text._ff_pull_const_addr
                0x100079ce       0x4c CMakeFiles/zoner_full.dir/C_/Program_Files/Raspberry_Pi/Pico_SDK_v1.5.1/pico-sdk/lib/tinyusb/src/common/tusb_fifo.c.obj
 .text._ff_pull_n
                0x10007a1a      0x110 CMakeFiles/zoner_full.dir/C_/Program_Files/Raspberry_Pi/Pico_SDK_v1.5.1/pico-sdk/lib/tinyusb/src/common/tusb_fifo.c.obj
 .text._tu_fifo_peek_n
                0x10007b2a       0x6a CMakeFiles/zoner_full.dir/C_/Program_Files/Raspberry_Pi/Pico_SDK_v1.5.1/pico-sdk/lib/tinyusb/src/common/tusb_fifo.c.obj
 .text._tu_fifo_read_n
                0x10007b94       0x4e CMakeFiles/zoner_full.dir/C_/Program_Files/Raspberry_Pi/Pico_SDK_v1.5.1/pico-sdk/lib/tinyusb/src/common/tusb_fifo.c.obj
 .text._ff_push_const_addr
                0x10007be2       0x40 CMakeFiles/zoner_full.dir/C_/Program_Files/Raspberry_Pi/Pico_SDK_v1.5.1/pico-sdk/lib/tinyusb/src/common/tusb_fifo.c.obj
 .text._ff_push_n
                0x10007c22      0x10c CMakeFiles/zoner_full.dir/C_/Program_Files/Raspberry_Pi/Pico_SDK_v1.5.1/pico-sdk/lib/tinyusb/src/common/tusb_fifo.c.obj
 .text._tu_fifo_write_n
                0x10007d2e       0xf0 CMakeFiles/zoner_full.dir/C_/Program_Files/Raspberry_Pi/Pico_SDK_v1.5.1/pico-sdk/lib/tinyusb/src/common/tusb_fifo.c.obj
 .text.tu_fifo_config
                0x10007e1e       0x7c CMakeFiles/zoner_full.dir/C_/Program_Files/Raspberry_Pi/Pico_SDK_v1.5.1/pico-sdk/lib/tinyusb/src/common/tusb_fifo.c.obj
                0x10007e1e                tu_fifo_config
 .text.tu_fifo_count
                0x10007e9a       0x2a CMakeFiles/zoner_full.dir/C_/Program_Files/Raspberry_Pi/Pico_SDK_v1.5.1/pico-sdk/lib/tinyusb/src/common/tusb_fifo.c.obj
                0x10007e9a                tu_fifo_count
 .text.tu_fifo_empty
                0x10007ec4       0x10 CMakeFiles/zoner_full.dir/C_/Program_Files/Raspberry_Pi/Pico_SDK_v1.5.1/pico-sdk/lib/tinyusb/src/common/tusb_fifo.c.obj
                0x10007ec4                tu_fifo_empty
 .text.tu_fifo_full
                0x10007ed4       0x28 CMakeFiles/zoner_full.dir/C_/Program_Files/Raspberry_Pi/Pico_SDK_v1.5.1/pico-sdk/lib/tinyusb/src/common/tusb_fifo.c.obj
                0x10007ed4                tu_fifo_full
 .text.tu_fifo_remaining
                0x10007efc       0x2c CMakeFiles/zoner_full.dir/C_/Program_Files/Raspberry_Pi/Pico_SDK_v1.5.1/pico-sdk/lib/tinyusb/src/common/tusb_fifo.c.obj
                0x10007efc                tu_fifo_remaining
 .text.tu_fifo_read
                0x10007f28       0x42 CMakeFiles/zoner_full.dir/C_/Program_Files/Raspberry_Pi/Pico_SDK_v1.5.1/pico-sdk/lib/tinyusb/src/common/tusb_fifo.c.obj
                0x10007f28                tu_fifo_read
 .text.tu_fifo_read_n
                0x10007f6a        0xa CMakeFiles/zoner_full.dir/C_/Program_Files/Raspberry_Pi/Pico_SDK_v1.5.1/pico-sdk/lib/tinyusb/src/common/tusb_fifo.c.obj
                0x10007f6a                tu_fifo_read_n
 .text.tu_fifo_write
                0x10007f74       0x64 CMakeFiles/zoner_full.dir/C_/Program_Files/Raspberry_Pi/Pico_SDK_v1.5.1/pico-sdk/lib/tinyusb/src/common/tusb_fifo.c.obj
                0x10007f74                tu_fifo_write
 .text.tu_fifo_write_n
                0x10007fd8        0xa CMakeFiles/zoner_full.dir/C_/Program_Files/Raspberry_Pi/Pico_SDK_v1.5.1/pico-sdk/lib/tinyusb/src/common/tusb_fifo.c.obj
                0x10007fd8                tu_fifo_write_n
 .text.tu_fifo_clear
                0x10007fe2       0x3e CMakeFiles/zoner_full.dir/C_/Program_Files/Raspberry_Pi/Pico_SDK_v1.5.1/pico-sdk/lib/tinyusb/src/common/tusb_fifo.c.obj
                0x10007fe2                tu_fifo_clear
 .text.tu_fifo_set_overwritable
                0x10008020       0x46 CMakeFiles/zoner_full.dir/C_/Program_Files/Raspberry_Pi/Pico_SDK_v1.5.1/pico-sdk/lib/tinyusb/src/common/tusb_fifo.c.obj
                0x10008020                tu_fifo_set_overwritable
 *fill*         0x10008066        0x2 
 .text._pio_can_add_program_at_offset
                0x10008068       0x3c CMakeFiles/zoner_full.dir/C_/Program_Files/Raspberry_Pi/Pico_SDK_v1.5.1/pico-sdk/src/rp2_common/hardware_pio/pio.c.obj
 .text._pio_find_offset_for_program
                0x100080a4       0x7c CMakeFiles/zoner_full.dir/C_/Program_Files/Raspberry_Pi/Pico_SDK_v1.5.1/pico-sdk/src/rp2_common/hardware_pio/pio.c.obj
 .text._pio_add_program_at_offset
                0x10008120       0x78 CMakeFiles/zoner_full.dir/C_/Program_Files/Raspberry_Pi/Pico_SDK_v1.5.1/pico-sdk/src/rp2_common/hardware_pio/pio.c.obj
 .text.pio_add_program
                0x10008198       0x38 CMakeFiles/zoner_full.dir/C_/Program_Files/Raspberry_Pi/Pico_SDK_v1.5.1/pico-sdk/src/rp2_common/hardware_pio/pio.c.obj
                0x10008198                pio_add_program
 .text.pio_sm_set_pins_with_mask
                0x100081d0       0x9a CMakeFiles/zoner_full.dir/C_/Program_Files/Raspberry_Pi/Pico_SDK_v1.5.1/pico-sdk/src/rp2_common/hardware_pio/pio.c.obj
                0x100081d0                pio_sm_set_pins_with_mask
 *fill*         0x1000826a        0x2 
 .text.pio_sm_set_pindirs_with_mask
                0x1000826c       0x9c CMakeFiles/zoner_full.dir/C_/Program_Files/Raspberry_Pi/Pico_SDK_v1.5.1/pico-sdk/src/rp2_common/hardware_pio/pio.c.obj
                0x1000826c                pio_sm_set_pindirs_with_mask
 .text.pio_sm_init
                0x10008308       0xe4 CMakeFiles/zoner_full.dir/C_/Program_Files/Raspberry_Pi/Pico_SDK_v1.5.1/pico-sdk/src/rp2_common/hardware_pio/pio.c.obj
                0x10008308                pio_sm_init
 .text.i2c_write_blocking_internal
                0x100083ec      0x140 CMakeFiles/zoner_full.dir/C_/Program_Files/Raspberry_Pi/Pico_SDK_v1.5.1/pico-sdk/src/rp2_common/hardware_i2c/i2c.c.obj
 .text.i2c_read_blocking_internal
                0x1000852c       0xe6 CMakeFiles/zoner_full.dir/C_/Program_Files/Raspberry_Pi/Pico_SDK_v1.5.1/pico-sdk/src/rp2_common/hardware_i2c/i2c.c.obj
 *fill*         0x10008612        0x2 
 .text.i2c_set_baudrate
                0x10008614       0xf0 CMakeFiles/zoner_full.dir/C_/Program_Files/Raspberry_Pi/Pico_SDK_v1.5.1/pico-sdk/src/rp2_common/hardware_i2c/i2c.c.obj
                0x10008614                i2c_set_baudrate
 .text.i2c_init
                0x10008704       0x58 CMakeFiles/zoner_full.dir/C_/Program_Files/Raspberry_Pi/Pico_SDK_v1.5.1/pico-sdk/src/rp2_common/hardware_i2c/i2c.c.obj
                0x10008704                i2c_init
 .text.i2c_write_blocking
                0x1000875c       0x18 CMakeFiles/zoner_full.dir/C_/Program_Files/Raspberry_Pi/Pico_SDK_v1.5.1/pico-sdk/src/rp2_common/hardware_i2c/i2c.c.obj
                0x1000875c                i2c_write_blocking
 .text.i2c_read_blocking
                0x10008774       0x18 CMakeFiles/zoner_full.dir/C_/Program_Files/Raspberry_Pi/Pico_SDK_v1.5.1/pico-sdk/src/rp2_common/hardware_i2c/i2c.c.obj
                0x10008774                i2c_read_blocking
 .text.spi_set_baudrate
                0x1000878c       0xcc CMakeFiles/zoner_full.dir/C_/Program_Files/Raspberry_Pi/Pico_SDK_v1.5.1/pico-sdk/src/rp2_common/hardware_spi/spi.c.obj
                0x1000878c                spi_set_baudrate
 .text.spi_init
                0x10008858       0x74 CMakeFiles/zoner_full.dir/C_/Program_Files/Raspberry_Pi/Pico_SDK_v1.5.1/pico-sdk/src/rp2_common/hardware_spi/spi.c.obj
                0x10008858                spi_init
 .text.core1_trampoline
                0x100088cc        0x2 CMakeFiles/zoner_full.dir/C_/Program_Files/Raspberry_Pi/Pico_SDK_v1.5.1/pico-sdk/src/rp2_common/pico_multicore/multicore.c.obj
 .text.core1_wrapper
                0x100088ce        0xc CMakeFiles/zoner_full.dir/C_/Program_Files/Raspberry_Pi/Pico_SDK_v1.5.1/pico-sdk/src/rp2_common/pico_multicore/multicore.c.obj
                0x100088ce                core1_wrapper
 .text.multicore_fifo_push_blocking
                0x100088da       0x14 CMakeFiles/zoner_full.dir/C_/Program_Files/Raspberry_Pi/Pico_SDK_v1.5.1/pico-sdk/src/rp2_common/pico_multicore/multicore.c.obj
                0x100088da                multicore_fifo_push_blocking
 .text.multicore_fifo_pop_blocking
                0x100088ee       0x16 CMakeFiles/zoner_full.dir/C_/Program_Files/Raspberry_Pi/Pico_SDK_v1.5.1/pico-sdk/src/rp2_common/pico_multicore/multicore.c.obj
                0x100088ee                multicore_fifo_pop_blocking
 .text.multicore_launch_core1_raw
                0x10008904       0x6e CMakeFiles/zoner_full.dir/C_/Program_Files/Raspberry_Pi/Pico_SDK_v1.5.1/pico-sdk/src/rp2_common/pico_multicore/multicore.c.obj
                0x10008904                multicore_launch_core1_raw
 *fill*         0x10008972        0x2 
 .text.multicore_launch_core1_with_stack
                0x10008974       0x50 CMakeFiles/zoner_full.dir/C_/Program_Files/Raspberry_Pi/Pico_SDK_v1.5.1/pico-sdk/src/rp2_common/pico_multicore/multicore.c.obj
                0x10008974                multicore_launch_core1_with_stack
 .text.multicore_launch_core1
                0x100089c4       0x24 CMakeFiles/zoner_full.dir/C_/Program_Files/Raspberry_Pi/Pico_SDK_v1.5.1/pico-sdk/src/rp2_common/pico_multicore/multicore.c.obj
                0x100089c4                multicore_launch_core1
 .text.transmit_data
                0x100089e8       0x30 DFPlayerMini\libdf_player.a(df.c.obj)
                0x100089e8                transmit_data
 .text.checksum
                0x10008a18       0x34 DFPlayerMini\libdf_player.a(df.c.obj)
                0x10008a18                checksum
 .text.play_sound_immediatly
                0x10008a4c       0x1c DFPlayerMini\libdf_player.a(df.c.obj)
                0x10008a4c                play_sound_immediatly
 .text.set_volume
                0x10008a68       0x28 DFPlayerMini\libdf_player.a(df.c.obj)
                0x10008a68                set_volume
 .text.KBD_flush
                0x10008a90       0xfc scan_kbd\libscan_kbd.a(scan_kbd.c.obj)
                0x10008a90                KBD_flush
 .text.KBD_Init
                0x10008b8c      0x258 scan_kbd\libscan_kbd.a(scan_kbd.c.obj)
                0x10008b8c                KBD_Init
 .text.KBD_ReadKeypad
                0x10008de4       0x40 scan_kbd\libscan_kbd.a(scan_kbd.c.obj)
                0x10008de4                KBD_ReadKeypad
 .text.keypad_interrupt
                0x10008e24      0x6d0 scan_kbd\libscan_kbd.a(scan_kbd.c.obj)
                0x10008e24                keypad_interrupt
 .text.channel_config
                0x100094f4       0x14 Zoner\libzoner.a(zoner.c.obj)
                0x100094f4                channel_config
 .text.zoner_tx
                0x10009508       0x2c Zoner\libzoner.a(zoner.c.obj)
                0x10009508                zoner_tx
 .text.zoner_tx_group_all
                0x10009534       0x3c Zoner\libzoner.a(zoner.c.obj)
                0x10009534                zoner_tx_group_all
 .text.write_register_all
                0x10009570       0x58 led_lib\libled_lib.a(led.c.obj)
                0x10009570                write_register_all
 .text.write_data
                0x100095c8       0x12 led_lib\libled_lib.a(led.c.obj)
                0x100095c8                write_data
 .text.put_pixel
                0x100095da        0xa led_lib\libled_lib.a(led.c.obj)
                0x100095da                put_pixel
 .text.coord    0x100095e4       0x6c led_lib\libled_lib.a(led.c.obj)
                0x100095e4                coord
 .text.clear_display
                0x10009650       0x24 led_lib\libled_lib.a(led.c.obj)
                0x10009650                clear_display
 .text.LED_Init
                0x10009674       0x6c led_lib\libled_lib.a(led.c.obj)
                0x10009674                LED_Init
 .text.strlen   0x100096e0       0x5c c:/progra~2/gnuarm~1/102021~1.10/bin/../lib/gcc/arm-none-eabi/10.3.1/../../../../arm-none-eabi/lib/thumb/v6-m/nofp\libg.a(lib_a-strlen-stub.o)
                0x100096e0                strlen
 *(.fini)
 .fini          0x1000973c        0x4 c:/progra~2/gnuarm~1/102021~1.10/bin/../lib/gcc/arm-none-eabi/10.3.1/thumb/v6-m/nofp/crti.o
                0x1000973c                _fini
 .fini.__stub   0x10009740       0xf0 linker stubs
 *crtbegin.o(.ctors)
 *crtbegin?.o(.ctors)
 *(EXCLUDE_FILE(*crtend.o *crtend?.o) .ctors)
 *(SORT_BY_NAME(.ctors.*))
 *(.ctors)
 *crtbegin.o(.dtors)
 *crtbegin?.o(.dtors)
 *(EXCLUDE_FILE(*crtend.o *crtend?.o) .dtors)
 *(SORT_BY_NAME(.dtors.*))
 *(.dtors)
 *(.eh_frame*)
 .eh_frame      0x10009830        0x0 c:/progra~2/gnuarm~1/102021~1.10/bin/../lib/gcc/arm-none-eabi/10.3.1/thumb/v6-m/nofp/crtbegin.o
                0x10009830                . = ALIGN (0x4)

.glue_7         0x10009830        0x0
 .glue_7        0x10009830        0x0 linker stubs

.glue_7t        0x10009830        0x0
 .glue_7t       0x10009830        0x0 linker stubs

.vfp11_veneer   0x10009830        0x0
 .vfp11_veneer  0x10009830        0x0 linker stubs

.v4_bx          0x10009830        0x0
 .v4_bx         0x10009830        0x0 linker stubs

.iplt           0x10009830        0x0
 .iplt          0x10009830        0x0 c:/progra~2/gnuarm~1/102021~1.10/bin/../lib/gcc/arm-none-eabi/10.3.1/thumb/v6-m/nofp/crtbegin.o

.rodata         0x10009830     0x1a1c
 *(EXCLUDE_FILE(*libm.a: *libc.a:*lib_a-mem*.o *libgcc.a:) .rodata*)
 .rodata.uart_pio_program
                0x10009830        0x6 CMakeFiles/zoner_full.dir/main.c.obj
 *fill*         0x10009836        0x2 
 .rodata.uart_pio_program_instructions
                0x10009838        0xa CMakeFiles/zoner_full.dir/main.c.obj
 *fill*         0x10009842        0x2 
 .rodata.spin_lock_claim_unused.str1.4
                0x10009844       0x1b CMakeFiles/zoner_full.dir/C_/Program_Files/Raspberry_Pi/Pico_SDK_v1.5.1/pico-sdk/src/rp2_common/hardware_sync/sync.c.obj
 *fill*         0x1000985f        0x1 
 .rodata.make_branch.str1.4
                0x10009860       0x89 CMakeFiles/zoner_full.dir/C_/Program_Files/Raspberry_Pi/Pico_SDK_v1.5.1/pico-sdk/src/rp2_common/hardware_irq/irq.c.obj
 *fill*         0x100098e9        0x3 
 .rodata.insert_branch_and_link.str1.4
                0x100098ec       0x10 CMakeFiles/zoner_full.dir/C_/Program_Files/Raspberry_Pi/Pico_SDK_v1.5.1/pico-sdk/src/rp2_common/hardware_irq/irq.c.obj
 .rodata.irq_set_exclusive_handler.str1.4
                0x100098fc       0x36 CMakeFiles/zoner_full.dir/C_/Program_Files/Raspberry_Pi/Pico_SDK_v1.5.1/pico-sdk/src/rp2_common/hardware_irq/irq.c.obj
 *fill*         0x10009932        0x2 
 .rodata.irq_add_shared_handler.str1.4
                0x10009934       0xd9 CMakeFiles/zoner_full.dir/C_/Program_Files/Raspberry_Pi/Pico_SDK_v1.5.1/pico-sdk/src/rp2_common/hardware_irq/irq.c.obj
 *fill*         0x10009a0d        0x3 
 .rodata.irq_remove_handler.str1.4
                0x10009a10       0x3a CMakeFiles/zoner_full.dir/C_/Program_Files/Raspberry_Pi/Pico_SDK_v1.5.1/pico-sdk/src/rp2_common/hardware_irq/irq.c.obj
 *fill*         0x10009a4a        0x2 
 .rodata.irq_add_tail_to_free_list.str1.4
                0x10009a4c       0x3a CMakeFiles/zoner_full.dir/C_/Program_Files/Raspberry_Pi/Pico_SDK_v1.5.1/pico-sdk/src/rp2_common/hardware_irq/irq.c.obj
 *fill*         0x10009a86        0x2 
 .rodata.user_irq_claim_unused.str1.4
                0x10009a88       0x1b CMakeFiles/zoner_full.dir/C_/Program_Files/Raspberry_Pi/Pico_SDK_v1.5.1/pico-sdk/src/rp2_common/hardware_irq/irq.c.obj
 *fill*         0x10009aa3        0x1 
 .rodata.__func__.0
                0x10009aa4       0x1a CMakeFiles/zoner_full.dir/C_/Program_Files/Raspberry_Pi/Pico_SDK_v1.5.1/pico-sdk/src/rp2_common/hardware_irq/irq.c.obj
 *fill*         0x10009abe        0x2 
 .rodata.__func__.1
                0x10009ac0       0x17 CMakeFiles/zoner_full.dir/C_/Program_Files/Raspberry_Pi/Pico_SDK_v1.5.1/pico-sdk/src/rp2_common/hardware_irq/irq.c.obj
 *fill*         0x10009ad7        0x1 
 .rodata.__func__.2
                0x10009ad8       0x13 CMakeFiles/zoner_full.dir/C_/Program_Files/Raspberry_Pi/Pico_SDK_v1.5.1/pico-sdk/src/rp2_common/hardware_irq/irq.c.obj
 *fill*         0x10009aeb        0x1 
 .rodata.__func__.3
                0x10009aec        0xc CMakeFiles/zoner_full.dir/C_/Program_Files/Raspberry_Pi/Pico_SDK_v1.5.1/pico-sdk/src/rp2_common/hardware_irq/irq.c.obj
 .rodata.__func__.4
                0x10009af8        0xf CMakeFiles/zoner_full.dir/C_/Program_Files/Raspberry_Pi/Pico_SDK_v1.5.1/pico-sdk/src/rp2_common/hardware_irq/irq.c.obj
 *fill*         0x10009b07        0x1 
 .rodata.__func__.5
                0x10009b08       0x17 CMakeFiles/zoner_full.dir/C_/Program_Files/Raspberry_Pi/Pico_SDK_v1.5.1/pico-sdk/src/rp2_common/hardware_irq/irq.c.obj
 *fill*         0x10009b1f        0x1 
 .rodata.__func__.6
                0x10009b20       0x1a CMakeFiles/zoner_full.dir/C_/Program_Files/Raspberry_Pi/Pico_SDK_v1.5.1/pico-sdk/src/rp2_common/hardware_irq/irq.c.obj
 *fill*         0x10009b3a        0x2 
 .rodata.str1.4
                0x10009b3c      0x115 CMakeFiles/zoner_full.dir/C_/Program_Files/Raspberry_Pi/Pico_SDK_v1.5.1/pico-sdk/src/common/pico_sync/mutex.c.obj
 *fill*         0x10009c51        0x3 
 .rodata.__func__.1
                0x10009c54        0xb CMakeFiles/zoner_full.dir/C_/Program_Files/Raspberry_Pi/Pico_SDK_v1.5.1/pico-sdk/src/common/pico_sync/mutex.c.obj
 *fill*         0x10009c5f        0x1 
 .rodata.__func__.3
                0x10009c60       0x18 CMakeFiles/zoner_full.dir/C_/Program_Files/Raspberry_Pi/Pico_SDK_v1.5.1/pico-sdk/src/common/pico_sync/mutex.c.obj
 .rodata.__func__.4
                0x10009c78       0x15 CMakeFiles/zoner_full.dir/C_/Program_Files/Raspberry_Pi/Pico_SDK_v1.5.1/pico-sdk/src/common/pico_sync/mutex.c.obj
 *fill*         0x10009c8d        0x3 
 .rodata.repeating_timer_callback.str1.4
                0x10009c90       0x67 CMakeFiles/zoner_full.dir/C_/Program_Files/Raspberry_Pi/Pico_SDK_v1.5.1/pico-sdk/src/common/pico_time/time.c.obj
 *fill*         0x10009cf7        0x1 
 .rodata.timer_pool_entry_comparator.str1.4
                0x10009cf8       0x22 CMakeFiles/zoner_full.dir/C_/Program_Files/Raspberry_Pi/Pico_SDK_v1.5.1/pico-sdk/src/common/pico_time/time.c.obj
 *fill*         0x10009d1a        0x2 
 .rodata.ph_add_child_node.str1.4
                0x10009d1c       0xa2 CMakeFiles/zoner_full.dir/C_/Program_Files/Raspberry_Pi/Pico_SDK_v1.5.1/pico-sdk/src/common/pico_time/time.c.obj
 *fill*         0x10009dbe        0x2 
 .rodata.add_alarm_under_lock.str1.4
                0x10009dc0       0x28 CMakeFiles/zoner_full.dir/C_/Program_Files/Raspberry_Pi/Pico_SDK_v1.5.1/pico-sdk/src/common/pico_time/time.c.obj
                                 0x2b (size before relaxing)
 .rodata.alarm_pool_alarm_callback.str1.4
                0x10009de8       0x98 CMakeFiles/zoner_full.dir/C_/Program_Files/Raspberry_Pi/Pico_SDK_v1.5.1/pico-sdk/src/common/pico_time/time.c.obj
                                0x108 (size before relaxing)
 .rodata.alarm_pool_get_default.str1.4
                0x10009e80       0x21 CMakeFiles/zoner_full.dir/C_/Program_Files/Raspberry_Pi/Pico_SDK_v1.5.1/pico-sdk/src/common/pico_time/time.c.obj
 *fill*         0x10009ea1        0x3 
 .rodata.alarm_pool_cancel_alarm.str1.4
                0x10009ea4       0x27 CMakeFiles/zoner_full.dir/C_/Program_Files/Raspberry_Pi/Pico_SDK_v1.5.1/pico-sdk/src/common/pico_time/time.c.obj
 *fill*         0x10009ecb        0x1 
 .rodata.sleep_until.str1.4
                0x10009ecc       0x4d CMakeFiles/zoner_full.dir/C_/Program_Files/Raspberry_Pi/Pico_SDK_v1.5.1/pico-sdk/src/common/pico_time/time.c.obj
 *fill*         0x10009f19        0x3 
 .rodata.__func__.1
                0x10009f1c       0x18 CMakeFiles/zoner_full.dir/C_/Program_Files/Raspberry_Pi/Pico_SDK_v1.5.1/pico-sdk/src/common/pico_time/time.c.obj
 .rodata.__func__.10
                0x10009f34       0x15 CMakeFiles/zoner_full.dir/C_/Program_Files/Raspberry_Pi/Pico_SDK_v1.5.1/pico-sdk/src/common/pico_time/time.c.obj
 *fill*         0x10009f49        0x3 
 .rodata.__func__.11
                0x10009f4c       0x1a CMakeFiles/zoner_full.dir/C_/Program_Files/Raspberry_Pi/Pico_SDK_v1.5.1/pico-sdk/src/common/pico_time/time.c.obj
 *fill*         0x10009f66        0x2 
 .rodata.__func__.12
                0x10009f68        0xa CMakeFiles/zoner_full.dir/C_/Program_Files/Raspberry_Pi/Pico_SDK_v1.5.1/pico-sdk/src/common/pico_time/time.c.obj
 *fill*         0x10009f72        0x2 
 .rodata.__func__.3
                0x10009f74       0x17 CMakeFiles/zoner_full.dir/C_/Program_Files/Raspberry_Pi/Pico_SDK_v1.5.1/pico-sdk/src/common/pico_time/time.c.obj
 *fill*         0x10009f8b        0x1 
 .rodata.__func__.4
                0x10009f8c       0x12 CMakeFiles/zoner_full.dir/C_/Program_Files/Raspberry_Pi/Pico_SDK_v1.5.1/pico-sdk/src/common/pico_time/time.c.obj
 *fill*         0x10009f9e        0x2 
 .rodata.__func__.5
                0x10009fa0        0xd CMakeFiles/zoner_full.dir/C_/Program_Files/Raspberry_Pi/Pico_SDK_v1.5.1/pico-sdk/src/common/pico_time/time.c.obj
 *fill*         0x10009fad        0x3 
 .rodata.__func__.6
                0x10009fb0       0x12 CMakeFiles/zoner_full.dir/C_/Program_Files/Raspberry_Pi/Pico_SDK_v1.5.1/pico-sdk/src/common/pico_time/time.c.obj
 *fill*         0x10009fc2        0x2 
 .rodata.__func__.7
                0x10009fc4        0xf CMakeFiles/zoner_full.dir/C_/Program_Files/Raspberry_Pi/Pico_SDK_v1.5.1/pico-sdk/src/common/pico_time/time.c.obj
 *fill*         0x10009fd3        0x1 
 .rodata.__func__.8
                0x10009fd4        0xc CMakeFiles/zoner_full.dir/C_/Program_Files/Raspberry_Pi/Pico_SDK_v1.5.1/pico-sdk/src/common/pico_time/time.c.obj
 .rodata.__func__.9
                0x10009fe0       0x15 CMakeFiles/zoner_full.dir/C_/Program_Files/Raspberry_Pi/Pico_SDK_v1.5.1/pico-sdk/src/common/pico_time/time.c.obj
 *fill*         0x10009ff5        0x3 
 .rodata.hardware_alarm_claim.str1.4
                0x10009ff8       0x22 CMakeFiles/zoner_full.dir/C_/Program_Files/Raspberry_Pi/Pico_SDK_v1.5.1/pico-sdk/src/rp2_common/hardware_timer/timer.c.obj
 .rodata.busy_wait_us.str1.4
                0x1000a01a       0x6e CMakeFiles/zoner_full.dir/C_/Program_Files/Raspberry_Pi/Pico_SDK_v1.5.1/pico-sdk/src/rp2_common/hardware_timer/timer.c.obj
 *fill*         0x1000a01a        0x2 
 .rodata.hardware_alarm_set_target.str1.4
                0x1000a01c       0x81 CMakeFiles/zoner_full.dir/C_/Program_Files/Raspberry_Pi/Pico_SDK_v1.5.1/pico-sdk/src/rp2_common/hardware_timer/timer.c.obj
 *fill*         0x1000a09d        0x3 
 .rodata.__func__.0
                0x1000a0a0       0x1a CMakeFiles/zoner_full.dir/C_/Program_Files/Raspberry_Pi/Pico_SDK_v1.5.1/pico-sdk/src/rp2_common/hardware_timer/timer.c.obj
 *fill*         0x1000a0ba        0x2 
 .rodata.__func__.1
                0x1000a0bc       0x15 CMakeFiles/zoner_full.dir/C_/Program_Files/Raspberry_Pi/Pico_SDK_v1.5.1/pico-sdk/src/rp2_common/hardware_timer/timer.c.obj
 .rodata.ph_add_child_node.str1.4
                0x1000a0d1       0xa2 CMakeFiles/zoner_full.dir/C_/Program_Files/Raspberry_Pi/Pico_SDK_v1.5.1/pico-sdk/src/common/pico_util/pheap.c.obj
 *fill*         0x1000a0d1        0x3 
 .rodata.ph_remove_any_head.str1.4
                0x1000a0d4       0xa8 CMakeFiles/zoner_full.dir/C_/Program_Files/Raspberry_Pi/Pico_SDK_v1.5.1/pico-sdk/src/common/pico_util/pheap.c.obj
                                 0xbc (size before relaxing)
 .rodata.ph_remove_and_free_node.str1.4
                0x1000a17c       0x1e CMakeFiles/zoner_full.dir/C_/Program_Files/Raspberry_Pi/Pico_SDK_v1.5.1/pico-sdk/src/common/pico_util/pheap.c.obj
                                 0x26 (size before relaxing)
 *fill*         0x1000a19a        0x2 
 .rodata.__func__.0
                0x1000a19c       0x18 CMakeFiles/zoner_full.dir/C_/Program_Files/Raspberry_Pi/Pico_SDK_v1.5.1/pico-sdk/src/common/pico_util/pheap.c.obj
 .rodata.__func__.1
                0x1000a1b4       0x13 CMakeFiles/zoner_full.dir/C_/Program_Files/Raspberry_Pi/Pico_SDK_v1.5.1/pico-sdk/src/common/pico_util/pheap.c.obj
 *fill*         0x1000a1c7        0x1 
 .rodata.__func__.2
                0x1000a1c8       0x12 CMakeFiles/zoner_full.dir/C_/Program_Files/Raspberry_Pi/Pico_SDK_v1.5.1/pico-sdk/src/common/pico_util/pheap.c.obj
 *fill*         0x1000a1da        0x2 
 .rodata.__func__.3
                0x1000a1dc        0xc CMakeFiles/zoner_full.dir/C_/Program_Files/Raspberry_Pi/Pico_SDK_v1.5.1/pico-sdk/src/common/pico_util/pheap.c.obj
 .rodata.clock_configure.str1.4
                0x1000a1e8       0x73 CMakeFiles/zoner_full.dir/C_/Program_Files/Raspberry_Pi/Pico_SDK_v1.5.1/pico-sdk/src/rp2_common/hardware_clocks/clocks.c.obj
 *fill*         0x1000a25b        0x1 
 .rodata.__func__.1
                0x1000a25c       0x10 CMakeFiles/zoner_full.dir/C_/Program_Files/Raspberry_Pi/Pico_SDK_v1.5.1/pico-sdk/src/rp2_common/hardware_clocks/clocks.c.obj
 .rodata.pll_init.str1.4
                0x1000a26c      0x140 CMakeFiles/zoner_full.dir/C_/Program_Files/Raspberry_Pi/Pico_SDK_v1.5.1/pico-sdk/src/rp2_common/hardware_pll/pll.c.obj
 .rodata.__func__.0
                0x1000a3ac        0x9 CMakeFiles/zoner_full.dir/C_/Program_Files/Raspberry_Pi/Pico_SDK_v1.5.1/pico-sdk/src/rp2_common/hardware_pll/pll.c.obj
 *fill*         0x1000a3b5        0x3 
 .rodata.__assert_func.str1.4
                0x1000a3b8       0x3f CMakeFiles/zoner_full.dir/C_/Program_Files/Raspberry_Pi/Pico_SDK_v1.5.1/pico-sdk/src/rp2_common/pico_runtime/runtime.c.obj
                                 0x43 (size before relaxing)
 *fill*         0x1000a3f7        0x1 
 .rodata.runtime_init.str1.4
                0x1000a3f8       0x7d CMakeFiles/zoner_full.dir/C_/Program_Files/Raspberry_Pi/Pico_SDK_v1.5.1/pico-sdk/src/rp2_common/pico_runtime/runtime.c.obj
 *fill*         0x1000a475        0x3 
 .rodata.panic.str1.4
                0x1000a478       0x12 CMakeFiles/zoner_full.dir/C_/Program_Files/Raspberry_Pi/Pico_SDK_v1.5.1/pico-sdk/src/rp2_common/pico_runtime/runtime.c.obj
 *fill*         0x1000a48a        0x2 
 .rodata.__func__.2
                0x1000a48c        0xd CMakeFiles/zoner_full.dir/C_/Program_Files/Raspberry_Pi/Pico_SDK_v1.5.1/pico-sdk/src/rp2_common/pico_runtime/runtime.c.obj
 *fill*         0x1000a499        0x3 
 .rodata._ftoa.str1.4
                0x1000a49c       0x15 CMakeFiles/zoner_full.dir/C_/Program_Files/Raspberry_Pi/Pico_SDK_v1.5.1/pico-sdk/src/rp2_common/pico_printf/printf.c.obj
 *fill*         0x1000a4b1        0x3 
 .rodata._vsnprintf
                0x1000a4b4      0x1e0 CMakeFiles/zoner_full.dir/C_/Program_Files/Raspberry_Pi/Pico_SDK_v1.5.1/pico-sdk/src/rp2_common/pico_printf/printf.c.obj
 *fill*         0x1000a694        0x4 
 .rodata.pow10.0
                0x1000a698       0x50 CMakeFiles/zoner_full.dir/C_/Program_Files/Raspberry_Pi/Pico_SDK_v1.5.1/pico-sdk/src/rp2_common/pico_printf/printf.c.obj
 .rodata.__aeabi_double_init.str1.4
                0x1000a6e8       0xb8 CMakeFiles/zoner_full.dir/C_/Program_Files/Raspberry_Pi/Pico_SDK_v1.5.1/pico-sdk/src/rp2_common/pico_double/double_init_rom.c.obj
 .rodata.__func__.0
                0x1000a7a0       0x14 CMakeFiles/zoner_full.dir/C_/Program_Files/Raspberry_Pi/Pico_SDK_v1.5.1/pico-sdk/src/rp2_common/pico_double/double_init_rom.c.obj
 .rodata.__aeabi_float_init.str1.4
                0x1000a7b4       0x96 CMakeFiles/zoner_full.dir/C_/Program_Files/Raspberry_Pi/Pico_SDK_v1.5.1/pico-sdk/src/rp2_common/pico_float/float_init_rom.c.obj
                                 0x9a (size before relaxing)
 *fill*         0x1000a84a        0x2 
 .rodata.__func__.0
                0x1000a84c       0x13 CMakeFiles/zoner_full.dir/C_/Program_Files/Raspberry_Pi/Pico_SDK_v1.5.1/pico-sdk/src/rp2_common/pico_float/float_init_rom.c.obj
 *fill*         0x1000a85f        0x1 
 .rodata.str1.4
                0x1000a860       0x7c CMakeFiles/zoner_full.dir/C_/Program_Files/Raspberry_Pi/Pico_SDK_v1.5.1/pico-sdk/src/rp2_common/pico_standard_link/binary_info.c.obj
 .rodata.__bi_44
                0x1000a8dc        0xc CMakeFiles/zoner_full.dir/C_/Program_Files/Raspberry_Pi/Pico_SDK_v1.5.1/pico-sdk/src/rp2_common/pico_standard_link/binary_info.c.obj
 .rodata.__bi_69
                0x1000a8e8        0xc CMakeFiles/zoner_full.dir/C_/Program_Files/Raspberry_Pi/Pico_SDK_v1.5.1/pico-sdk/src/rp2_common/pico_standard_link/binary_info.c.obj
 .rodata.__bi_75
                0x1000a8f4        0xc CMakeFiles/zoner_full.dir/C_/Program_Files/Raspberry_Pi/Pico_SDK_v1.5.1/pico-sdk/src/rp2_common/pico_standard_link/binary_info.c.obj
 .rodata.__bi_81
                0x1000a900        0xc CMakeFiles/zoner_full.dir/C_/Program_Files/Raspberry_Pi/Pico_SDK_v1.5.1/pico-sdk/src/rp2_common/pico_standard_link/binary_info.c.obj
 .rodata.stdout_serialize_begin.str1.4
                0x1000a90c       0x6e CMakeFiles/zoner_full.dir/C_/Program_Files/Raspberry_Pi/Pico_SDK_v1.5.1/pico-sdk/src/rp2_common/pico_stdio/stdio.c.obj
 .rodata.__func__.3
                0x1000a90c       0x15 CMakeFiles/zoner_full.dir/C_/Program_Files/Raspberry_Pi/Pico_SDK_v1.5.1/pico-sdk/src/rp2_common/pico_stdio/stdio.c.obj
 *fill*         0x1000a921        0x3 
 .rodata.crlf_str.2
                0x1000a924        0x2 CMakeFiles/zoner_full.dir/C_/Program_Files/Raspberry_Pi/Pico_SDK_v1.5.1/pico-sdk/src/rp2_common/pico_stdio/stdio.c.obj
 *fill*         0x1000a926        0x2 
 .rodata._resetd_driver
                0x1000a928       0x18 CMakeFiles/zoner_full.dir/C_/Program_Files/Raspberry_Pi/Pico_SDK_v1.5.1/pico-sdk/src/rp2_common/pico_stdio_usb/reset_interface.c.obj
 .rodata.low_priority_worker_irq.str1.4
                0x1000a940       0x6e CMakeFiles/zoner_full.dir/C_/Program_Files/Raspberry_Pi/Pico_SDK_v1.5.1/pico-sdk/src/rp2_common/pico_stdio_usb/stdio_usb.c.obj
 .rodata.stdio_usb_init.str1.4
                0x1000a940       0x61 CMakeFiles/zoner_full.dir/C_/Program_Files/Raspberry_Pi/Pico_SDK_v1.5.1/pico-sdk/src/rp2_common/pico_stdio_usb/stdio_usb.c.obj
                                 0x69 (size before relaxing)
 *fill*         0x1000a9a1        0x3 
 .rodata.str1.4
                0x1000a9a4       0x13 CMakeFiles/zoner_full.dir/C_/Program_Files/Raspberry_Pi/Pico_SDK_v1.5.1/pico-sdk/src/rp2_common/pico_stdio_usb/stdio_usb.c.obj
 *fill*         0x1000a9b7        0x1 
 .rodata.__bi_182.0
                0x1000a9b8        0xc CMakeFiles/zoner_full.dir/C_/Program_Files/Raspberry_Pi/Pico_SDK_v1.5.1/pico-sdk/src/rp2_common/pico_stdio_usb/stdio_usb.c.obj
 .rodata.__func__.1
                0x1000a9c4        0xf CMakeFiles/zoner_full.dir/C_/Program_Files/Raspberry_Pi/Pico_SDK_v1.5.1/pico-sdk/src/rp2_common/pico_stdio_usb/stdio_usb.c.obj
 *fill*         0x1000a9d3        0x1 
 .rodata.__func__.3
                0x1000a9d4       0x15 CMakeFiles/zoner_full.dir/C_/Program_Files/Raspberry_Pi/Pico_SDK_v1.5.1/pico-sdk/src/rp2_common/pico_stdio_usb/stdio_usb.c.obj
 *fill*         0x1000a9e9        0x3 
 .rodata.str1.4
                0x1000a9ec       0x2a CMakeFiles/zoner_full.dir/C_/Program_Files/Raspberry_Pi/Pico_SDK_v1.5.1/pico-sdk/src/rp2_common/pico_stdio_usb/stdio_usb_descriptors.c.obj
 *fill*         0x1000aa16        0x2 
 .rodata.usbd_desc_cfg
                0x1000aa18       0x54 CMakeFiles/zoner_full.dir/C_/Program_Files/Raspberry_Pi/Pico_SDK_v1.5.1/pico-sdk/src/rp2_common/pico_stdio_usb/stdio_usb_descriptors.c.obj
 .rodata.usbd_desc_device
                0x1000aa6c       0x12 CMakeFiles/zoner_full.dir/C_/Program_Files/Raspberry_Pi/Pico_SDK_v1.5.1/pico-sdk/src/rp2_common/pico_stdio_usb/stdio_usb_descriptors.c.obj
 *fill*         0x1000aa7e        0x2 
 .rodata.usbd_desc_str
                0x1000aa80       0x18 CMakeFiles/zoner_full.dir/C_/Program_Files/Raspberry_Pi/Pico_SDK_v1.5.1/pico-sdk/src/rp2_common/pico_stdio_usb/stdio_usb_descriptors.c.obj
 .rodata.pico_get_unique_board_id_string.str1.4
                0x1000aa98       0x69 CMakeFiles/zoner_full.dir/C_/Program_Files/Raspberry_Pi/Pico_SDK_v1.5.1/pico-sdk/src/rp2_common/pico_unique_id/unique_id.c.obj
 *fill*         0x1000ab01        0x3 
 .rodata.__func__.0