Archive member included to satisfy reference by file (symbol)

DFPlayerMini\libdf_player.a(df.c.obj)
                              CMakeFiles/zoner_full.dir/main.c.obj (play_sound_immediatly)
scan_kbd\libscan_kbd.a(scan_kbd.c.obj)
                              CMakeFiles/zoner_full.dir/main.c.obj (KBD_Init)
Zoner\libzoner.a(zoner.c.obj)
                              CMakeFiles/zoner_full.dir/main.c.obj (channel_config)
led_lib\libled_lib.a(led.c.obj)
                              CMakeFiles/zoner_full.dir/main.c.obj (put_pixel)
c:/progra~2/gnuarm~1/102021~1.10/bin/../lib/gcc/arm-none-eabi/10.3.1/thumb/v6-m/nofp\libgcc.a(_dvmd_tls.o)
                              CMakeFiles/zoner_full.dir/C_/Program_Files/Raspberry_Pi/Pico_SDK_v1.5.1/pico-sdk/src/rp2_common/pico_divider/divider.S.obj (__aeabi_idiv0)
c:/progra~2/gnuarm~1/102021~1.10/bin/../lib/gcc/arm-none-eabi/10.3.1/../../../../arm-none-eabi/lib/thumb/v6-m/nofp\libg.a(lib_a-calloc.o)
                              CMakeFiles/zoner_full.dir/C_/Program_Files/Raspberry_Pi/Pico_SDK_v1.5.1/pico-sdk/src/rp2_common/pico_malloc/pico_malloc.c.obj (calloc)
c:/progra~2/gnuarm~1/102021~1.10/bin/../lib/gcc/arm-none-eabi/10.3.1/../../../../arm-none-eabi/lib/thumb/v6-m/nofp\libg.a(lib_a-callocr.o)
                              c:/progra~2/gnuarm~1/102021~1.10/bin/../lib/gcc/arm-none-eabi/10.3.1/../../../../arm-none-eabi/lib/thumb/v6-m/nofp\libg.a(lib_a-calloc.o) (_calloc_r)
c:/progra~2/gnuarm~1/102021~1.10/bin/../lib/gcc/arm-none-eabi/10.3.1/../../../../arm-none-eabi/lib/thumb/v6-m/nofp\libg.a(lib_a-errno.o)
                              c:/progra~2/gnuarm~1/102021~1.10/bin/../lib/gcc/arm-none-eabi/10.3.1/../../../../arm-none-eabi/lib/thumb/v6-m/nofp\libg.a(lib_a-callocr.o) (__errno)
c:/progra~2/gnuarm~1/102021~1.10/bin/../lib/gcc/arm-none-eabi/10.3.1/../../../../arm-none-eabi/lib/thumb/v6-m/nofp\libg.a(lib_a-impure.o)
                              c:/progra~2/gnuarm~1/102021~1.10/bin/../lib/gcc/arm-none-eabi/10.3.1/../../../../arm-none-eabi/lib/thumb/v6-m/nofp\libg.a(lib_a-calloc.o) (_impure_ptr)
c:/progra~2/gnuarm~1/102021~1.10/bin/../lib/gcc/arm-none-eabi/10.3.1/../../../../arm-none-eabi/lib/thumb/v6-m/nofp\libg.a(lib_a-init.o)
                              c:/progra~2/gnuarm~1/102021~1.10/bin/../lib/gcc/arm-none-eabi/10.3.1/../../../../arm-none-eabi/lib/thumb/v6-m/nofp/crt0.o (__libc_init_array)
c:/progra~2/gnuarm~1/102021~1.10/bin/../lib/gcc/arm-none-eabi/10.3.1/../../../../arm-none-eabi/lib/thumb/v6-m/nofp\libg.a(lib_a-malloc.o)
                              CMakeFiles/zoner_full.dir/C_/Program_Files/Raspberry_Pi/Pico_SDK_v1.5.1/pico-sdk/src/rp2_common/pico_malloc/pico_malloc.c.obj (malloc)
c:/progra~2/gnuarm~1/102021~1.10/bin/../lib/gcc/arm-none-eabi/10.3.1/../../../../arm-none-eabi/lib/thumb/v6-m/nofp\libg.a(lib_a-mallocr.o)
                              c:/progra~2/gnuarm~1/102021~1.10/bin/../lib/gcc/arm-none-eabi/10.3.1/../../../../arm-none-eabi/lib/thumb/v6-m/nofp\libg.a(lib_a-callocr.o) (_malloc_r)
c:/progra~2/gnuarm~1/102021~1.10/bin/../lib/gcc/arm-none-eabi/10.3.1/../../../../arm-none-eabi/lib/thumb/v6-m/nofp\libg.a(lib_a-mlock.o)
                              c:/progra~2/gnuarm~1/102021~1.10/bin/../lib/gcc/arm-none-eabi/10.3.1/../../../../arm-none-eabi/lib/thumb/v6-m/nofp\libg.a(lib_a-mallocr.o) (__malloc_lock)
c:/progra~2/gnuarm~1/102021~1.10/bin/../lib/gcc/arm-none-eabi/10.3.1/../../../../arm-none-eabi/lib/thumb/v6-m/nofp\libg.a(lib_a-realloc.o)
                              CMakeFiles/zoner_full.dir/C_/Program_Files/Raspberry_Pi/Pico_SDK_v1.5.1/pico-sdk/src/rp2_common/pico_malloc/pico_malloc.c.obj (realloc)
c:/progra~2/gnuarm~1/102021~1.10/bin/../lib/gcc/arm-none-eabi/10.3.1/../../../../arm-none-eabi/lib/thumb/v6-m/nofp\libg.a(lib_a-reallocr.o)
                              c:/progra~2/gnuarm~1/102021~1.10/bin/../lib/gcc/arm-none-eabi/10.3.1/../../../../arm-none-eabi/lib/thumb/v6-m/nofp\libg.a(lib_a-realloc.o) (_realloc_r)
c:/progra~2/gnuarm~1/102021~1.10/bin/../lib/gcc/arm-none-eabi/10.3.1/../../../../arm-none-eabi/lib/thumb/v6-m/nofp\libg.a(lib_a-sbrkr.o)
                              c:/progra~2/gnuarm~1/102021~1.10/bin/../lib/gcc/arm-none-eabi/10.3.1/../../../../arm-none-eabi/lib/thumb/v6-m/nofp\libg.a(lib_a-mallocr.o) (_sbrk_r)
c:/progra~2/gnuarm~1/102021~1.10/bin/../lib/gcc/arm-none-eabi/10.3.1/../../../../arm-none-eabi/lib/thumb/v6-m/nofp\libg.a(lib_a-strlen-stub.o)
                              CMakeFiles/zoner_full.dir/C_/Program_Files/Raspberry_Pi/Pico_SDK_v1.5.1/pico-sdk/src/rp2_common/pico_stdio/stdio.c.obj (strlen)
c:/progra~2/gnuarm~1/102021~1.10/bin/../lib/gcc/arm-none-eabi/10.3.1/../../../../arm-none-eabi/lib/thumb/v6-m/nofp\libg.a(lib_a-freer.o)
                              c:/progra~2/gnuarm~1/102021~1.10/bin/../lib/gcc/arm-none-eabi/10.3.1/../../../../arm-none-eabi/lib/thumb/v6-m/nofp\libg.a(lib_a-malloc.o) (_free_r)
[...]
Memory Configuration

Name             Origin             Length             Attributes
FLASH            0x10000000         0x00200000         xr
RAM              0x20000000         0x00040000         xrw
SCRATCH_X        0x20040000         0x00001000         xrw
SCRATCH_Y        0x20041000         0x00001000         xrw
*default*        0x00000000         0xffffffff

Linker script and memory map

LOAD c:/progra~2/gnuarm~1/102021~1.10/bin/../lib/gcc/arm-none-eabi/10.3.1/thumb/v6-m/nofp/crti.o
LOAD c:/progra~2/gnuarm~1/102021~1.10/bin/../lib/gcc/arm-none-eabi/10.3.1/thumb/v6-m/nofp/crtbegin.o
LOAD c:/progra~2/gnuarm~1/102021~1.10/bin/../lib/gcc/arm-none-eabi/10.3.1/../../../../arm-none-eabi/lib/thumb/v6-m/nofp/crt0.o

.flash_begin    0x10000000        0x0
                0x10000000                __flash_binary_start = .

.boot2          0x10000000      0x100
                0x10000000                __boot2_start__ = .
 *(.boot2)
 .boot2         0x10000000      0x100 C:\Users\admin\AppData\Local\Temp\ccGHFv2Z.o
                0x10000100                __boot2_end__ = .
                0x00000001                ASSERT (((__boot2_end__ - __boot2_start__) == 0x100), ERROR: Pico second stage bootloader must be 256 bytes in size)

.text           0x10000100     0x90f8
                0x10000100                __logical_binary_start = .
 *(.vectors)
 .vectors       0x10000100       0xd4 CMakeFiles/zoner_full.dir/C_/Program_Files/Raspberry_Pi/Pico_SDK_v1.5.1/pico-sdk/src/rp2_common/pico_standard_link/crt0.S.obj
                0x10000100                __VECTOR_TABLE
                0x10000100                __vectors
                0x100001c0                isr_invalid
                0x100001c0                __default_isrs_start
                0x100001c2                isr_nmi
                0x100001c4                isr_hardfault
                0x100001c6                isr_svcall
                0x100001c8                isr_pendsv
                0x100001ca                isr_systick
                0x100001cc                isr_irq23
                0x100001cc                isr_irq18
                0x100001cc                isr_irq11
                0x100001cc                isr_irq28
                0x100001cc                isr_irq19
                0x100001cc                isr_irq0
                0x100001cc                isr_irq6
                0x100001cc                isr_irq5
                0x100001cc                isr_irq12
                0x100001cc                isr_irq22
                0x100001cc                isr_irq31
                0x100001cc                isr_irq17
                0x100001cc                isr_irq27
                0x100001cc                isr_irq30
                0x100001cc                isr_irq2
                0x100001cc                isr_irq10
                0x100001cc                isr_irq8
                0x100001cc                isr_irq24
                0x100001cc                isr_irq1
                0x100001cc                isr_irq7
                0x100001cc                isr_irq21
                0x100001cc                isr_irq20
                0x100001cc                isr_irq15
                0x100001cc                isr_irq25
                0x100001cc                isr_irq13
                0x100001cc                __unhandled_user_irq
                0x100001cc                isr_irq4
                0x100001cc                isr_irq16
                0x100001cc                isr_irq29
                0x100001cc                isr_irq26
                0x100001cc                __default_isrs_end
                0x100001cc                isr_irq3
                0x100001cc                isr_irq14
                0x100001cc                isr_irq9
                0x100001d2                unhandled_user_irq_num_in_r0
 *(.binary_info_header)
 .binary_info_header
                0x100001d4       0x14 CMakeFiles/zoner_full.dir/C_/Program_Files/Raspberry_Pi/Pico_SDK_v1.5.1/pico-sdk/src/rp2_common/pico_standard_link/crt0.S.obj
                0x100001e8                __binary_info_header_end = .
 *(.reset)
 .reset         0x100001e8       0xa0 CMakeFiles/zoner_full.dir/C_/Program_Files/Raspberry_Pi/Pico_SDK_v1.5.1/pico-sdk/src/rp2_common/pico_standard_link/crt0.S.obj
                0x100001e8                _entry_point
 .reset         0x10000288       0x30 CMakeFiles/zoner_full.dir/C_/Program_Files/Raspberry_Pi/Pico_SDK_v1.5.1/pico-sdk/src/rp2_common/pico_standard_link/binary_info.c.obj
 *(.init)
 .init          0x100002b8        0x4 c:/progra~2/gnuarm~1/102021~1.10/bin/../lib/gcc/arm-none-eabi/10.3.1/thumb/v6-m/nofp/crti.o
                0x100002b8                _init
 *(EXCLUDE_FILE(*libm.a: *libc.a:*lib_a-mem*.o *libgcc.a:) .text*)
 .text          0x100002bc       0x48 c:/progra~2/gnuarm~1/102021~1.10/bin/../lib/gcc/arm-none-eabi/10.3.1/thumb/v6-m/nofp/crtbegin.o
 .text.uart_pio_program_init
                0x10000304      0x16c CMakeFiles/zoner_full.dir/main.c.obj
 .text.poll_led
                0x10000470      0x948 CMakeFiles/zoner_full.dir/main.c.obj
                0x10000470                poll_led
 .text.main     0x10000db8      0x11c CMakeFiles/zoner_full.dir/main.c.obj
                0x10000db8                main
 .text.gpio_set_function
                0x10000ed4       0x30 CMakeFiles/zoner_full.dir/C_/Program_Files/Raspberry_Pi/Pico_SDK_v1.5.1/pico-sdk/src/rp2_common/hardware_gpio/gpio.c.obj
                0x10000ed4                gpio_set_function
 .text.gpio_set_pulls
                0x10000f04       0x34 CMakeFiles/zoner_full.dir/C_/Program_Files/Raspberry_Pi/Pico_SDK_v1.5.1/pico-sdk/src/rp2_common/hardware_gpio/gpio.c.obj
                0x10000f04                gpio_set_pulls
 .text.gpio_set_irq_callback
                0x10000f38       0x48 CMakeFiles/zoner_full.dir/C_/Program_Files/Raspberry_Pi/Pico_SDK_v1.5.1/pico-sdk/src/rp2_common/hardware_gpio/gpio.c.obj
                0x10000f38                gpio_set_irq_callback
 .text.gpio_acknowledge_irq
                0x10000f80       0x18 CMakeFiles/zoner_full.dir/C_/Program_Files/Raspberry_Pi/Pico_SDK_v1.5.1/pico-sdk/src/rp2_common/hardware_gpio/gpio.c.obj
                0x10000f80                gpio_acknowledge_irq
 .text._gpio_set_irq_enabled
                0x10000f98       0x34 CMakeFiles/zoner_full.dir/C_/Program_Files/Raspberry_Pi/Pico_SDK_v1.5.1/pico-sdk/src/rp2_common/hardware_gpio/gpio.c.obj
 .text.gpio_set_irq_enabled
                0x10000fcc       0x20 CMakeFiles/zoner_full.dir/C_/Program_Files/Raspberry_Pi/Pico_SDK_v1.5.1/pico-sdk/src/rp2_common/hardware_gpio/gpio.c.obj
                0x10000fcc                gpio_set_irq_enabled
 .text.gpio_set_irq_enabled_with_callback
                0x10000fec       0x20 CMakeFiles/zoner_full.dir/C_/Program_Files/Raspberry_Pi/Pico_SDK_v1.5.1/pico-sdk/src/rp2_common/hardware_gpio/gpio.c.obj
                0x10000fec                gpio_set_irq_enabled_with_callback
 .text.gpio_default_irq_handler
                0x1000100c       0x98 CMakeFiles/zoner_full.dir/C_/Program_Files/Raspberry_Pi/Pico_SDK_v1.5.1/pico-sdk/src/rp2_common/hardware_gpio/gpio.c.obj
 .text.gpio_init
                0x100010a4       0x16 CMakeFiles/zoner_full.dir/C_/Program_Files/Raspberry_Pi/Pico_SDK_v1.5.1/pico-sdk/src/rp2_common/hardware_gpio/gpio.c.obj
                0x100010a4                gpio_init
 *fill*         0x100010ba        0x2 
 .text.running_on_fpga
                0x100010bc       0x14 CMakeFiles/zoner_full.dir/C_/Program_Files/Raspberry_Pi/Pico_SDK_v1.5.1/pico-sdk/src/rp2_common/pico_platform/platform.c.obj
                0x100010bc                running_on_fpga
 .text.hw_claim_lock
                0x100010d0       0x18 CMakeFiles/zoner_full.dir/C_/Program_Files/Raspberry_Pi/Pico_SDK_v1.5.1/pico-sdk/src/rp2_common/hardware_claim/claim.c.obj
                0x100010d0                hw_claim_lock
 .text.hw_claim_unlock
                0x100010e8       0x14 CMakeFiles/zoner_full.dir/C_/Program_Files/Raspberry_Pi/Pico_SDK_v1.5.1/pico-sdk/src/rp2_common/hardware_claim/claim.c.obj
                0x100010e8                hw_claim_unlock
 .text.hw_claim_or_assert
                0x100010fc       0x32 CMakeFiles/zoner_full.dir/C_/Program_Files/Raspberry_Pi/Pico_SDK_v1.5.1/pico-sdk/src/rp2_common/hardware_claim/claim.c.obj
                0x100010fc                hw_claim_or_assert
 .text.hw_claim_unused_from_range
                0x1000112e       0x50 CMakeFiles/zoner_full.dir/C_/Program_Files/Raspberry_Pi/Pico_SDK_v1.5.1/pico-sdk/src/rp2_common/hardware_claim/claim.c.obj
                0x1000112e                hw_claim_unused_from_range
 *fill*         0x1000117e        0x2 
 .text.spin_locks_reset
                0x10001180       0x20 CMakeFiles/zoner_full.dir/C_/Program_Files/Raspberry_Pi/Pico_SDK_v1.5.1/pico-sdk/src/rp2_common/hardware_sync/sync.c.obj
                0x10001180                spin_locks_reset
 .text.next_striped_spin_lock_num
                0x100011a0       0x1c CMakeFiles/zoner_full.dir/C_/Program_Files/Raspberry_Pi/Pico_SDK_v1.5.1/pico-sdk/src/rp2_common/hardware_sync/sync.c.obj
                0x100011a0                next_striped_spin_lock_num
 .text.spin_lock_claim_unused
                0x100011bc       0x20 CMakeFiles/zoner_full.dir/C_/Program_Files/Raspberry_Pi/Pico_SDK_v1.5.1/pico-sdk/src/rp2_common/hardware_sync/sync.c.obj
                0x100011bc                spin_lock_claim_unused
 .text.set_raw_irq_handler_and_unlock
                0x100011dc       0x28 CMakeFiles/zoner_full.dir/C_/Program_Files/Raspberry_Pi/Pico_SDK_v1.5.1/pico-sdk/src/rp2_common/hardware_irq/irq.c.obj
 .text.make_branch
                0x10001204       0x48 CMakeFiles/zoner_full.dir/C_/Program_Files/Raspberry_Pi/Pico_SDK_v1.5.1/pico-sdk/src/rp2_common/hardware_irq/irq.c.obj
 .text.insert_branch_and_link
                0x1000124c       0x40 CMakeFiles/zoner_full.dir/C_/Program_Files/Raspberry_Pi/Pico_SDK_v1.5.1/pico-sdk/src/rp2_common/hardware_irq/irq.c.obj
 .text.irq_is_enabled
                0x1000128c       0x18 CMakeFiles/zoner_full.dir/C_/Program_Files/Raspberry_Pi/Pico_SDK_v1.5.1/pico-sdk/src/rp2_common/hardware_irq/irq.c.obj
                0x1000128c                irq_is_enabled
 .text.irq_set_mask_enabled
                0x100012a4       0x20 CMakeFiles/zoner_full.dir/C_/Program_Files/Raspberry_Pi/Pico_SDK_v1.5.1/pico-sdk/src/rp2_common/hardware_irq/irq.c.obj
                0x100012a4                irq_set_mask_enabled
 .text.irq_set_enabled
                0x100012c4        0xe CMakeFiles/zoner_full.dir/C_/Program_Files/Raspberry_Pi/Pico_SDK_v1.5.1/pico-sdk/src/rp2_common/hardware_irq/irq.c.obj
                0x100012c4                irq_set_enabled
 *fill*         0x100012d2        0x2 
 .text.irq_set_pending
                0x100012d4       0x10 CMakeFiles/zoner_full.dir/C_/Program_Files/Raspberry_Pi/Pico_SDK_v1.5.1/pico-sdk/src/rp2_common/hardware_irq/irq.c.obj
                0x100012d4                irq_set_pending
 .text.irq_get_vtable_handler
                0x100012e4       0x10 CMakeFiles/zoner_full.dir/C_/Program_Files/Raspberry_Pi/Pico_SDK_v1.5.1/pico-sdk/src/rp2_common/hardware_irq/irq.c.obj
                0x100012e4                irq_get_vtable_handler
 .text.irq_has_shared_handler
                0x100012f4       0x24 CMakeFiles/zoner_full.dir/C_/Program_Files/Raspberry_Pi/Pico_SDK_v1.5.1/pico-sdk/src/rp2_common/hardware_irq/irq.c.obj
                0x100012f4                irq_has_shared_handler
 .text.irq_set_exclusive_handler
                0x10001318       0x54 CMakeFiles/zoner_full.dir/C_/Program_Files/Raspberry_Pi/Pico_SDK_v1.5.1/pico-sdk/src/rp2_common/hardware_irq/irq.c.obj
                0x10001318                irq_set_exclusive_handler
 .text.irq_add_shared_handler
                0x1000136c      0x234 CMakeFiles/zoner_full.dir/C_/Program_Files/Raspberry_Pi/Pico_SDK_v1.5.1/pico-sdk/src/rp2_common/hardware_irq/irq.c.obj
                0x1000136c                irq_add_shared_handler
 .text.irq_remove_handler
                0x100015a0      0x1ac CMakeFiles/zoner_full.dir/C_/Program_Files/Raspberry_Pi/Pico_SDK_v1.5.1/pico-sdk/src/rp2_common/hardware_irq/irq.c.obj
                0x100015a0                irq_remove_handler
 .text.irq_add_tail_to_free_list
                0x1000174c       0xf0 CMakeFiles/zoner_full.dir/C_/Program_Files/Raspberry_Pi/Pico_SDK_v1.5.1/pico-sdk/src/rp2_common/hardware_irq/irq.c.obj
                0x1000174c                irq_add_tail_to_free_list
 .text.irq_init_priorities
                0x1000183c       0x1c CMakeFiles/zoner_full.dir/C_/Program_Files/Raspberry_Pi/Pico_SDK_v1.5.1/pico-sdk/src/rp2_common/hardware_irq/irq.c.obj
                0x1000183c                irq_init_priorities
 .text.user_irq_claim_unused
                0x10001858       0x28 CMakeFiles/zoner_full.dir/C_/Program_Files/Raspberry_Pi/Pico_SDK_v1.5.1/pico-sdk/src/rp2_common/hardware_irq/irq.c.obj
                0x10001858                user_irq_claim_unused
 .text.lock_init
                0x10001880       0x10 CMakeFiles/zoner_full.dir/C_/Program_Files/Raspberry_Pi/Pico_SDK_v1.5.1/pico-sdk/src/common/pico_sync/lock_core.c.obj
                0x10001880                lock_init
 .text.mutex_init
                0x10001890       0x1a CMakeFiles/zoner_full.dir/C_/Program_Files/Raspberry_Pi/Pico_SDK_v1.5.1/pico-sdk/src/common/pico_sync/mutex.c.obj
                0x10001890                mutex_init
 .text.recursive_mutex_init
                0x100018aa       0x1e CMakeFiles/zoner_full.dir/C_/Program_Files/Raspberry_Pi/Pico_SDK_v1.5.1/pico-sdk/src/common/pico_sync/mutex.c.obj
                0x100018aa                recursive_mutex_init
 .text.critical_section_init_with_lock_num
                0x100018c8       0x14 CMakeFiles/zoner_full.dir/C_/Program_Files/Raspberry_Pi/Pico_SDK_v1.5.1/pico-sdk/src/common/pico_sync/critical_section.c.obj
                0x100018c8                critical_section_init_with_lock_num
 .text.critical_section_init
                0x100018dc       0x14 CMakeFiles/zoner_full.dir/C_/Program_Files/Raspberry_Pi/Pico_SDK_v1.5.1/pico-sdk/src/common/pico_sync/critical_section.c.obj
                0x100018dc                critical_section_init
 .text.alarm_pool_post_alloc_init
                0x100018f0       0x40 CMakeFiles/zoner_full.dir/C_/Program_Files/Raspberry_Pi/Pico_SDK_v1.5.1/pico-sdk/src/common/pico_time/time.c.obj
 .text.sleep_until_callback
                0x10001930       0x30 CMakeFiles/zoner_full.dir/C_/Program_Files/Raspberry_Pi/Pico_SDK_v1.5.1/pico-sdk/src/common/pico_time/time.c.obj
 .text.timer_pool_entry_comparator
                0x10001960       0x7c CMakeFiles/zoner_full.dir/C_/Program_Files/Raspberry_Pi/Pico_SDK_v1.5.1/pico-sdk/src/common/pico_time/time.c.obj
                0x10001960                timer_pool_entry_comparator
 .text.ph_add_child_node
                0x100019dc       0xa4 CMakeFiles/zoner_full.dir/C_/Program_Files/Raspberry_Pi/Pico_SDK_v1.5.1/pico-sdk/src/common/pico_time/time.c.obj
 .text.ph_merge_nodes
                0x10001a80       0x3e CMakeFiles/zoner_full.dir/C_/Program_Files/Raspberry_Pi/Pico_SDK_v1.5.1/pico-sdk/src/common/pico_time/time.c.obj
 *fill*         0x10001abe        0x2 
 .text.add_alarm_under_lock
                0x10001ac0      0x174 CMakeFiles/zoner_full.dir/C_/Program_Files/Raspberry_Pi/Pico_SDK_v1.5.1/pico-sdk/src/common/pico_time/time.c.obj
 .text.alarm_pool_alarm_callback
                0x10001c34      0x33c CMakeFiles/zoner_full.dir/C_/Program_Files/Raspberry_Pi/Pico_SDK_v1.5.1/pico-sdk/src/common/pico_time/time.c.obj
 .text.alarm_pool_init_default
                0x10001f70       0x40 CMakeFiles/zoner_full.dir/C_/Program_Files/Raspberry_Pi/Pico_SDK_v1.5.1/pico-sdk/src/common/pico_time/time.c.obj
                0x10001f70                alarm_pool_init_default
 .text.alarm_pool_get_default
                0x10001fb0       0x2c CMakeFiles/zoner_full.dir/C_/Program_Files/Raspberry_Pi/Pico_SDK_v1.5.1/pico-sdk/src/common/pico_time/time.c.obj
                0x10001fb0                alarm_pool_get_default
 .text.alarm_pool_add_alarm_at
                0x10001fdc      0x168 CMakeFiles/zoner_full.dir/C_/Program_Files/Raspberry_Pi/Pico_SDK_v1.5.1/pico-sdk/src/common/pico_time/time.c.obj
                0x10001fdc                alarm_pool_add_alarm_at
 .text.alarm_pool_cancel_alarm
                0x10002144       0xf8 CMakeFiles/zoner_full.dir/C_/Program_Files/Raspberry_Pi/Pico_SDK_v1.5.1/pico-sdk/src/common/pico_time/time.c.obj
                0x10002144                alarm_pool_cancel_alarm
 .text.alarm_pool_core_num
                0x1000223c        0x4 CMakeFiles/zoner_full.dir/C_/Program_Files/Raspberry_Pi/Pico_SDK_v1.5.1/pico-sdk/src/common/pico_time/time.c.obj
                0x1000223c                alarm_pool_core_num
 .text.sleep_until
                0x10002240       0xfc CMakeFiles/zoner_full.dir/C_/Program_Files/Raspberry_Pi/Pico_SDK_v1.5.1/pico-sdk/src/common/pico_time/time.c.obj
                0x10002240                sleep_until
 .text.sleep_us
                0x1000233c       0x58 CMakeFiles/zoner_full.dir/C_/Program_Files/Raspberry_Pi/Pico_SDK_v1.5.1/pico-sdk/src/common/pico_time/time.c.obj
                0x1000233c                sleep_us
 .text.sleep_ms
                0x10002394       0x14 CMakeFiles/zoner_full.dir/C_/Program_Files/Raspberry_Pi/Pico_SDK_v1.5.1/pico-sdk/src/common/pico_time/time.c.obj
                0x10002394                sleep_ms
 .text.best_effort_wfe_or_timeout
                0x100023a8       0xac CMakeFiles/zoner_full.dir/C_/Program_Files/Raspberry_Pi/Pico_SDK_v1.5.1/pico-sdk/src/common/pico_time/time.c.obj
                0x100023a8                best_effort_wfe_or_timeout
 .text.hardware_alarm_irq_handler
                0x10002454       0x90 CMakeFiles/zoner_full.dir/C_/Program_Files/Raspberry_Pi/Pico_SDK_v1.5.1/pico-sdk/src/rp2_common/hardware_timer/timer.c.obj
 .text.hardware_alarm_claim
                0x100024e4       0x18 CMakeFiles/zoner_full.dir/C_/Program_Files/Raspberry_Pi/Pico_SDK_v1.5.1/pico-sdk/src/rp2_common/hardware_timer/timer.c.obj
                0x100024e4                hardware_alarm_claim
 .text.time_us_64
                0x100024fc       0x18 CMakeFiles/zoner_full.dir/C_/Program_Files/Raspberry_Pi/Pico_SDK_v1.5.1/pico-sdk/src/rp2_common/hardware_timer/timer.c.obj
                0x100024fc                time_us_64
 .text.busy_wait_until
                0x10002514       0x28 CMakeFiles/zoner_full.dir/C_/Program_Files/Raspberry_Pi/Pico_SDK_v1.5.1/pico-sdk/src/rp2_common/hardware_timer/timer.c.obj
                0x10002514                busy_wait_until
 .text.busy_wait_us
                0x1000253c       0x48 CMakeFiles/zoner_full.dir/C_/Program_Files/Raspberry_Pi/Pico_SDK_v1.5.1/pico-sdk/src/rp2_common/hardware_timer/timer.c.obj
                0x1000253c                busy_wait_us
 .text.hardware_alarm_set_callback
                0x10002584       0x90 CMakeFiles/zoner_full.dir/C_/Program_Files/Raspberry_Pi/Pico_SDK_v1.5.1/pico-sdk/src/rp2_common/hardware_timer/timer.c.obj
                0x10002584                hardware_alarm_set_callback
 .text.hardware_alarm_set_target
                0x10002614       0xe8 CMakeFiles/zoner_full.dir/C_/Program_Files/Raspberry_Pi/Pico_SDK_v1.5.1/pico-sdk/src/rp2_common/hardware_timer/timer.c.obj
                0x10002614                hardware_alarm_set_target
 .text.hardware_alarm_cancel
                0x100026fc       0x40 CMakeFiles/zoner_full.dir/C_/Program_Files/Raspberry_Pi/Pico_SDK_v1.5.1/pico-sdk/src/rp2_common/hardware_timer/timer.c.obj
                0x100026fc                hardware_alarm_cancel
 .text.ph_add_child_node
                0x1000273c       0xa4 CMakeFiles/zoner_full.dir/C_/Program_Files/Raspberry_Pi/Pico_SDK_v1.5.1/pico-sdk/src/common/pico_util/pheap.c.obj
 .text.ph_merge_nodes
                0x100027e0       0x3e CMakeFiles/zoner_full.dir/C_/Program_Files/Raspberry_Pi/Pico_SDK_v1.5.1/pico-sdk/src/common/pico_util/pheap.c.obj
 *fill*         0x1000281e        0x2 
 .text.ph_clear
                0x10002820       0x70 CMakeFiles/zoner_full.dir/C_/Program_Files/Raspberry_Pi/Pico_SDK_v1.5.1/pico-sdk/src/common/pico_util/pheap.c.obj
                0x10002820                ph_clear
 .text.ph_post_alloc_init
                0x10002890        0xe CMakeFiles/zoner_full.dir/C_/Program_Files/Raspberry_Pi/Pico_SDK_v1.5.1/pico-sdk/src/common/pico_util/pheap.c.obj
                0x10002890                ph_post_alloc_init
 *fill*         0x1000289e        0x2 
 .text.ph_merge_two_pass
                0x100028a0       0xa8 CMakeFiles/zoner_full.dir/C_/Program_Files/Raspberry_Pi/Pico_SDK_v1.5.1/pico-sdk/src/common/pico_util/pheap.c.obj
                0x100028a0                ph_merge_two_pass
 .text.ph_remove_any_head
                0x10002948      0x128 CMakeFiles/zoner_full.dir/C_/Program_Files/Raspberry_Pi/Pico_SDK_v1.5.1/pico-sdk/src/common/pico_util/pheap.c.obj
 .text.ph_remove_head
                0x10002a70       0x14 CMakeFiles/zoner_full.dir/C_/Program_Files/Raspberry_Pi/Pico_SDK_v1.5.1/pico-sdk/src/common/pico_util/pheap.c.obj
                0x10002a70                ph_remove_head
 .text.ph_remove_and_free_node
                0x10002a84       0xf8 CMakeFiles/zoner_full.dir/C_/Program_Files/Raspberry_Pi/Pico_SDK_v1.5.1/pico-sdk/src/common/pico_util/pheap.c.obj
                0x10002a84                ph_remove_and_free_node
 .text.uart_disable_before_lcr_write
                0x10002b7c       0x48 CMakeFiles/zoner_full.dir/C_/Program_Files/Raspberry_Pi/Pico_SDK_v1.5.1/pico-sdk/src/rp2_common/hardware_uart/uart.c.obj
 .text.uart_write_lcr_bits_masked
                0x10002bc4       0x22 CMakeFiles/zoner_full.dir/C_/Program_Files/Raspberry_Pi/Pico_SDK_v1.5.1/pico-sdk/src/rp2_common/hardware_uart/uart.c.obj
 *fill*         0x10002be6        0x2 
 .text.uart_set_baudrate
                0x10002be8       0x5c CMakeFiles/zoner_full.dir/C_/Program_Files/Raspberry_Pi/Pico_SDK_v1.5.1/pico-sdk/src/rp2_common/hardware_uart/uart.c.obj
                0x10002be8                uart_set_baudrate
 .text.uart_set_format
                0x10002c44       0x2c CMakeFiles/zoner_full.dir/C_/Program_Files/Raspberry_Pi/Pico_SDK_v1.5.1/pico-sdk/src/rp2_common/hardware_uart/uart.c.obj
                0x10002c44                uart_set_format
 .text.uart_set_translate_crlf
                0x10002c70       0x28 CMakeFiles/zoner_full.dir/C_/Program_Files/Raspberry_Pi/Pico_SDK_v1.5.1/pico-sdk/src/rp2_common/hardware_uart/uart.c.obj
                0x10002c70                uart_set_translate_crlf
 .text.uart_init
                0x10002c98       0x80 CMakeFiles/zoner_full.dir/C_/Program_Files/Raspberry_Pi/Pico_SDK_v1.5.1/pico-sdk/src/rp2_common/hardware_uart/uart.c.obj
                0x10002c98                uart_init
 .text.clock_configure
                0x10002d18      0x108 CMakeFiles/zoner_full.dir/C_/Program_Files/Raspberry_Pi/Pico_SDK_v1.5.1/pico-sdk/src/rp2_common/hardware_clocks/clocks.c.obj
                0x10002d18                clock_configure
 .text.clocks_init
                0x10002e20      0x100 CMakeFiles/zoner_full.dir/C_/Program_Files/Raspberry_Pi/Pico_SDK_v1.5.1/pico-sdk/src/rp2_common/hardware_clocks/clocks.c.obj
                0x10002e20                clocks_init
 .text.clock_get_hz
                0x10002f20        0xc CMakeFiles/zoner_full.dir/C_/Program_Files/Raspberry_Pi/Pico_SDK_v1.5.1/pico-sdk/src/rp2_common/hardware_clocks/clocks.c.obj
                0x10002f20                clock_get_hz
 .text.pll_init
                0x10002f2c      0x120 CMakeFiles/zoner_full.dir/C_/Program_Files/Raspberry_Pi/Pico_SDK_v1.5.1/pico-sdk/src/rp2_common/hardware_pll/pll.c.obj
                0x10002f2c                pll_init
 .text.watchdog_start_tick
                0x1000304c       0x10 CMakeFiles/zoner_full.dir/C_/Program_Files/Raspberry_Pi/Pico_SDK_v1.5.1/pico-sdk/src/rp2_common/hardware_watchdog/watchdog.c.obj
                0x1000304c                watchdog_start_tick
 .text.watchdog_update
                0x1000305c       0x14 CMakeFiles/zoner_full.dir/C_/Program_Files/Raspberry_Pi/Pico_SDK_v1.5.1/pico-sdk/src/rp2_common/hardware_watchdog/watchdog.c.obj
                0x1000305c                watchdog_update
 .text._watchdog_enable
                0x10003070       0x78 CMakeFiles/zoner_full.dir/C_/Program_Files/Raspberry_Pi/Pico_SDK_v1.5.1/pico-sdk/src/rp2_common/hardware_watchdog/watchdog.c.obj
                0x10003070                _watchdog_enable
 .text.watchdog_reboot
                0x100030e8       0x48 CMakeFiles/zoner_full.dir/C_/Program_Files/Raspberry_Pi/Pico_SDK_v1.5.1/pico-sdk/src/rp2_common/hardware_watchdog/watchdog.c.obj
                0x100030e8                watchdog_reboot
 .text.xosc_init
                0x10003130       0x28 CMakeFiles/zoner_full.dir/C_/Program_Files/Raspberry_Pi/Pico_SDK_v1.5.1/pico-sdk/src/rp2_common/hardware_xosc/xosc.c.obj
                0x10003130                xosc_init
 .text._exit    0x10003158        0x4 CMakeFiles/zoner_full.dir/C_/Program_Files/Raspberry_Pi/Pico_SDK_v1.5.1/pico-sdk/src/rp2_common/pico_runtime/runtime.c.obj
                0x10003158                _exit
 .text.exit     0x1000315c        0x6 CMakeFiles/zoner_full.dir/C_/Program_Files/Raspberry_Pi/Pico_SDK_v1.5.1/pico-sdk/src/rp2_common/pico_runtime/runtime.c.obj
                0x1000315c                exit
 *fill*         0x10003162        0x2 
 .text.__assert_func
                0x10003164       0x3c CMakeFiles/zoner_full.dir/C_/Program_Files/Raspberry_Pi/Pico_SDK_v1.5.1/pico-sdk/src/rp2_common/pico_runtime/runtime.c.obj
                0x10003164                __assert_func
 .text.runtime_init
                0x100031a0       0xf8 CMakeFiles/zoner_full.dir/C_/Program_Files/Raspberry_Pi/Pico_SDK_v1.5.1/pico-sdk/src/rp2_common/pico_runtime/runtime.c.obj
                0x100031a0                runtime_init
 .text.panic    0x10003298       0x30 CMakeFiles/zoner_full.dir/C_/Program_Files/Raspberry_Pi/Pico_SDK_v1.5.1/pico-sdk/src/rp2_common/pico_runtime/runtime.c.obj
                0x10003298                panic
 .text._out_null
                0x100032c8        0x2 CMakeFiles/zoner_full.dir/C_/Program_Files/Raspberry_Pi/Pico_SDK_v1.5.1/pico-sdk/src/rp2_common/pico_printf/printf.c.obj
 .text._out_fct
                0x100032ca        0xe CMakeFiles/zoner_full.dir/C_/Program_Files/Raspberry_Pi/Pico_SDK_v1.5.1/pico-sdk/src/rp2_common/pico_printf/printf.c.obj
 .text._atoi    0x100032d8       0x24 CMakeFiles/zoner_full.dir/C_/Program_Files/Raspberry_Pi/Pico_SDK_v1.5.1/pico-sdk/src/rp2_common/pico_printf/printf.c.obj
 .text._out_rev
                0x100032fc       0xae CMakeFiles/zoner_full.dir/C_/Program_Files/Raspberry_Pi/Pico_SDK_v1.5.1/pico-sdk/src/rp2_common/pico_printf/printf.c.obj
 .text._ntoa_format
                0x100033aa      0x112 CMakeFiles/zoner_full.dir/C_/Program_Files/Raspberry_Pi/Pico_SDK_v1.5.1/pico-sdk/src/rp2_common/pico_printf/printf.c.obj
 .text._ntoa_long
                0x100034bc       0xbc CMakeFiles/zoner_full.dir/C_/Program_Files/Raspberry_Pi/Pico_SDK_v1.5.1/pico-sdk/src/rp2_common/pico_printf/printf.c.obj
 .text._ntoa_long_long
                0x10003578       0xe2 CMakeFiles/zoner_full.dir/C_/Program_Files/Raspberry_Pi/Pico_SDK_v1.5.1/pico-sdk/src/rp2_common/pico_printf/printf.c.obj
 *fill*         0x1000365a        0x2 
 .text._etoa    0x1000365c      0x414 CMakeFiles/zoner_full.dir/C_/Program_Files/Raspberry_Pi/Pico_SDK_v1.5.1/pico-sdk/src/rp2_common/pico_printf/printf.c.obj
 .text._ftoa    0x10003a70      0x354 CMakeFiles/zoner_full.dir/C_/Program_Files/Raspberry_Pi/Pico_SDK_v1.5.1/pico-sdk/src/rp2_common/pico_printf/printf.c.obj
 .text._vsnprintf
                0x10003dc4      0x624 CMakeFiles/zoner_full.dir/C_/Program_Files/Raspberry_Pi/Pico_SDK_v1.5.1/pico-sdk/src/rp2_common/pico_printf/printf.c.obj
 .text.vfctprintf
                0x100043e8       0x20 CMakeFiles/zoner_full.dir/C_/Program_Files/Raspberry_Pi/Pico_SDK_v1.5.1/pico-sdk/src/rp2_common/pico_printf/printf.c.obj
                0x100043e8                vfctprintf
 .text          0x10004408       0x10 CMakeFiles/zoner_full.dir/C_/Program_Files/Raspberry_Pi/Pico_SDK_v1.5.1/pico-sdk/src/rp2_common/pico_bit_ops/bit_ops_aeabi.S.obj
 .text.ctzsi    0x10004418        0xc CMakeFiles/zoner_full.dir/C_/Program_Files/Raspberry_Pi/Pico_SDK_v1.5.1/pico-sdk/src/rp2_common/pico_bit_ops/bit_ops_aeabi.S.obj
                0x10004418                __wrap___ctzsi2
 .text.rom_func_lookup
                0x10004424       0x10 CMakeFiles/zoner_full.dir/C_/Program_Files/Raspberry_Pi/Pico_SDK_v1.5.1/pico-sdk/src/rp2_common/pico_bootrom/bootrom.c.obj
                0x10004424                rom_func_lookup
 .text.rom_data_lookup
                0x10004434       0x10 CMakeFiles/zoner_full.dir/C_/Program_Files/Raspberry_Pi/Pico_SDK_v1.5.1/pico-sdk/src/rp2_common/pico_bootrom/bootrom.c.obj
                0x10004434                rom_data_lookup
 .text.rom_funcs_lookup
                0x10004444       0x36 CMakeFiles/zoner_full.dir/C_/Program_Files/Raspberry_Pi/Pico_SDK_v1.5.1/pico-sdk/src/rp2_common/pico_bootrom/bootrom.c.obj
                0x10004444                rom_funcs_lookup
 *fill*         0x1000447a        0x2 
 .text.__wrap___aeabi_idiv
                0x1000447c       0x50 CMakeFiles/zoner_full.dir/C_/Program_Files/Raspberry_Pi/Pico_SDK_v1.5.1/pico-sdk/src/rp2_common/pico_divider/divider.S.obj
                0x1000447c                __wrap___aeabi_idivmod
                0x1000447c                divmod_s32s32
                0x1000447c                div_s32s32
                0x1000447c                __wrap___aeabi_idiv
                0x10004484                divmod_s32s32_unsafe
                0x100044b0                divmod_s32s32_savestate
 .text.__wrap___aeabi_uidiv
                0x100044cc       0x4c CMakeFiles/zoner_full.dir/C_/Program_Files/Raspberry_Pi/Pico_SDK_v1.5.1/pico-sdk/src/rp2_common/pico_divider/divider.S.obj
                0x100044cc                __wrap___aeabi_uidiv
                0x100044cc                __wrap___aeabi_uidivmod
                0x100044cc                div_u32u32
                0x100044cc                divmod_u32u32
                0x100044d4                divmod_u32u32_unsafe
                0x100044fc                divmod_u32u32_savestate
 .text.__wrap___aeabi_ldiv
                0x10004518      0x424 CMakeFiles/zoner_full.dir/C_/Program_Files/Raspberry_Pi/Pico_SDK_v1.5.1/pico-sdk/src/rp2_common/pico_divider/divider.S.obj
                0x10004518                div_s64s64
                0x10004518                divmod_s64s64
                0x10004518                __wrap___aeabi_ldivmod
                0x10004548                divmod_u64u64
                0x10004548                div_u64u64
                0x10004548                __wrap___aeabi_uldivmod
                0x10004558                divmod_u64u64_savestate
                0x10004578                divmod_s64s64_unsafe
                0x10004600                divmod_u64u64_unsafe
 .text.__wrap___aeabi_darithmetic
                0x1000493c       0x80 CMakeFiles/zoner_full.dir/C_/Program_Files/Raspberry_Pi/Pico_SDK_v1.5.1/pico-sdk/src/rp2_common/pico_double/double_aeabi.S.obj
                0x1000493c                __wrap___aeabi_drsub
                0x10004942                __wrap___aeabi_dsub
                0x10004954                __wrap___aeabi_dadd
                0x10004966                __wrap___aeabi_ddiv
                0x100049a2                __wrap___aeabi_dmul
 .text.__wrap___aeabi_cdcmple
                0x100049bc       0x6c CMakeFiles/zoner_full.dir/C_/Program_Files/Raspberry_Pi/Pico_SDK_v1.5.1/pico-sdk/src/rp2_common/pico_double/double_aeabi.S.obj
                0x100049bc                __wrap___aeabi_cdrcmple
                0x100049cc                __wrap___aeabi_cdcmpeq
                0x100049cc                __wrap___aeabi_cdcmple
 .text.__wrap___aeabi_dcmplt
                0x10004a28        0xc CMakeFiles/zoner_full.dir/C_/Program_Files/Raspberry_Pi/Pico_SDK_v1.5.1/pico-sdk/src/rp2_common/pico_double/double_aeabi.S.obj
                0x10004a28                __wrap___aeabi_dcmplt
 .text.__wrap___aeabi_dcmple
                0x10004a34       0x10 CMakeFiles/zoner_full.dir/C_/Program_Files/Raspberry_Pi/Pico_SDK_v1.5.1/pico-sdk/src/rp2_common/pico_double/double_aeabi.S.obj
                0x10004a34                __wrap___aeabi_dcmple
 .text.__wrap___aeabi_dcmpge
                0x10004a44       0x10 CMakeFiles/zoner_full.dir/C_/Program_Files/Raspberry_Pi/Pico_SDK_v1.5.1/pico-sdk/src/rp2_common/pico_double/double_aeabi.S.obj
                0x10004a44                __wrap___aeabi_dcmpge
 .text.__wrap___aeabi_dcmpgt
                0x10004a54        0xa CMakeFiles/zoner_full.dir/C_/Program_Files/Raspberry_Pi/Pico_SDK_v1.5.1/pico-sdk/src/rp2_common/pico_double/double_aeabi.S.obj
                0x10004a54                __wrap___aeabi_dcmpgt
 .text.__wrap___aeabi_dcmpun
                0x10004a5e       0x1c CMakeFiles/zoner_full.dir/C_/Program_Files/Raspberry_Pi/Pico_SDK_v1.5.1/pico-sdk/src/rp2_common/pico_double/double_aeabi.S.obj
                0x10004a5e                __wrap___aeabi_dcmpun
 *fill*         0x10004a7a        0x2 
 .text.__wrap___aeabi_i2d
                0x10004a7c       0x38 CMakeFiles/zoner_full.dir/C_/Program_Files/Raspberry_Pi/Pico_SDK_v1.5.1/pico-sdk/src/rp2_common/pico_double/double_aeabi.S.obj
                0x10004a7c                __wrap___aeabi_ui2d
                0x10004a84                __wrap___aeabi_i2d
 .text.__wrap___aeabi_d2iz
                0x10004ab4       0x48 CMakeFiles/zoner_full.dir/C_/Program_Files/Raspberry_Pi/Pico_SDK_v1.5.1/pico-sdk/src/rp2_common/pico_double/double_aeabi.S.obj
                0x10004ab4                double2int_z
                0x10004ab4                __wrap___aeabi_d2iz
 .text.__wrap___aeabi_d2uiz
                0x10004afc       0x18 CMakeFiles/zoner_full.dir/C_/Program_Files/Raspberry_Pi/Pico_SDK_v1.5.1/pico-sdk/src/rp2_common/pico_double/double_aeabi.S.obj
                0x10004afc                __wrap___aeabi_d2uiz
                0x10004afc                double2uint
 .text.__aeabi_double_init
                0x10004b14       0xc8 CMakeFiles/zoner_full.dir/C_/Program_Files/Raspberry_Pi/Pico_SDK_v1.5.1/pico-sdk/src/rp2_common/pico_double/double_init_rom.c.obj
                0x10004b14                __aeabi_double_init
 .text.double_table_shim_on_use_helper
                0x10004bdc       0x34 CMakeFiles/zoner_full.dir/C_/Program_Files/Raspberry_Pi/Pico_SDK_v1.5.1/pico-sdk/src/rp2_common/pico_double/double_v1_rom_shim.S.obj
                0x10004bdc                double_table_shim_on_use_helper
 .text.__wrap___aeabi_dsub
                0x10004c10       0x10 CMakeFiles/zoner_full.dir/C_/Program_Files/Raspberry_Pi/Pico_SDK_v1.5.1/pico-sdk/src/rp2_common/pico_double/double_v1_rom_shim.S.obj
                0x10004c10                drsub_shim
                0x10004c16                dsub_shim
 .text.dadd_shim
                0x10004c20      0x15c CMakeFiles/zoner_full.dir/C_/Program_Files/Raspberry_Pi/Pico_SDK_v1.5.1/pico-sdk/src/rp2_common/pico_double/double_v1_rom_shim.S.obj
                0x10004c20                dadd_shim
 .text.dmul_shim
                0x10004d7c      0x15c CMakeFiles/zoner_full.dir/C_/Program_Files/Raspberry_Pi/Pico_SDK_v1.5.1/pico-sdk/src/rp2_common/pico_double/double_v1_rom_shim.S.obj
                0x10004d7c                dmul_shim
 .text.ddiv_shim
                0x10004ed8      0x1b0 CMakeFiles/zoner_full.dir/C_/Program_Files/Raspberry_Pi/Pico_SDK_v1.5.1/pico-sdk/src/rp2_common/pico_double/double_v1_rom_shim.S.obj
                0x10004ed8                ddiv_shim
 .text.double2uint_shim
                0x10005088        0xe CMakeFiles/zoner_full.dir/C_/Program_Files/Raspberry_Pi/Pico_SDK_v1.5.1/pico-sdk/src/rp2_common/pico_double/double_v1_rom_shim.S.obj
                0x10005088                double2uint_shim
                0x1000508a                double2ufix_shim
 *fill*         0x10005096        0x2 
 .text.double2uint64_shim
                0x10005098       0x70 CMakeFiles/zoner_full.dir/C_/Program_Files/Raspberry_Pi/Pico_SDK_v1.5.1/pico-sdk/src/rp2_common/pico_double/double_v1_rom_shim.S.obj
                0x10005098                double2uint64_shim
                0x1000509a                double2ufix64_shim
                0x100050ba                d2fix_a
 .text.dunpacks
                0x10005108       0x3c CMakeFiles/zoner_full.dir/C_/Program_Files/Raspberry_Pi/Pico_SDK_v1.5.1/pico-sdk/src/rp2_common/pico_double/double_v1_rom_shim.S.obj
                0x10005108                dunpacks
 .text.__aeabi_lmul
                0x10005144       0x32 CMakeFiles/zoner_full.dir/C_/Program_Files/Raspberry_Pi/Pico_SDK_v1.5.1/pico-sdk/src/rp2_common/pico_int64_ops/pico_int64_ops_aeabi.S.obj
                0x10005144                __wrap___aeabi_lmul
 *fill*         0x10005176        0x2 
 .text.__wrap___aeabi_farithmetic
                0x10005178       0x58 CMakeFiles/zoner_full.dir/C_/Program_Files/Raspberry_Pi/Pico_SDK_v1.5.1/pico-sdk/src/rp2_common/pico_float/float_aeabi.S.obj
                0x10005178                __wrap___aeabi_frsub
                0x1000517e                __wrap___aeabi_fsub
                0x10005188                __wrap___aeabi_fadd
                0x10005192                __wrap___aeabi_fdiv
                0x100051be                __wrap___aeabi_fmul
 .text.__wrap___aeabi_ui2f
                0x100051d0        0xa CMakeFiles/zoner_full.dir/C_/Program_Files/Raspberry_Pi/Pico_SDK_v1.5.1/pico-sdk/src/rp2_common/pico_float/float_aeabi.S.obj
                0x100051d0                __wrap___aeabi_ui2f
 *fill*         0x100051da        0x2 
 .text.__wrap___aeabi_i2f
                0x100051dc       0x44 CMakeFiles/zoner_full.dir/C_/Program_Files/Raspberry_Pi/Pico_SDK_v1.5.1/pico-sdk/src/rp2_common/pico_float/float_aeabi.S.obj
                0x100051dc                __wrap___aeabi_i2f
 .text.__wrap___aeabi_f2uiz
                0x10005220       0x10 CMakeFiles/zoner_full.dir/C_/Program_Files/Raspberry_Pi/Pico_SDK_v1.5.1/pico-sdk/src/rp2_common/pico_float/float_aeabi.S.obj
                0x10005220                __wrap___aeabi_f2uiz
 .text.__aeabi_float_init
                0x10005230       0xfc CMakeFiles/zoner_full.dir/C_/Program_Files/Raspberry_Pi/Pico_SDK_v1.5.1/pico-sdk/src/rp2_common/pico_float/float_init_rom.c.obj
                0x10005230                __aeabi_float_init
 .text.float_table_shim_on_use_helper
                0x1000532c       0x34 CMakeFiles/zoner_full.dir/C_/Program_Files/Raspberry_Pi/Pico_SDK_v1.5.1/pico-sdk/src/rp2_common/pico_float/float_v1_rom_shim.S.obj
                0x1000532c                float_table_shim_on_use_helper
 .text          0x10005360       0x10 CMakeFiles/zoner_full.dir/C_/Program_Files/Raspberry_Pi/Pico_SDK_v1.5.1/pico-sdk/src/rp2_common/pico_mem_ops/mem_ops_aeabi.S.obj
                0x10005360                __aeabi_mem_init
 .text.memset   0x10005370        0xc CMakeFiles/zoner_full.dir/C_/Program_Files/Raspberry_Pi/Pico_SDK_v1.5.1/pico-sdk/src/rp2_common/pico_mem_ops/mem_ops_aeabi.S.obj
                0x10005370                __wrap_memset
 .text.memcpy   0x1000537c        0xc CMakeFiles/zoner_full.dir/C_/Program_Files/Raspberry_Pi/Pico_SDK_v1.5.1/pico-sdk/src/rp2_common/pico_mem_ops/mem_ops_aeabi.S.obj
                0x1000537c                __wrap_memcpy
                0x1000537c                __wrap___aeabi_memcpy
 .text.stdio_out_chars_no_crlf
                0x10005388        0xe CMakeFiles/zoner_full.dir/C_/Program_Files/Raspberry_Pi/Pico_SDK_v1.5.1/pico-sdk/src/rp2_common/pico_stdio/stdio.c.obj
 *fill*         0x10005396        0x2 
 .text.stdio_out_chars_crlf
                0x10005398       0x80 CMakeFiles/zoner_full.dir/C_/Program_Files/Raspberry_Pi/Pico_SDK_v1.5.1/pico-sdk/src/rp2_common/pico_stdio/stdio.c.obj
 .text.stdio_stack_buffer_flush
                0x10005418       0x44 CMakeFiles/zoner_full.dir/C_/Program_Files/Raspberry_Pi/Pico_SDK_v1.5.1/pico-sdk/src/rp2_common/pico_stdio/stdio.c.obj
 .text.stdio_buffered_printer
                0x1000545c       0x20 CMakeFiles/zoner_full.dir/C_/Program_Files/Raspberry_Pi/Pico_SDK_v1.5.1/pico-sdk/src/rp2_common/pico_stdio/stdio.c.obj
 .text.stdout_serialize_begin
                0x1000547c       0x5c CMakeFiles/zoner_full.dir/C_/Program_Files/Raspberry_Pi/Pico_SDK_v1.5.1/pico-sdk/src/rp2_common/pico_stdio/stdio.c.obj
                0x1000547c                stdout_serialize_begin
 .text.stdout_serialize_end
                0x100054d8       0x10 CMakeFiles/zoner_full.dir/C_/Program_Files/Raspberry_Pi/Pico_SDK_v1.5.1/pico-sdk/src/rp2_common/pico_stdio/stdio.c.obj
                0x100054d8                stdout_serialize_end
 .text.stdio_put_string
                0x100054e8       0x98 CMakeFiles/zoner_full.dir/C_/Program_Files/Raspberry_Pi/Pico_SDK_v1.5.1/pico-sdk/src/rp2_common/pico_stdio/stdio.c.obj
 .text.stdio_set_driver_enabled
                0x10005580       0x2c CMakeFiles/zoner_full.dir/C_/Program_Files/Raspberry_Pi/Pico_SDK_v1.5.1/pico-sdk/src/rp2_common/pico_stdio/stdio.c.obj
                0x10005580                stdio_set_driver_enabled
 .text.stdio_flush
                0x100055ac       0x20 CMakeFiles/zoner_full.dir/C_/Program_Files/Raspberry_Pi/Pico_SDK_v1.5.1/pico-sdk/src/rp2_common/pico_stdio/stdio.c.obj
                0x100055ac                stdio_flush
 .text.__wrap_puts
                0x100055cc       0x1e CMakeFiles/zoner_full.dir/C_/Program_Files/Raspberry_Pi/Pico_SDK_v1.5.1/pico-sdk/src/rp2_common/pico_stdio/stdio.c.obj
                0x100055cc                __wrap_puts
 *fill*         0x100055ea        0x2 
 .text.__wrap_vprintf
                0x100055ec       0x40 CMakeFiles/zoner_full.dir/C_/Program_Files/Raspberry_Pi/Pico_SDK_v1.5.1/pico-sdk/src/rp2_common/pico_stdio/stdio.c.obj
                0x100055ec                __wrap_vprintf
 .text.__wrap_printf
                0x1000562c       0x18 CMakeFiles/zoner_full.dir/C_/Program_Files/Raspberry_Pi/Pico_SDK_v1.5.1/pico-sdk/src/rp2_common/pico_stdio/stdio.c.obj
                0x1000562c                __wrap_printf
 .text.stdio_init_all
                0x10005644        0x8 CMakeFiles/zoner_full.dir/C_/Program_Files/Raspberry_Pi/Pico_SDK_v1.5.1/pico-sdk/src/rp2_common/pico_stdio/stdio.c.obj
                0x10005644                stdio_init_all
 .text.resetd_init
                0x1000564c        0x2 CMakeFiles/zoner_full.dir/C_/Program_Files/Raspberry_Pi/Pico_SDK_v1.5.1/pico-sdk/src/rp2_common/pico_stdio_usb/reset_interface.c.obj
 *fill*         0x1000564e        0x2 
 .text.resetd_reset
                0x10005650        0xc CMakeFiles/zoner_full.dir/C_/Program_Files/Raspberry_Pi/Pico_SDK_v1.5.1/pico-sdk/src/rp2_common/pico_stdio_usb/reset_interface.c.obj
 .text.resetd_open
                0x1000565c       0x34 CMakeFiles/zoner_full.dir/C_/Program_Files/Raspberry_Pi/Pico_SDK_v1.5.1/pico-sdk/src/rp2_common/pico_stdio_usb/reset_interface.c.obj
 .text.resetd_xfer_cb
                0x10005690        0x4 CMakeFiles/zoner_full.dir/C_/Program_Files/Raspberry_Pi/Pico_SDK_v1.5.1/pico-sdk/src/rp2_common/pico_stdio_usb/reset_interface.c.obj
 .text.reset_usb_boot
                0x10005694       0x18 CMakeFiles/zoner_full.dir/C_/Program_Files/Raspberry_Pi/Pico_SDK_v1.5.1/pico-sdk/src/rp2_common/pico_stdio_usb/reset_interface.c.obj
 .text.resetd_control_xfer_cb
                0x100056ac       0x5c CMakeFiles/zoner_full.dir/C_/Program_Files/Raspberry_Pi/Pico_SDK_v1.5.1/pico-sdk/src/rp2_common/pico_stdio_usb/reset_interface.c.obj
 .text.usbd_app_driver_get_cb
                0x10005708        0xc CMakeFiles/zoner_full.dir/C_/Program_Files/Raspberry_Pi/Pico_SDK_v1.5.1/pico-sdk/src/rp2_common/pico_stdio_usb/reset_interface.c.obj
                0x10005708                usbd_app_driver_get_cb
 .text.tud_cdc_line_coding_cb
                0x10005714       0x28 CMakeFiles/zoner_full.dir/C_/Program_Files/Raspberry_Pi/Pico_SDK_v1.5.1/pico-sdk/src/rp2_common/pico_stdio_usb/reset_interface.c.obj
                0x10005714                tud_cdc_line_coding_cb
 .text.stdio_usb_set_chars_available_callback
                0x1000573c       0x14 CMakeFiles/zoner_full.dir/C_/Program_Files/Raspberry_Pi/Pico_SDK_v1.5.1/pico-sdk/src/rp2_common/pico_stdio_usb/stdio_usb.c.obj
                0x1000573c                stdio_usb_set_chars_available_callback
 .text.usb_irq  0x10005750       0x10 CMakeFiles/zoner_full.dir/C_/Program_Files/Raspberry_Pi/Pico_SDK_v1.5.1/pico-sdk/src/rp2_common/pico_stdio_usb/stdio_usb.c.obj
 .text.timer_task
                0x10005760       0x5c CMakeFiles/zoner_full.dir/C_/Program_Files/Raspberry_Pi/Pico_SDK_v1.5.1/pico-sdk/src/rp2_common/pico_stdio_usb/stdio_usb.c.obj
 .text.low_priority_worker_irq
                0x100057bc       0xdc CMakeFiles/zoner_full.dir/C_/Program_Files/Raspberry_Pi/Pico_SDK_v1.5.1/pico-sdk/src/rp2_common/pico_stdio_usb/stdio_usb.c.obj
 .text.tud_cdc_rx_cb
                0x10005898       0x20 CMakeFiles/zoner_full.dir/C_/Program_Files/Raspberry_Pi/Pico_SDK_v1.5.1/pico-sdk/src/rp2_common/pico_stdio_usb/stdio_usb.c.obj
                0x10005898                tud_cdc_rx_cb
 .text.stdio_usb_init
                0x100058b8      0x11c CMakeFiles/zoner_full.dir/C_/Program_Files/Raspberry_Pi/Pico_SDK_v1.5.1/pico-sdk/src/rp2_common/pico_stdio_usb/stdio_usb.c.obj
                0x100058b8                stdio_usb_init
 .text.stdio_usb_connected
                0x100059d4        0xa CMakeFiles/zoner_full.dir/C_/Program_Files/Raspberry_Pi/Pico_SDK_v1.5.1/pico-sdk/src/rp2_common/pico_stdio_usb/stdio_usb.c.obj
                0x100059d4                stdio_usb_connected
 *fill*         0x100059de        0x2 
 .text.stdio_usb_in_chars
                0x100059e0       0xc4 CMakeFiles/zoner_full.dir/C_/Program_Files/Raspberry_Pi/Pico_SDK_v1.5.1/pico-sdk/src/rp2_common/pico_stdio_usb/stdio_usb.c.obj
                0x100059e0                stdio_usb_in_chars
 .text.stdio_usb_out_chars
                0x10005aa4      0x114 CMakeFiles/zoner_full.dir/C_/Program_Files/Raspberry_Pi/Pico_SDK_v1.5.1/pico-sdk/src/rp2_common/pico_stdio_usb/stdio_usb.c.obj
 .text.tud_descriptor_device_cb
                0x10005bb8        0x8 CMakeFiles/zoner_full.dir/C_/Program_Files/Raspberry_Pi/Pico_SDK_v1.5.1/pico-sdk/src/rp2_common/pico_stdio_usb/stdio_usb_descriptors.c.obj
                0x10005bb8                tud_descriptor_device_cb
 .text.tud_descriptor_configuration_cb
                0x10005bc0        0x8 CMakeFiles/zoner_full.dir/C_/Program_Files/Raspberry_Pi/Pico_SDK_v1.5.1/pico-sdk/src/rp2_common/pico_stdio_usb/stdio_usb_descriptors.c.obj
                0x10005bc0                tud_descriptor_configuration_cb
 .text.tud_descriptor_string_cb
                0x10005bc8       0x6c CMakeFiles/zoner_full.dir/C_/Program_Files/Raspberry_Pi/Pico_SDK_v1.5.1/pico-sdk/src/rp2_common/pico_stdio_usb/stdio_usb_descriptors.c.obj
                0x10005bc8                tud_descriptor_string_cb
 .text._retrieve_unique_id_on_boot
                0x10005c34       0x10 CMakeFiles/zoner_full.dir/C_/Program_Files/Raspberry_Pi/Pico_SDK_v1.5.1/pico-sdk/src/rp2_common/pico_unique_id/unique_id.c.obj
 .text.pico_get_unique_board_id_string
                0x10005c44       0x60 CMakeFiles/zoner_full.dir/C_/Program_Files/Raspberry_Pi/Pico_SDK_v1.5.1/pico-sdk/src/rp2_common/pico_unique_id/unique_id.c.obj
                0x10005c44                pico_get_unique_board_id_string
 .text.flash_get_unique_id
                0x10005ca4       0x46 CMakeFiles/zoner_full.dir/C_/Program_Files/Raspberry_Pi/Pico_SDK_v1.5.1/pico-sdk/src/rp2_common/hardware_flash/flash.c.obj
                0x10005ca4                flash_get_unique_id
 *fill*         0x10005cea        0x2 
 .text.hw_endpoint_get_by_addr
                0x10005cec       0x18 CMakeFiles/zoner_full.dir/C_/Program_Files/Raspberry_Pi/Pico_SDK_v1.5.1/pico-sdk/lib/tinyusb/src/portable/raspberrypi/rp2040/dcd_rp2040.c.obj
 .text._hw_endpoint_alloc
                0x10005d04       0x70 CMakeFiles/zoner_full.dir/C_/Program_Files/Raspberry_Pi/Pico_SDK_v1.5.1/pico-sdk/lib/tinyusb/src/portable/raspberrypi/rp2040/dcd_rp2040.c.obj
 .text.hw_endpoint_init
                0x10005d74       0x88 CMakeFiles/zoner_full.dir/C_/Program_Files/Raspberry_Pi/Pico_SDK_v1.5.1/pico-sdk/lib/tinyusb/src/portable/raspberrypi/rp2040/dcd_rp2040.c.obj
 .text.hw_endpoint_xfer
                0x10005dfc       0x14 CMakeFiles/zoner_full.dir/C_/Program_Files/Raspberry_Pi/Pico_SDK_v1.5.1/pico-sdk/lib/tinyusb/src/portable/raspberrypi/rp2040/dcd_rp2040.c.obj
 .text.dcd_int_enable
                0x10005e10       0x2c CMakeFiles/zoner_full.dir/C_/Program_Files/Raspberry_Pi/Pico_SDK_v1.5.1/pico-sdk/lib/tinyusb/src/portable/raspberrypi/rp2040/dcd_rp2040.c.obj
                0x10005e10                dcd_int_enable
 .text.dcd_set_address
                0x10005e3c       0x2c CMakeFiles/zoner_full.dir/C_/Program_Files/Raspberry_Pi/Pico_SDK_v1.5.1/pico-sdk/lib/tinyusb/src/portable/raspberrypi/rp2040/dcd_rp2040.c.obj
                0x10005e3c                dcd_set_address
 .text.dcd_connect
                0x10005e68       0x10 CMakeFiles/zoner_full.dir/C_/Program_Files/Raspberry_Pi/Pico_SDK_v1.5.1/pico-sdk/lib/tinyusb/src/portable/raspberrypi/rp2040/dcd_rp2040.c.obj
                0x10005e68                dcd_connect
 .text.dcd_init
                0x10005e78       0x80 CMakeFiles/zoner_full.dir/C_/Program_Files/Raspberry_Pi/Pico_SDK_v1.5.1/pico-sdk/lib/tinyusb/src/portable/raspberrypi/rp2040/dcd_rp2040.c.obj
                0x10005e78                dcd_init
 .text.dcd_edpt0_status_complete
                0x10005ef8       0x1c CMakeFiles/zoner_full.dir/C_/Program_Files/Raspberry_Pi/Pico_SDK_v1.5.1/pico-sdk/lib/tinyusb/src/portable/raspberrypi/rp2040/dcd_rp2040.c.obj
                0x10005ef8                dcd_edpt0_status_complete
 .text.dcd_edpt_open
                0x10005f14       0x40 CMakeFiles/zoner_full.dir/C_/Program_Files/Raspberry_Pi/Pico_SDK_v1.5.1/pico-sdk/lib/tinyusb/src/portable/raspberrypi/rp2040/dcd_rp2040.c.obj
                0x10005f14                dcd_edpt_open
 .text.dcd_edpt_close_all
                0x10005f54        0x8 CMakeFiles/zoner_full.dir/C_/Program_Files/Raspberry_Pi/Pico_SDK_v1.5.1/pico-sdk/lib/tinyusb/src/portable/raspberrypi/rp2040/dcd_rp2040.c.obj
                0x10005f54                dcd_edpt_close_all
 .text.dcd_edpt_xfer
                0x10005f5c       0x34 CMakeFiles/zoner_full.dir/C_/Program_Files/Raspberry_Pi/Pico_SDK_v1.5.1/pico-sdk/lib/tinyusb/src/portable/raspberrypi/rp2040/dcd_rp2040.c.obj
                0x10005f5c                dcd_edpt_xfer
 .text.dcd_edpt_stall
                0x10005f90       0x2c CMakeFiles/zoner_full.dir/C_/Program_Files/Raspberry_Pi/Pico_SDK_v1.5.1/pico-sdk/lib/tinyusb/src/portable/raspberrypi/rp2040/dcd_rp2040.c.obj
                0x10005f90                dcd_edpt_stall
 .text.dcd_edpt_clear_stall
                0x10005fbc       0x20 CMakeFiles/zoner_full.dir/C_/Program_Files/Raspberry_Pi/Pico_SDK_v1.5.1/pico-sdk/lib/tinyusb/src/portable/raspberrypi/rp2040/dcd_rp2040.c.obj
                0x10005fbc                dcd_edpt_clear_stall
 .text.rp2040_usb_init
                0x10005fdc       0x4c CMakeFiles/zoner_full.dir/C_/Program_Files/Raspberry_Pi/Pico_SDK_v1.5.1/pico-sdk/lib/tinyusb/src/portable/raspberrypi/rp2040/rp2040_usb.c.obj
                0x10005fdc                rp2040_usb_init
 .text.hw_endpoint_xfer_start
                0x10006028       0x50 CMakeFiles/zoner_full.dir/C_/Program_Files/Raspberry_Pi/Pico_SDK_v1.5.1/pico-sdk/lib/tinyusb/src/portable/raspberrypi/rp2040/rp2040_usb.c.obj
                0x10006028                hw_endpoint_xfer_start
 .text.configuration_reset
                0x10006078       0x84 CMakeFiles/zoner_full.dir/C_/Program_Files/Raspberry_Pi/Pico_SDK_v1.5.1/pico-sdk/lib/tinyusb/src/device/usbd.c.obj
 .text.usbd_reset
                0x100060fc        0xc CMakeFiles/zoner_full.dir/C_/Program_Files/Raspberry_Pi/Pico_SDK_v1.5.1/pico-sdk/lib/tinyusb/src/device/usbd.c.obj
 .text.invoke_class_control
                0x10006108       0x1a CMakeFiles/zoner_full.dir/C_/Program_Files/Raspberry_Pi/Pico_SDK_v1.5.1/pico-sdk/lib/tinyusb/src/device/usbd.c.obj
 *fill*         0x10006122        0x2 
 .text.process_set_config
                0x10006124      0x178 CMakeFiles/zoner_full.dir/C_/Program_Files/Raspberry_Pi/Pico_SDK_v1.5.1/pico-sdk/lib/tinyusb/src/device/usbd.c.obj
 .text.process_get_descriptor
                0x1000629c       0xdc CMakeFiles/zoner_full.dir/C_/Program_Files/Raspberry_Pi/Pico_SDK_v1.5.1/pico-sdk/lib/tinyusb/src/device/usbd.c.obj
 .text.tud_mounted
                0x10006378       0x10 CMakeFiles/zoner_full.dir/C_/Program_Files/Raspberry_Pi/Pico_SDK_v1.5.1/pico-sdk/lib/tinyusb/src/device/usbd.c.obj
                0x10006378                tud_mounted
 .text.tud_suspended
                0x10006388       0x10 CMakeFiles/zoner_full.dir/C_/Program_Files/Raspberry_Pi/Pico_SDK_v1.5.1/pico-sdk/lib/tinyusb/src/device/usbd.c.obj
                0x10006388                tud_suspended
 .text.tud_inited
                0x10006398       0x14 CMakeFiles/zoner_full.dir/C_/Program_Files/Raspberry_Pi/Pico_SDK_v1.5.1/pico-sdk/lib/tinyusb/src/device/usbd.c.obj
                0x10006398                tud_inited
 .text.tud_init
                0x100063ac       0xcc CMakeFiles/zoner_full.dir/C_/Program_Files/Raspberry_Pi/Pico_SDK_v1.5.1/pico-sdk/lib/tinyusb/src/device/usbd.c.obj
                0x100063ac                tud_init
 .text.usbd_defer_func
                0x10006478       0x2a CMakeFiles/zoner_full.dir/C_/Program_Files/Raspberry_Pi/Pico_SDK_v1.5.1/pico-sdk/lib/tinyusb/src/device/usbd.c.obj
                0x10006478                usbd_defer_func
 *fill*         0x100064a2        0x2 
 .text.usbd_edpt_open
                0x100064a4       0x34 CMakeFiles/zoner_full.dir/C_/Program_Files/Raspberry_Pi/Pico_SDK_v1.5.1/pico-sdk/lib/tinyusb/src/device/usbd.c.obj
                0x100064a4                usbd_edpt_open
 .text.usbd_open_edpt_pair
                0x100064d8       0x62 CMakeFiles/zoner_full.dir/C_/Program_Files/Raspberry_Pi/Pico_SDK_v1.5.1/pico-sdk/lib/tinyusb/src/device/usbd.c.obj
                0x100064d8                usbd_open_edpt_pair
 *fill*         0x1000653a        0x2 
 .text.usbd_edpt_claim
                0x1000653c       0x28 CMakeFiles/zoner_full.dir/C_/Program_Files/Raspberry_Pi/Pico_SDK_v1.5.1/pico-sdk/lib/tinyusb/src/device/usbd.c.obj
                0x1000653c                usbd_edpt_claim
 .text.usbd_edpt_release
                0x10006564       0x28 CMakeFiles/zoner_full.dir/C_/Program_Files/Raspberry_Pi/Pico_SDK_v1.5.1/pico-sdk/lib/tinyusb/src/device/usbd.c.obj
                0x10006564                usbd_edpt_release
 .text.usbd_edpt_xfer
                0x1000658c       0x78 CMakeFiles/zoner_full.dir/C_/Program_Files/Raspberry_Pi/Pico_SDK_v1.5.1/pico-sdk/lib/tinyusb/src/device/usbd.c.obj
                0x1000658c                usbd_edpt_xfer
 .text.usbd_edpt_stall
                0x10006604       0x48 CMakeFiles/zoner_full.dir/C_/Program_Files/Raspberry_Pi/Pico_SDK_v1.5.1/pico-sdk/lib/tinyusb/src/device/usbd.c.obj
                0x10006604                usbd_edpt_stall
 .text.usbd_edpt_clear_stall
                0x1000664c       0x48 CMakeFiles/zoner_full.dir/C_/Program_Files/Raspberry_Pi/Pico_SDK_v1.5.1/pico-sdk/lib/tinyusb/src/device/usbd.c.obj
                0x1000664c                usbd_edpt_clear_stall
 .text.usbd_edpt_stalled
                0x10006694       0x1c CMakeFiles/zoner_full.dir/C_/Program_Files/Raspberry_Pi/Pico_SDK_v1.5.1/pico-sdk/lib/tinyusb/src/device/usbd.c.obj
                0x10006694                usbd_edpt_stalled
 .text.process_control_request
                0x100066b0      0x37c CMakeFiles/zoner_full.dir/C_/Program_Files/Raspberry_Pi/Pico_SDK_v1.5.1/pico-sdk/lib/tinyusb/src/device/usbd.c.obj
 .text.tud_task_ext
                0x10006a2c      0x1b8 CMakeFiles/zoner_full.dir/C_/Program_Files/Raspberry_Pi/Pico_SDK_v1.5.1/pico-sdk/lib/tinyusb/src/device/usbd.c.obj
                0x10006a2c                tud_task_ext
 .text._data_stage_xact
                0x10006be4       0x58 CMakeFiles/zoner_full.dir/C_/Program_Files/Raspberry_Pi/Pico_SDK_v1.5.1/pico-sdk/lib/tinyusb/src/device/usbd_control.c.obj
 .text.tud_control_status
                0x10006c3c       0x38 CMakeFiles/zoner_full.dir/C_/Program_Files/Raspberry_Pi/Pico_SDK_v1.5.1/pico-sdk/lib/tinyusb/src/device/usbd_control.c.obj
                0x10006c3c                tud_control_status
 .text.tud_control_xfer
                0x10006c74       0x74 CMakeFiles/zoner_full.dir/C_/Program_Files/Raspberry_Pi/Pico_SDK_v1.5.1/pico-sdk/lib/tinyusb/src/device/usbd_control.c.obj
                0x10006c74                tud_control_xfer
 .text.usbd_control_reset
                0x10006ce8       0x14 CMakeFiles/zoner_full.dir/C_/Program_Files/Raspberry_Pi/Pico_SDK_v1.5.1/pico-sdk/lib/tinyusb/src/device/usbd_control.c.obj
                0x10006ce8                usbd_control_reset
 .text.usbd_control_set_complete_callback
                0x10006cfc        0xc CMakeFiles/zoner_full.dir/C_/Program_Files/Raspberry_Pi/Pico_SDK_v1.5.1/pico-sdk/lib/tinyusb/src/device/usbd_control.c.obj
                0x10006cfc                usbd_control_set_complete_callback
 .text.usbd_control_set_request
                0x10006d08       0x1c CMakeFiles/zoner_full.dir/C_/Program_Files/Raspberry_Pi/Pico_SDK_v1.5.1/pico-sdk/lib/tinyusb/src/device/usbd_control.c.obj
                0x10006d08                usbd_control_set_request
 .text.usbd_control_xfer_cb
                0x10006d24       0xcc CMakeFiles/zoner_full.dir/C_/Program_Files/Raspberry_Pi/Pico_SDK_v1.5.1/pico-sdk/lib/tinyusb/src/device/usbd_control.c.obj
                0x10006d24                usbd_control_xfer_cb
 .text._prep_out_transaction
                0x10006df0       0x4a CMakeFiles/zoner_full.dir/C_/Program_Files/Raspberry_Pi/Pico_SDK_v1.5.1/pico-sdk/lib/tinyusb/src/class/cdc/cdc_device.c.obj
 *fill*         0x10006e3a        0x2 
 .text.tud_cdc_n_connected
                0x10006e3c       0x44 CMakeFiles/zoner_full.dir/C_/Program_Files/Raspberry_Pi/Pico_SDK_v1.5.1/pico-sdk/lib/tinyusb/src/class/cdc/cdc_device.c.obj
                0x10006e3c                tud_cdc_n_connected
 .text.tud_cdc_n_available
                0x10006e80       0x18 CMakeFiles/zoner_full.dir/C_/Program_Files/Raspberry_Pi/Pico_SDK_v1.5.1/pico-sdk/lib/tinyusb/src/class/cdc/cdc_device.c.obj
                0x10006e80                tud_cdc_n_available
 .text.tud_cdc_n_read
                0x10006e98       0x28 CMakeFiles/zoner_full.dir/C_/Program_Files/Raspberry_Pi/Pico_SDK_v1.5.1/pico-sdk/lib/tinyusb/src/class/cdc/cdc_device.c.obj
                0x10006e98                tud_cdc_n_read
 .text.tud_cdc_n_write_flush
                0x10006ec0       0xb8 CMakeFiles/zoner_full.dir/C_/Program_Files/Raspberry_Pi/Pico_SDK_v1.5.1/pico-sdk/lib/tinyusb/src/class/cdc/cdc_device.c.obj
                0x10006ec0                tud_cdc_n_write_flush
 .text.tud_cdc_n_write
                0x10006f78       0x38 CMakeFiles/zoner_full.dir/C_/Program_Files/Raspberry_Pi/Pico_SDK_v1.5.1/pico-sdk/lib/tinyusb/src/class/cdc/cdc_device.c.obj
                0x10006f78                tud_cdc_n_write
 .text.tud_cdc_n_write_available
                0x10006fb0       0x1c CMakeFiles/zoner_full.dir/C_/Program_Files/Raspberry_Pi/Pico_SDK_v1.5.1/pico-sdk/lib/tinyusb/src/class/cdc/cdc_device.c.obj
                0x10006fb0                tud_cdc_n_write_available
 .text.cdcd_init
                0x10006fcc       0xbc CMakeFiles/zoner_full.dir/C_/Program_Files/Raspberry_Pi/Pico_SDK_v1.5.1/pico-sdk/lib/tinyusb/src/class/cdc/cdc_device.c.obj
                0x10006fcc                cdcd_init
 .text.cdcd_reset
                0x10007088       0x44 CMakeFiles/zoner_full.dir/C_/Program_Files/Raspberry_Pi/Pico_SDK_v1.5.1/pico-sdk/lib/tinyusb/src/class/cdc/cdc_device.c.obj
                0x10007088                cdcd_reset
 .text.cdcd_open
                0x100070cc       0xcc CMakeFiles/zoner_full.dir/C_/Program_Files/Raspberry_Pi/Pico_SDK_v1.5.1/pico-sdk/lib/tinyusb/src/class/cdc/cdc_device.c.obj
                0x100070cc                cdcd_open
 .text.cdcd_control_xfer_cb
                0x10007198      0x134 CMakeFiles/zoner_full.dir/C_/Program_Files/Raspberry_Pi/Pico_SDK_v1.5.1/pico-sdk/lib/tinyusb/src/class/cdc/cdc_device.c.obj
                0x10007198                cdcd_control_xfer_cb
 .text.cdcd_xfer_cb
                0x100072cc      0x130 CMakeFiles/zoner_full.dir/C_/Program_Files/Raspberry_Pi/Pico_SDK_v1.5.1/pico-sdk/lib/tinyusb/src/class/cdc/cdc_device.c.obj
                0x100072cc                cdcd_xfer_cb
 .text.tusb_init
                0x100073fc        0xa CMakeFiles/zoner_full.dir/C_/Program_Files/Raspberry_Pi/Pico_SDK_v1.5.1/pico-sdk/lib/tinyusb/src/tusb.c.obj
                0x100073fc                tusb_init
 .text.tusb_inited
                0x10007406        0xe CMakeFiles/zoner_full.dir/C_/Program_Files/Raspberry_Pi/Pico_SDK_v1.5.1/pico-sdk/lib/tinyusb/src/tusb.c.obj
                0x10007406                tusb_inited
 .text.tu_edpt_claim
                0x10007414       0x50 CMakeFiles/zoner_full.dir/C_/Program_Files/Raspberry_Pi/Pico_SDK_v1.5.1/pico-sdk/lib/tinyusb/src/tusb.c.obj
                0x10007414                tu_edpt_claim
 .text.tu_edpt_release
                0x10007464       0x3c CMakeFiles/zoner_full.dir/C_/Program_Files/Raspberry_Pi/Pico_SDK_v1.5.1/pico-sdk/lib/tinyusb/src/tusb.c.obj
                0x10007464                tu_edpt_release
 .text.tu_edpt_validate
                0x100074a0       0x78 CMakeFiles/zoner_full.dir/C_/Program_Files/Raspberry_Pi/Pico_SDK_v1.5.1/pico-sdk/lib/tinyusb/src/tusb.c.obj
                0x100074a0                tu_edpt_validate
 .text.tu_edpt_bind_driver
                0x10007518       0x26 CMakeFiles/zoner_full.dir/C_/Program_Files/Raspberry_Pi/Pico_SDK_v1.5.1/pico-sdk/lib/tinyusb/src/tusb.c.obj
                0x10007518                tu_edpt_bind_driver
 .text.advance_index
                0x1000753e       0x1a CMakeFiles/zoner_full.dir/C_/Program_Files/Raspberry_Pi/Pico_SDK_v1.5.1/pico-sdk/lib/tinyusb/src/common/tusb_fifo.c.obj
 .text._tu_fifo_peek
                0x10007558       0x56 CMakeFiles/zoner_full.dir/C_/Program_Files/Raspberry_Pi/Pico_SDK_v1.5.1/pico-sdk/lib/tinyusb/src/common/tusb_fifo.c.obj
 .text._ff_pull_const_addr
                0x100075ae       0x4c CMakeFiles/zoner_full.dir/C_/Program_Files/Raspberry_Pi/Pico_SDK_v1.5.1/pico-sdk/lib/tinyusb/src/common/tusb_fifo.c.obj
 .text._ff_pull_n
                0x100075fa      0x110 CMakeFiles/zoner_full.dir/C_/Program_Files/Raspberry_Pi/Pico_SDK_v1.5.1/pico-sdk/lib/tinyusb/src/common/tusb_fifo.c.obj
 .text._tu_fifo_peek_n
                0x1000770a       0x6a CMakeFiles/zoner_full.dir/C_/Program_Files/Raspberry_Pi/Pico_SDK_v1.5.1/pico-sdk/lib/tinyusb/src/common/tusb_fifo.c.obj
 .text._tu_fifo_read_n
                0x10007774       0x4e CMakeFiles/zoner_full.dir/C_/Program_Files/Raspberry_Pi/Pico_SDK_v1.5.1/pico-sdk/lib/tinyusb/src/common/tusb_fifo.c.obj
 .text._ff_push_const_addr
                0x100077c2       0x40 CMakeFiles/zoner_full.dir/C_/Program_Files/Raspberry_Pi/Pico_SDK_v1.5.1/pico-sdk/lib/tinyusb/src/common/tusb_fifo.c.obj
 .text._ff_push_n
                0x10007802      0x10c CMakeFiles/zoner_full.dir/C_/Program_Files/Raspberry_Pi/Pico_SDK_v1.5.1/pico-sdk/lib/tinyusb/src/common/tusb_fifo.c.obj
 .text._tu_fifo_write_n
                0x1000790e       0xf0 CMakeFiles/zoner_full.dir/C_/Program_Files/Raspberry_Pi/Pico_SDK_v1.5.1/pico-sdk/lib/tinyusb/src/common/tusb_fifo.c.obj
 .text.tu_fifo_config
                0x100079fe       0x7c CMakeFiles/zoner_full.dir/C_/Program_Files/Raspberry_Pi/Pico_SDK_v1.5.1/pico-sdk/lib/tinyusb/src/common/tusb_fifo.c.obj
                0x100079fe                tu_fifo_config
 .text.tu_fifo_count
                0x10007a7a       0x2a CMakeFiles/zoner_full.dir/C_/Program_Files/Raspberry_Pi/Pico_SDK_v1.5.1/pico-sdk/lib/tinyusb/src/common/tusb_fifo.c.obj
                0x10007a7a                tu_fifo_count
 .text.tu_fifo_empty
                0x10007aa4       0x10 CMakeFiles/zoner_full.dir/C_/Program_Files/Raspberry_Pi/Pico_SDK_v1.5.1/pico-sdk/lib/tinyusb/src/common/tusb_fifo.c.obj
                0x10007aa4                tu_fifo_empty
 .text.tu_fifo_full
                0x10007ab4       0x28 CMakeFiles/zoner_full.dir/C_/Program_Files/Raspberry_Pi/Pico_SDK_v1.5.1/pico-sdk/lib/tinyusb/src/common/tusb_fifo.c.obj
                0x10007ab4                tu_fifo_full
 .text.tu_fifo_remaining
                0x10007adc       0x2c CMakeFiles/zoner_full.dir/C_/Program_Files/Raspberry_Pi/Pico_SDK_v1.5.1/pico-sdk/lib/tinyusb/src/common/tusb_fifo.c.obj
                0x10007adc                tu_fifo_remaining
 .text.tu_fifo_read
                0x10007b08       0x42 CMakeFiles/zoner_full.dir/C_/Program_Files/Raspberry_Pi/Pico_SDK_v1.5.1/pico-sdk/lib/tinyusb/src/common/tusb_fifo.c.obj
                0x10007b08                tu_fifo_read
 .text.tu_fifo_read_n
                0x10007b4a        0xa CMakeFiles/zoner_full.dir/C_/Program_Files/Raspberry_Pi/Pico_SDK_v1.5.1/pico-sdk/lib/tinyusb/src/common/tusb_fifo.c.obj
                0x10007b4a                tu_fifo_read_n
 .text.tu_fifo_write
                0x10007b54       0x64 CMakeFiles/zoner_full.dir/C_/Program_Files/Raspberry_Pi/Pico_SDK_v1.5.1/pico-sdk/lib/tinyusb/src/common/tusb_fifo.c.obj
                0x10007b54                tu_fifo_write
 .text.tu_fifo_write_n
                0x10007bb8        0xa CMakeFiles/zoner_full.dir/C_/Program_Files/Raspberry_Pi/Pico_SDK_v1.5.1/pico-sdk/lib/tinyusb/src/common/tusb_fifo.c.obj
                0x10007bb8                tu_fifo_write_n
 .text.tu_fifo_clear
                0x10007bc2       0x3e CMakeFiles/zoner_full.dir/C_/Program_Files/Raspberry_Pi/Pico_SDK_v1.5.1/pico-sdk/lib/tinyusb/src/common/tusb_fifo.c.obj
                0x10007bc2                tu_fifo_clear
 .text.tu_fifo_set_overwritable
                0x10007c00       0x46 CMakeFiles/zoner_full.dir/C_/Program_Files/Raspberry_Pi/Pico_SDK_v1.5.1/pico-sdk/lib/tinyusb/src/common/tusb_fifo.c.obj
                0x10007c00                tu_fifo_set_overwritable
 *fill*         0x10007c46        0x2 
 .text._pio_can_add_program_at_offset
                0x10007c48       0x3c CMakeFiles/zoner_full.dir/C_/Program_Files/Raspberry_Pi/Pico_SDK_v1.5.1/pico-sdk/src/rp2_common/hardware_pio/pio.c.obj
 .text._pio_find_offset_for_program
                0x10007c84       0x7c CMakeFiles/zoner_full.dir/C_/Program_Files/Raspberry_Pi/Pico_SDK_v1.5.1/pico-sdk/src/rp2_common/hardware_pio/pio.c.obj
 .text._pio_add_program_at_offset
                0x10007d00       0x78 CMakeFiles/zoner_full.dir/C_/Program_Files/Raspberry_Pi/Pico_SDK_v1.5.1/pico-sdk/src/rp2_common/hardware_pio/pio.c.obj
 .text.pio_add_program
                0x10007d78       0x38 CMakeFiles/zoner_full.dir/C_/Program_Files/Raspberry_Pi/Pico_SDK_v1.5.1/pico-sdk/src/rp2_common/hardware_pio/pio.c.obj
                0x10007d78                pio_add_program
 .text.pio_sm_set_pins_with_mask
                0x10007db0       0x9a CMakeFiles/zoner_full.dir/C_/Program_Files/Raspberry_Pi/Pico_SDK_v1.5.1/pico-sdk/src/rp2_common/hardware_pio/pio.c.obj
                0x10007db0                pio_sm_set_pins_with_mask
 *fill*         0x10007e4a        0x2 
 .text.pio_sm_set_pindirs_with_mask
                0x10007e4c       0x9c CMakeFiles/zoner_full.dir/C_/Program_Files/Raspberry_Pi/Pico_SDK_v1.5.1/pico-sdk/src/rp2_common/hardware_pio/pio.c.obj
                0x10007e4c                pio_sm_set_pindirs_with_mask
 .text.pio_sm_init
                0x10007ee8       0xe4 CMakeFiles/zoner_full.dir/C_/Program_Files/Raspberry_Pi/Pico_SDK_v1.5.1/pico-sdk/src/rp2_common/hardware_pio/pio.c.obj
                0x10007ee8                pio_sm_init
 .text.i2c_write_blocking_internal
                0x10007fcc      0x140 CMakeFiles/zoner_full.dir/C_/Program_Files/Raspberry_Pi/Pico_SDK_v1.5.1/pico-sdk/src/rp2_common/hardware_i2c/i2c.c.obj
 .text.i2c_read_blocking_internal
                0x1000810c       0xe6 CMakeFiles/zoner_full.dir/C_/Program_Files/Raspberry_Pi/Pico_SDK_v1.5.1/pico-sdk/src/rp2_common/hardware_i2c/i2c.c.obj
 *fill*         0x100081f2        0x2 
 .text.i2c_set_baudrate
                0x100081f4       0xf0 CMakeFiles/zoner_full.dir/C_/Program_Files/Raspberry_Pi/Pico_SDK_v1.5.1/pico-sdk/src/rp2_common/hardware_i2c/i2c.c.obj
                0x100081f4                i2c_set_baudrate
 .text.i2c_init
                0x100082e4       0x58 CMakeFiles/zoner_full.dir/C_/Program_Files/Raspberry_Pi/Pico_SDK_v1.5.1/pico-sdk/src/rp2_common/hardware_i2c/i2c.c.obj
                0x100082e4                i2c_init
 .text.i2c_write_blocking
                0x1000833c       0x18 CMakeFiles/zoner_full.dir/C_/Program_Files/Raspberry_Pi/Pico_SDK_v1.5.1/pico-sdk/src/rp2_common/hardware_i2c/i2c.c.obj
                0x1000833c                i2c_write_blocking
 .text.i2c_read_blocking
                0x10008354       0x18 CMakeFiles/zoner_full.dir/C_/Program_Files/Raspberry_Pi/Pico_SDK_v1.5.1/pico-sdk/src/rp2_common/hardware_i2c/i2c.c.obj
                0x10008354                i2c_read_blocking
 .text.spi_set_baudrate
                0x1000836c       0xcc CMakeFiles/zoner_full.dir/C_/Program_Files/Raspberry_Pi/Pico_SDK_v1.5.1/pico-sdk/src/rp2_common/hardware_spi/spi.c.obj
                0x1000836c                spi_set_baudrate
 .text.spi_init
                0x10008438       0x74 CMakeFiles/zoner_full.dir/C_/Program_Files/Raspberry_Pi/Pico_SDK_v1.5.1/pico-sdk/src/rp2_common/hardware_spi/spi.c.obj
                0x10008438                spi_init
 .text.transmit_data
                0x100084ac       0x30 DFPlayerMini\libdf_player.a(df.c.obj)
                0x100084ac                transmit_data
 .text.checksum
                0x100084dc       0x34 DFPlayerMini\libdf_player.a(df.c.obj)
                0x100084dc                checksum
 .text.play_sound_immediatly
                0x10008510       0x1c DFPlayerMini\libdf_player.a(df.c.obj)
                0x10008510                play_sound_immediatly
 .text.set_volume
                0x1000852c       0x28 DFPlayerMini\libdf_player.a(df.c.obj)
                0x1000852c                set_volume
 .text.KBD_flush
                0x10008554       0xfc scan_kbd\libscan_kbd.a(scan_kbd.c.obj)
                0x10008554                KBD_flush
 .text.KBD_Init
                0x10008650      0x258 scan_kbd\libscan_kbd.a(scan_kbd.c.obj)
                0x10008650                KBD_Init
 .text.KBD_ReadKeypad
                0x100088a8       0x40 scan_kbd\libscan_kbd.a(scan_kbd.c.obj)
                0x100088a8                KBD_ReadKeypad
 .text.keypad_interrupt
                0x100088e8      0x5bc scan_kbd\libscan_kbd.a(scan_kbd.c.obj)
                0x100088e8                keypad_interrupt
 .text.channel_config
                0x10008ea4       0x1c Zoner\libzoner.a(zoner.c.obj)
                0x10008ea4                channel_config
 .text.zoner_tx
                0x10008ec0       0x7c Zoner\libzoner.a(zoner.c.obj)
                0x10008ec0                zoner_tx
 .text.write_register_all
                0x10008f3c       0x54 led_lib\libled_lib.a(led.c.obj)
                0x10008f3c                write_register_all
 .text.write_data
                0x10008f90       0x12 led_lib\libled_lib.a(led.c.obj)
                0x10008f90                write_data
 .text.put_pixel
                0x10008fa2        0x8 led_lib\libled_lib.a(led.c.obj)
                0x10008fa2                put_pixel
 *fill*         0x10008faa        0x2 
 .text.coord    0x10008fac       0x6c led_lib\libled_lib.a(led.c.obj)
                0x10008fac                coord
 .text.clear_display
                0x10009018       0x24 led_lib\libled_lib.a(led.c.obj)
                0x10009018                clear_display
 .text.LED_Init
                0x1000903c       0x6c led_lib\libled_lib.a(led.c.obj)
                0x1000903c                LED_Init
 .text.strlen   0x100090a8       0x5c c:/progra~2/gnuarm~1/102021~1.10/bin/../lib/gcc/arm-none-eabi/10.3.1/../../../../arm-none-eabi/lib/thumb/v6-m/nofp\libg.a(lib_a-strlen-stub.o)
                0x100090a8                strlen
 *(.fini)
 .fini          0x10009104        0x4 c:/progra~2/gnuarm~1/102021~1.10/bin/../lib/gcc/arm-none-eabi/10.3.1/thumb/v6-m/nofp/crti.o
                0x10009104                _fini
 .fini.__stub   0x10009108       0xf0 linker stubs
 *crtbegin.o(.ctors)
 *crtbegin?.o(.ctors)
 *(EXCLUDE_FILE(*crtend.o *crtend?.o) .ctors)
 *(SORT_BY_NAME(.ctors.*))
 *(.ctors)
 *crtbegin.o(.dtors)
 *crtbegin?.o(.dtors)
 *(EXCLUDE_FILE(*crtend.o *crtend?.o) .dtors)
 *(SORT_BY_NAME(.dtors.*))
 *(.dtors)
 *(.eh_frame*)
 .eh_frame      0x100091f8        0x0 c:/progra~2/gnuarm~1/102021~1.10/bin/../lib/gcc/arm-none-eabi/10.3.1/thumb/v6-m/nofp/crtbegin.o
                0x100091f8                . = ALIGN (0x4)

.glue_7         0x100091f8        0x0
 .glue_7        0x100091f8        0x0 linker stubs

.glue_7t        0x100091f8        0x0
 .glue_7t       0x100091f8        0x0 linker stubs

.vfp11_veneer   0x100091f8        0x0
 .vfp11_veneer  0x100091f8        0x0 linker stubs

.v4_bx          0x100091f8        0x0
 .v4_bx         0x100091f8        0x0 linker stubs

.iplt           0x100091f8        0x0
 .iplt          0x100091f8        0x0 c:/progra~2/gnuarm~1/102021~1.10/bin/../lib/gcc/arm-none-eabi/10.3.1/thumb/v6-m/nofp/crtbegin.o

.rodata         0x100091f8     0x1994
 *(EXCLUDE_FILE(*libm.a: *libc.a:*lib_a-mem*.o *libgcc.a:) .rodata*)
 .rodata.uart_pio_program
                0x100091f8        0x6 CMakeFiles/zoner_full.dir/main.c.obj
 *fill*         0x100091fe        0x2 
 .rodata.uart_pio_program_instructions
                0x10009200        0xa CMakeFiles/zoner_full.dir/main.c.obj
 *fill*         0x1000920a        0x2 
 .rodata.spin_lock_claim_unused.str1.4
                0x1000920c       0x1b CMakeFiles/zoner_full.dir/C_/Program_Files/Raspberry_Pi/Pico_SDK_v1.5.1/pico-sdk/src/rp2_common/hardware_sync/sync.c.obj
 *fill*         0x10009227        0x1 
 .rodata.make_branch.str1.4
                0x10009228       0x89 CMakeFiles/zoner_full.dir/C_/Program_Files/Raspberry_Pi/Pico_SDK_v1.5.1/pico-sdk/src/rp2_common/hardware_irq/irq.c.obj
 *fill*         0x100092b1        0x3 
 .rodata.insert_branch_and_link.str1.4
                0x100092b4       0x10 CMakeFiles/zoner_full.dir/C_/Program_Files/Raspberry_Pi/Pico_SDK_v1.5.1/pico-sdk/src/rp2_common/hardware_irq/irq.c.obj
 .rodata.irq_set_exclusive_handler.str1.4
                0x100092c4       0x36 CMakeFiles/zoner_full.dir/C_/Program_Files/Raspberry_Pi/Pico_SDK_v1.5.1/pico-sdk/src/rp2_common/hardware_irq/irq.c.obj
 *fill*         0x100092fa        0x2 
 .rodata.irq_add_shared_handler.str1.4
                0x100092fc       0xd9 CMakeFiles/zoner_full.dir/C_/Program_Files/Raspberry_Pi/Pico_SDK_v1.5.1/pico-sdk/src/rp2_common/hardware_irq/irq.c.obj
 *fill*         0x100093d5        0x3 
 .rodata.irq_remove_handler.str1.4
                0x100093d8       0x3a CMakeFiles/zoner_full.dir/C_/Program_Files/Raspberry_Pi/Pico_SDK_v1.5.1/pico-sdk/src/rp2_common/hardware_irq/irq.c.obj
 *fill*         0x10009412        0x2 
 .rodata.irq_add_tail_to_free_list.str1.4
                0x10009414       0x3a CMakeFiles/zoner_full.dir/C_/Program_Files/Raspberry_Pi/Pico_SDK_v1.5.1/pico-sdk/src/rp2_common/hardware_irq/irq.c.obj
 *fill*         0x1000944e        0x2 
 .rodata.user_irq_claim_unused.str1.4
                0x10009450       0x1b CMakeFiles/zoner_full.dir/C_/Program_Files/Raspberry_Pi/Pico_SDK_v1.5.1/pico-sdk/src/rp2_common/hardware_irq/irq.c.obj
 *fill*         0x1000946b        0x1 
 .rodata.__func__.0
                0x1000946c       0x1a CMakeFiles/zoner_full.dir/C_/Program_Files/Raspberry_Pi/Pico_SDK_v1.5.1/pico-sdk/src/rp2_common/hardware_irq/irq.c.obj
 *fill*         0x10009486        0x2 
 .rodata.__func__.1
                0x10009488       0x17 CMakeFiles/zoner_full.dir/C_/Program_Files/Raspberry_Pi/Pico_SDK_v1.5.1/pico-sdk/src/rp2_common/hardware_irq/irq.c.obj
 *fill*         0x1000949f        0x1 
 .rodata.__func__.2
                0x100094a0       0x13 CMakeFiles/zoner_full.dir/C_/Program_Files/Raspberry_Pi/Pico_SDK_v1.5.1/pico-sdk/src/rp2_common/hardware_irq/irq.c.obj
 *fill*         0x100094b3        0x1 
 .rodata.__func__.3
                0x100094b4        0xc CMakeFiles/zoner_full.dir/C_/Program_Files/Raspberry_Pi/Pico_SDK_v1.5.1/pico-sdk/src/rp2_common/hardware_irq/irq.c.obj
 .rodata.__func__.4
                0x100094c0        0xf CMakeFiles/zoner_full.dir/C_/Program_Files/Raspberry_Pi/Pico_SDK_v1.5.1/pico-sdk/src/rp2_common/hardware_irq/irq.c.obj
 *fill*         0x100094cf        0x1 
 .rodata.__func__.5
                0x100094d0       0x17 CMakeFiles/zoner_full.dir/C_/Program_Files/Raspberry_Pi/Pico_SDK_v1.5.1/pico-sdk/src/rp2_common/hardware_irq/irq.c.obj
 *fill*         0x100094e7        0x1 
 .rodata.__func__.6
                0x100094e8       0x1a CMakeFiles/zoner_full.dir/C_/Program_Files/Raspberry_Pi/Pico_SDK_v1.5.1/pico-sdk/src/rp2_common/hardware_irq/irq.c.obj
 *fill*         0x10009502        0x2 
 .rodata.str1.4
                0x10009504      0x115 CMakeFiles/zoner_full.dir/C_/Program_Files/Raspberry_Pi/Pico_SDK_v1.5.1/pico-sdk/src/common/pico_sync/mutex.c.obj
 *fill*         0x10009619        0x3 
 .rodata.__func__.1
                0x1000961c        0xb CMakeFiles/zoner_full.dir/C_/Program_Files/Raspberry_Pi/Pico_SDK_v1.5.1/pico-sdk/src/common/pico_sync/mutex.c.obj
 *fill*         0x10009627        0x1 
 .rodata.__func__.3
                0x10009628       0x18 CMakeFiles/zoner_full.dir/C_/Program_Files/Raspberry_Pi/Pico_SDK_v1.5.1/pico-sdk/src/common/pico_sync/mutex.c.obj
 .rodata.__func__.4
                0x10009640       0x15 CMakeFiles/zoner_full.dir/C_/Program_Files/Raspberry_Pi/Pico_SDK_v1.5.1/pico-sdk/src/common/pico_sync/mutex.c.obj
 *fill*         0x10009655        0x3 
 .rodata.repeating_timer_callback.str1.4
                0x10009658       0x67 CMakeFiles/zoner_full.dir/C_/Program_Files/Raspberry_Pi/Pico_SDK_v1.5.1/pico-sdk/src/common/pico_time/time.c.obj
 *fill*         0x100096bf        0x1 
 .rodata.timer_pool_entry_comparator.str1.4
                0x100096c0       0x22 CMakeFiles/zoner_full.dir/C_/Program_Files/Raspberry_Pi/Pico_SDK_v1.5.1/pico-sdk/src/common/pico_time/time.c.obj
 *fill*         0x100096e2        0x2 
 .rodata.ph_add_child_node.str1.4
                0x100096e4       0xa2 CMakeFiles/zoner_full.dir/C_/Program_Files/Raspberry_Pi/Pico_SDK_v1.5.1/pico-sdk/src/common/pico_time/time.c.obj
 *fill*         0x10009786        0x2 
 .rodata.add_alarm_under_lock.str1.4
                0x10009788       0x28 CMakeFiles/zoner_full.dir/C_/Program_Files/Raspberry_Pi/Pico_SDK_v1.5.1/pico-sdk/src/common/pico_time/time.c.obj
                                 0x2b (size before relaxing)
 .rodata.alarm_pool_alarm_callback.str1.4
                0x100097b0       0x98 CMakeFiles/zoner_full.dir/C_/Program_Files/Raspberry_Pi/Pico_SDK_v1.5.1/pico-sdk/src/common/pico_time/time.c.obj
                                0x108 (size before relaxing)
 .rodata.alarm_pool_get_default.str1.4
                0x10009848       0x21 CMakeFiles/zoner_full.dir/C_/Program_Files/Raspberry_Pi/Pico_SDK_v1.5.1/pico-sdk/src/common/pico_time/time.c.obj
 *fill*         0x10009869        0x3 
 .rodata.alarm_pool_cancel_alarm.str1.4
                0x1000986c       0x27 CMakeFiles/zoner_full.dir/C_/Program_Files/Raspberry_Pi/Pico_SDK_v1.5.1/pico-sdk/src/common/pico_time/time.c.obj
 *fill*         0x10009893        0x1 
 .rodata.sleep_until.str1.4
                0x10009894       0x4d CMakeFiles/zoner_full.dir/C_/Program_Files/Raspberry_Pi/Pico_SDK_v1.5.1/pico-sdk/src/common/pico_time/time.c.obj
 *fill*         0x100098e1        0x3 
 .rodata.__func__.1
                0x100098e4       0x18 CMakeFiles/zoner_full.dir/C_/Program_Files/Raspberry_Pi/Pico_SDK_v1.5.1/pico-sdk/src/common/pico_time/time.c.obj
 .rodata.__func__.10
                0x100098fc       0x15 CMakeFiles/zoner_full.dir/C_/Program_Files/Raspberry_Pi/Pico_SDK_v1.5.1/pico-sdk/src/common/pico_time/time.c.obj
 *fill*         0x10009911        0x3 
 .rodata.__func__.11
                0x10009914       0x1a CMakeFiles/zoner_full.dir/C_/Program_Files/Raspberry_Pi/Pico_SDK_v1.5.1/pico-sdk/src/common/pico_time/time.c.obj
 *fill*         0x1000992e        0x2 
 .rodata.__func__.12
                0x10009930        0xa CMakeFiles/zoner_full.dir/C_/Program_Files/Raspberry_Pi/Pico_SDK_v1.5.1/pico-sdk/src/common/pico_time/time.c.obj
 *fill*         0x1000993a        0x2 
 .rodata.__func__.3
                0x1000993c       0x17 CMakeFiles/zoner_full.dir/C_/Program_Files/Raspberry_Pi/Pico_SDK_v1.5.1/pico-sdk/src/common/pico_time/time.c.obj
 *fill*         0x10009953        0x1 
 .rodata.__func__.4
                0x10009954       0x12 CMakeFiles/zoner_full.dir/C_/Program_Files/Raspberry_Pi/Pico_SDK_v1.5.1/pico-sdk/src/common/pico_time/time.c.obj
 *fill*         0x10009966        0x2 
 .rodata.__func__.5
                0x10009968        0xd CMakeFiles/zoner_full.dir/C_/Program_Files/Raspberry_Pi/Pico_SDK_v1.5.1/pico-sdk/src/common/pico_time/time.c.obj
 *fill*         0x10009975        0x3 
 .rodata.__func__.6
                0x10009978       0x12 CMakeFiles/zoner_full.dir/C_/Program_Files/Raspberry_Pi/Pico_SDK_v1.5.1/pico-sdk/src/common/pico_time/time.c.obj
 *fill*         0x1000998a        0x2 
 .rodata.__func__.7
                0x1000998c        0xf CMakeFiles/zoner_full.dir/C_/Program_Files/Raspberry_Pi/Pico_SDK_v1.5.1/pico-sdk/src/common/pico_time/time.c.obj
 *fill*         0x1000999b        0x1 
 .rodata.__func__.8
                0x1000999c        0xc CMakeFiles/zoner_full.dir/C_/Program_Files/Raspberry_Pi/Pico_SDK_v1.5.1/pico-sdk/src/common/pico_time/time.c.obj
 .rodata.__func__.9
                0x100099a8       0x15 CMakeFiles/zoner_full.dir/C_/Program_Files/Raspberry_Pi/Pico_SDK_v1.5.1/pico-sdk/src/common/pico_time/time.c.obj
 *fill*         0x100099bd        0x3 
 .rodata.hardware_alarm_claim.str1.4
                0x100099c0       0x22 CMakeFiles/zoner_full.dir/C_/Program_Files/Raspberry_Pi/Pico_SDK_v1.5.1/pico-sdk/src/rp2_common/hardware_timer/timer.c.obj
 .rodata.busy_wait_us.str1.4
                0x100099e2       0x6e CMakeFiles/zoner_full.dir/C_/Program_Files/Raspberry_Pi/Pico_SDK_v1.5.1/pico-sdk/src/rp2_common/hardware_timer/timer.c.obj
 *fill*         0x100099e2        0x2 
 .rodata.hardware_alarm_set_target.str1.4
                0x100099e4       0x81 CMakeFiles/zoner_full.dir/C_/Program_Files/Raspberry_Pi/Pico_SDK_v1.5.1/pico-sdk/src/rp2_common/hardware_timer/timer.c.obj
 *fill*         0x10009a65        0x3 
 .rodata.__func__.0
                0x10009a68       0x1a CMakeFiles/zoner_full.dir/C_/Program_Files/Raspberry_Pi/Pico_SDK_v1.5.1/pico-sdk/src/rp2_common/hardware_timer/timer.c.obj
 *fill*         0x10009a82        0x2 
 .rodata.__func__.1
                0x10009a84       0x15 CMakeFiles/zoner_full.dir/C_/Program_Files/Raspberry_Pi/Pico_SDK_v1.5.1/pico-sdk/src/rp2_common/hardware_timer/timer.c.obj
 .rodata.ph_add_child_node.str1.4
                0x10009a99       0xa2 CMakeFiles/zoner_full.dir/C_/Program_Files/Raspberry_Pi/Pico_SDK_v1.5.1/pico-sdk/src/common/pico_util/pheap.c.obj
 *fill*         0x10009a99        0x3 
 .rodata.ph_remove_any_head.str1.4
                0x10009a9c       0xa8 CMakeFiles/zoner_full.dir/C_/Program_Files/Raspberry_Pi/Pico_SDK_v1.5.1/pico-sdk/src/common/pico_util/pheap.c.obj
                                 0xbc (size before relaxing)
 .rodata.ph_remove_and_free_node.str1.4
                0x10009b44       0x1e CMakeFiles/zoner_full.dir/C_/Program_Files/Raspberry_Pi/Pico_SDK_v1.5.1/pico-sdk/src/common/pico_util/pheap.c.obj
                                 0x26 (size before relaxing)
 *fill*         0x10009b62        0x2 
 .rodata.__func__.0
                0x10009b64       0x18 CMakeFiles/zoner_full.dir/C_/Program_Files/Raspberry_Pi/Pico_SDK_v1.5.1/pico-sdk/src/common/pico_util/pheap.c.obj
 .rodata.__func__.1
                0x10009b7c       0x13 CMakeFiles/zoner_full.dir/C_/Program_Files/Raspberry_Pi/Pico_SDK_v1.5.1/pico-sdk/src/common/pico_util/pheap.c.obj
 *fill*         0x10009b8f        0x1 
 .rodata.__func__.2
                0x10009b90       0x12 CMakeFiles/zoner_full.dir/C_/Program_Files/Raspberry_Pi/Pico_SDK_v1.5.1/pico-sdk/src/common/pico_util/pheap.c.obj
 *fill*         0x10009ba2        0x2 
 .rodata.__func__.3
                0x10009ba4        0xc CMakeFiles/zoner_full.dir/C_/Program_Files/Raspberry_Pi/Pico_SDK_v1.5.1/pico-sdk/src/common/pico_util/pheap.c.obj
 .rodata.clock_configure.str1.4
                0x10009bb0       0x73 CMakeFiles/zoner_full.dir/C_/Program_Files/Raspberry_Pi/Pico_SDK_v1.5.1/pico-sdk/src/rp2_common/hardware_clocks/clocks.c.obj
 *fill*         0x10009c23        0x1 
 .rodata.__func__.1
                0x10009c24       0x10 CMakeFiles/zoner_full.dir/C_/Program_Files/Raspberry_Pi/Pico_SDK_v1.5.1/pico-sdk/src/rp2_common/hardware_clocks/clocks.c.obj
 .rodata.pll_init.str1.4
                0x10009c34      0x140 CMakeFiles/zoner_full.dir/C_/Program_Files/Raspberry_Pi/Pico_SDK_v1.5.1/pico-sdk/src/rp2_common/hardware_pll/pll.c.obj
 .rodata.__func__.0
                0x10009d74        0x9 CMakeFiles/zoner_full.dir/C_/Program_Files/Raspberry_Pi/Pico_SDK_v1.5.1/pico-sdk/src/rp2_common/hardware_pll/pll.c.obj
 *fill*         0x10009d7d        0x3 
 .rodata.__assert_func.str1.4
                0x10009d80       0x3f CMakeFiles/zoner_full.dir/C_/Program_Files/Raspberry_Pi/Pico_SDK_v1.5.1/pico-sdk/src/rp2_common/pico_runtime/runtime.c.obj
                                 0x43 (size before relaxing)
 *fill*         0x10009dbf        0x1 
 .rodata.runtime_init.str1.4
                0x10009dc0       0x7d CMakeFiles/zoner_full.dir/C_/Program_Files/Raspberry_Pi/Pico_SDK_v1.5.1/pico-sdk/src/rp2_common/pico_runtime/runtime.c.obj
 *fill*         0x10009e3d        0x3 
 .rodata.panic.str1.4
                0x10009e40       0x12 CMakeFiles/zoner_full.dir/C_/Program_Files/Raspberry_Pi/Pico_SDK_v1.5.1/pico-sdk/src/rp2_common/pico_runtime/runtime.c.obj
 *fill*         0x10009e52        0x2 
 .rodata.__func__.2
                0x10009e54        0xd CMakeFiles/zoner_full.dir/C_/Program_Files/Raspberry_Pi/Pico_SDK_v1.5.1/pico-sdk/src/rp2_common/pico_runtime/runtime.c.obj
 *fill*         0x10009e61        0x3 
 .rodata._ftoa.str1.4
                0x10009e64       0x15 CMakeFiles/zoner_full.dir/C_/Program_Files/Raspberry_Pi/Pico_SDK_v1.5.1/pico-sdk/src/rp2_common/pico_printf/printf.c.obj
 *fill*         0x10009e79        0x3 
 .rodata._vsnprintf
                0x10009e7c      0x1e0 CMakeFiles/zoner_full.dir/C_/Program_Files/Raspberry_Pi/Pico_SDK_v1.5.1/pico-sdk/src/rp2_common/pico_printf/printf.c.obj
 *fill*         0x1000a05c        0x4 
 .rodata.pow10.0
                0x1000a060       0x50 CMakeFiles/zoner_full.dir/C_/Program_Files/Raspberry_Pi/Pico_SDK_v1.5.1/pico-sdk/src/rp2_common/pico_printf/printf.c.obj
 .rodata.__aeabi_double_init.str1.4
                0x1000a0b0       0xb8 CMakeFiles/zoner_full.dir/C_/Program_Files/Raspberry_Pi/Pico_SDK_v1.5.1/pico-sdk/src/rp2_common/pico_double/double_init_rom.c.obj
 .rodata.__func__.0
                0x1000a168       0x14 CMakeFiles/zoner_full.dir/C_/Program_Files/Raspberry_Pi/Pico_SDK_v1.5.1/pico-sdk/src/rp2_common/pico_double/double_init_rom.c.obj
 .rodata.__aeabi_float_init.str1.4
                0x1000a17c       0x96 CMakeFiles/zoner_full.dir/C_/Program_Files/Raspberry_Pi/Pico_SDK_v1.5.1/pico-sdk/src/rp2_common/pico_float/float_init_rom.c.obj
                                 0x9a (size before relaxing)
 *fill*         0x1000a212        0x2 
 .rodata.__func__.0
                0x1000a214       0x13 CMakeFiles/zoner_full.dir/C_/Program_Files/Raspberry_Pi/Pico_SDK_v1.5.1/pico-sdk/src/rp2_common/pico_float/float_init_rom.c.obj
 *fill*         0x1000a227        0x1 
 .rodata.str1.4
                0x1000a228       0x7c CMakeFiles/zoner_full.dir/C_/Program_Files/Raspberry_Pi/Pico_SDK_v1.5.1/pico-sdk/src/rp2_common/pico_standard_link/binary_info.c.obj
 .rodata.__bi_44
                0x1000a2a4        0xc CMakeFiles/zoner_full.dir/C_/Program_Files/Raspberry_Pi/Pico_SDK_v1.5.1/pico-sdk/src/rp2_common/pico_standard_link/binary_info.c.obj
 .rodata.__bi_69
                0x1000a2b0        0xc CMakeFiles/zoner_full.dir/C_/Program_Files/Raspberry_Pi/Pico_SDK_v1.5.1/pico-sdk/src/rp2_common/pico_standard_link/binary_info.c.obj
 .rodata.__bi_75
                0x1000a2bc        0xc CMakeFiles/zoner_full.dir/C_/Program_Files/Raspberry_Pi/Pico_SDK_v1.5.1/pico-sdk/src/rp2_common/pico_standard_link/binary_info.c.obj
 .rodata.__bi_81
                0x1000a2c8        0xc CMakeFiles/zoner_full.dir/C_/Program_Files/Raspberry_Pi/Pico_SDK_v1.5.1/pico-sdk/src/rp2_common/pico_standard_link/binary_info.c.obj
 .rodata.stdout_serialize_begin.str1.4
                0x1000a2d4       0x6e CMakeFiles/zoner_full.dir/C_/Program_Files/Raspberry_Pi/Pico_SDK_v1.5.1/pico-sdk/src/rp2_common/pico_stdio/stdio.c.obj
 .rodata.__func__.3
                0x1000a2d4       0x15 CMakeFiles/zoner_full.dir/C_/Program_Files/Raspberry_Pi/Pico_SDK_v1.5.1/pico-sdk/src/rp2_common/pico_stdio/stdio.c.obj
 *fill*         0x1000a2e9        0x3 
 .rodata.crlf_str.2
                0x1000a2ec        0x2 CMakeFiles/zoner_full.dir/C_/Program_Files/Raspberry_Pi/Pico_SDK_v1.5.1/pico-sdk/src/rp2_common/pico_stdio/stdio.c.obj
 *fill*         0x1000a2ee        0x2 
 .rodata._resetd_driver
                0x1000a2f0       0x18 CMakeFiles/zoner_full.dir/C_/Program_Files/Raspberry_Pi/Pico_SDK_v1.5.1/pico-sdk/src/rp2_common/pico_stdio_usb/reset_interface.c.obj
 .rodata.low_priority_worker_irq.str1.4
                0x1000a308       0x6e CMakeFiles/zoner_full.dir/C_/Program_Files/Raspberry_Pi/Pico_SDK_v1.5.1/pico-sdk/src/rp2_common/pico_stdio_usb/stdio_usb.c.obj
 .rodata.stdio_usb_init.str1.4
                0x1000a308       0x61 CMakeFiles/zoner_full.dir/C_/Program_Files/Raspberry_Pi/Pico_SDK_v1.5.1/pico-sdk/src/rp2_common/pico_stdio_usb/stdio_usb.c.obj
                                 0x69 (size before relaxing)
 *fill*         0x1000a369        0x3 
 .rodata.str1.4
                0x1000a36c       0x13 CMakeFiles/zoner_full.dir/C_/Program_Files/Raspberry_Pi/Pico_SDK_v1.5.1/pico-sdk/src/rp2_common/pico_stdio_usb/stdio_usb.c.obj
 *fill*         0x1000a37f        0x1 
 .rodata.__bi_182.0
                0x1000a380        0xc CMakeFiles/zoner_full.dir/C_/Program_Files/Raspberry_Pi/Pico_SDK_v1.5.1/pico-sdk/src/rp2_common/pico_stdio_usb/stdio_usb.c.obj
 .rodata.__func__.1
                0x1000a38c        0xf CMakeFiles/zoner_full.dir/C_/Program_Files/Raspberry_Pi/Pico_SDK_v1.5.1/pico-sdk/src/rp2_common/pico_stdio_usb/stdio_usb.c.obj
 *fill*         0x1000a39b        0x1 
 .rodata.__func__.3
                0x1000a39c       0x15 CMakeFiles/zoner_full.dir/C_/Program_Files/Raspberry_Pi/Pico_SDK_v1.5.1/pico-sdk/src/rp2_common/pico_stdio_usb/stdio_usb.c.obj
 *fill*         0x1000a3b1        0x3 
 .rodata.str1.4
                0x1000a3b4       0x2a CMakeFiles/zoner_full.dir/C_/Program_Files/Raspberry_Pi/Pico_SDK_v1.5.1/pico-sdk/src/rp2_common/pico_stdio_usb/stdio_usb_descriptors.c.obj
 *fill*         0x1000a3de        0x2 
 .rodata.usbd_desc_cfg
                0x1000a3e0       0x54 CMakeFiles/zoner_full.dir/C_/Program_Files/Raspberry_Pi/Pico_SDK_v1.5.1/pico-sdk/src/rp2_common/pico_stdio_usb/stdio_usb_descriptors.c.obj
 .rodata.usbd_desc_device
                0x1000a434       0x12 CMakeFiles/zoner_full.dir/C_/Program_Files/Raspberry_Pi/Pico_SDK_v1.5.1/pico-sdk/src/rp2_common/pico_stdio_usb/stdio_usb_descriptors.c.obj
 *fill*         0x1000a446        0x2 
 .rodata.usbd_desc_str
                0x1000a448       0x18 CMakeFiles/zoner_full.dir/C_/Program_Files/Raspberry_Pi/Pico_SDK_v1.5.1/pico-sdk/src/rp2_common/pico_stdio_usb/stdio_usb_descriptors.c.obj
 .rodata.pico_get_unique_board_id_string.str1.4
                0x1000a460       0x69 CMakeFiles/zoner_full.dir/C_/Program_Files/Raspberry_Pi/Pico_SDK_v1.5.1/pico-sdk/src/rp2_common/pico_unique_id/unique_id.c.obj
 *fill*         0x1000a4c9        0x3 
 .rodata.__func__.0
                0x1000a4cc       0x20 CMakeFiles/zoner_full.dir/C_/Program_Files/Raspberry_Pi/Pico_SDK_v1.5.1/pico-sdk/src/rp2_common/pico_unique_id/unique_id.c.obj
 .rodata.str1.4
                0x1000a4ec      0x176 CMakeFiles/zoner_full.dir/C_/Program_Files/Raspberry_Pi/Pico_SDK_v1.5.1/pico-sdk/src/rp2_common/hardware_flash/flash.c.obj
 *fill*         0x1000a662        0x2 
 .rodata.__func__.0
                0x1000a664        0xd CMakeFiles/zoner_full.dir/C_/Program_Files/Raspberry_Pi/Pico_SDK_v1.5.1/pico-sdk/src/rp2_common/hardware_flash/flash.c.obj
 *fill*         0x1000a671        0x3 
 .rodata._hw_endpoint_alloc.str1.4
                0x1000a674       0xd1 CMakeFiles/zoner_full.dir/C_/Program_Files/Raspberry_Pi/Pico_SDK_v1.5.1/pico-sdk/lib/tinyusb/src/portable/raspberrypi/rp2040/dcd_rp2040.c.obj
 *fill*         0x1000a745        0x3 
 .rodata.str1.4
                0x1000a748       0x14 CMakeFiles/zoner_full.dir/C_/Program_Files/Raspberry_Pi/Pico_SDK_v1.5.1/pico-sdk/lib/tinyusb/src/portable/raspberrypi/rp2040/dcd_rp2040.c.obj
 .rodata.dcd_int_enable.str1.4
                0x1000a75c        0xc CMakeFiles/zoner_full.dir/C_/Program_Files/Raspberry_Pi/Pico_SDK_v1.5.1/pico-sdk/lib/tinyusb/src/portable/raspberrypi/rp2040/dcd_rp2040.c.obj
 .rodata.__func__.0
                0x1000a768        0xe CMakeFiles/zoner_full.dir/C_/Program_Files/Raspberry_Pi/Pico_SDK_v1.5.1/pico-sdk/lib/tinyusb/src/portable/raspberrypi/rp2040/dcd_rp2040.c.obj
 *fill*         0x1000a776        0x2 
 .rodata.__func__.1
                0x1000a778        0xe CMakeFiles/zoner_full.dir/C_/Program_Files/Raspberry_Pi/Pico_SDK_v1.5.1/pico-sdk/lib/tinyusb/src/portable/raspberrypi/rp2040/dcd_rp2040.c.obj
 *fill*         0x1000a786        0x2 
 .rodata.__func__.3
                0x1000a788       0x10 CMakeFiles/zoner_full.dir/C_/Program_Files/Raspberry_Pi/Pico_SDK_v1.5.1/pico-sdk/lib/tinyusb/src/portable/raspberrypi/rp2040/dcd_rp2040.c.obj
 .rodata.__func__.5